Open On-Chip Debugger 0.12.0
Licensed under GNU GPL v2
For bug reports, read
	http://openocd.org/doc/doxygen/bugs.html
run_packed_probe
Info : STLINK V2J43M28 (API v2) VID:PID 0483:3752
Info : Target voltage: 3.268526
Info : Unable to match requested speed 1000 kHz, using 950 kHz
Info : Unable to match requested speed 1000 kHz, using 950 kHz
Info : clock speed 950 kHz
Info : stlink_dap_op_connect(connect)
Info : SWD DPIDR 0x6ba02477
Info : [stm32h7r3.cpu0] Cortex-M7 r1p2 processor detected
Info : [stm32h7r3.cpu0] target has 8 breakpoints, 4 watchpoints
Info : starting gdb server for stm32h7r3.cpu0 on 3333
Info : Listening on port 3333 for gdb connections
[stm32h7r3.cpu0] halted due to debug-request, current mode: Thread 
xPSR: 0x81000000 pc: 0x900006a8 msp: 0x200005d0
[stm32h7r3.cpu0] halted due to debug-request, current mode: Thread 
xPSR: 0x61000000 pc: 0x000008d0 msp: 0x2000ecd0
PACK_DONE 0x444f4e45
PACK_PROFILE_0 0xf05 0x6 0x35288889 0x0 0xafc9 0x22968d 0x0 0x12c 0x0 0x0 0x0 0x9f3e 0x21b4f5 0x0 0x0 0x0 0x0 0x0 0x10af778 0x104ef11 0x5fcf 0x5654 0x0 0x0 0x0 0x0 0x0 0x3e0 0x0 0x0 0x800 0x800 0x800 0x0 0x800 0xd 0x0 0x0 0x800 0x2
PACK_PROFILE_1 0x1432 0x18 0x38a64444 0x0 0x10cbc 0x28cdb6 0x0 0x12c 0x0 0x0 0x0 0x111bd 0x296801 0x3e 0x225 0x0 0x0 0x0 0x1337f7c 0x135ed7a 0x9962 0xa5e0 0x0 0x0 0x0 0x0 0x0 0x3e0 0x0 0x0 0x800 0x63c 0x800 0x99d 0x800 0xd 0x0 0x0 0x27 0x2
PACK_PROFILE_2 0x485f 0x25 0x387beeef 0x0 0x1364b 0x3af445 0x0 0x12c 0x0 0x0 0x0 0x16f17 0x47d88f 0x6e6 0x3daa 0x0 0x0 0x0 0x1c2abf3 0x22607c2 0xab4c 0xdbc2 0x0 0x0 0x0 0x0 0x0 0x3e0 0x0 0x0 0x800 0x7ef 0x800 0x620 0x800 0xd 0x0 0x0 0x1f1 0x2
PACK_STACK_GUARD_OK
[stm32h7r3.cpu0] halted due to debug-request, current mode: Thread 
xPSR: 0x81000000 pc: 0x900006a8 msp: 0x200005d0
POST_RESET_PC pc (/32): 0x900006a8

POST_RESET_XPSR xPSR (/32): 0x81000000

POST_RESET_FAULTS 0x0 0x0
[stm32h7r3.cpu0] halted due to debug-request, current mode: Thread 
xPSR: 0x81000000 pc: 0x900004c0 msp: 0x200005d0
POST_RESUME_PC pc (/32): 0x900004c0

PACK_RESET_VERIFIED
shutdown command invoked
