Open On-Chip Debugger 0.12.0
Licensed under GNU GPL v2
For bug reports, read
	http://openocd.org/doc/doxygen/bugs.html
run_packed_probe
Info : STLINK V2J43M28 (API v2) VID:PID 0483:3752
Info : Target voltage: 3.266932
Info : Unable to match requested speed 1000 kHz, using 950 kHz
Info : Unable to match requested speed 1000 kHz, using 950 kHz
Info : clock speed 950 kHz
Info : stlink_dap_op_connect(connect)
Info : SWD DPIDR 0x6ba02477
Info : [stm32h7r3.cpu0] Cortex-M7 r1p2 processor detected
Info : [stm32h7r3.cpu0] target has 8 breakpoints, 4 watchpoints
Info : starting gdb server for stm32h7r3.cpu0 on 3333
Info : Listening on port 3333 for gdb connections
[stm32h7r3.cpu0] halted due to debug-request, current mode: Thread 
xPSR: 0x81000000 pc: 0x900004bc msp: 0x200005d0
[stm32h7r3.cpu0] halted due to debug-request, current mode: Thread 
xPSR: 0x61000000 pc: 0x00000884 msp: 0x2000ece0
PACK_DONE 0x444f4e45
PACK_PROFILE_0 0x787 0x3 0x35222222 0x0 0x559c 0x10e035 0x0 0x120 0x0 0x0 0x0 0x57e6 0x10e0e6 0x0 0x0 0x0 0x0 0x0 0x82621f 0x826be2 0x3304 0x3480 0x0 0x0 0x0 0x0 0x0 0x3e0 0x0 0x0 0x400 0x400 0x400 0x0 0x400 0x9 0x0 0x0 0x400 0x1
PACK_PROFILE_1 0xa34 0xc 0x37655555 0x0 0xb8b6 0x14b634 0x0 0x120 0x0 0x0 0x0 0xa8a2 0x14f14c 0x0 0x0 0x0 0x0 0x0 0x9ac5dd 0x9c5c6e 0x624f 0x5dd5 0x0 0x0 0x0 0x0 0x0 0x3e0 0x0 0x0 0x400 0x310 0x400 0x4ca 0x400 0x9 0x0 0x0 0x26 0x1
PACK_PROFILE_2 0x202c 0x11 0x37055555 0x0 0xbc64 0x20c465 0x0 0x120 0x0 0x0 0x0 0xcfb4 0x24f0bb 0x0 0x0 0x0 0x0 0x0 0xf85b08 0x11924dd 0x7072 0x7bee 0x0 0x0 0x0 0x0 0x0 0x3e0 0x0 0x0 0x400 0x3ff 0x400 0x275 0x400 0x9 0x0 0x0 0x18c 0x1
PACK_STACK_GUARD_OK
shutdown command invoked
