Open On-Chip Debugger 0.12.0
Licensed under GNU GPL v2
For bug reports, read
	http://openocd.org/doc/doxygen/bugs.html
run_packed_probe
Info : STLINK V2J43M28 (API v2) VID:PID 0483:3752
Info : Target voltage: 3.266932
Info : Unable to match requested speed 1000 kHz, using 950 kHz
Info : Unable to match requested speed 1000 kHz, using 950 kHz
Info : clock speed 950 kHz
Info : stlink_dap_op_connect(connect)
Info : SWD DPIDR 0x6ba02477
Info : [stm32h7r3.cpu0] Cortex-M7 r1p2 processor detected
Info : [stm32h7r3.cpu0] target has 8 breakpoints, 4 watchpoints
Info : starting gdb server for stm32h7r3.cpu0 on 3333
Info : Listening on port 3333 for gdb connections
[stm32h7r3.cpu0] halted due to debug-request, current mode: Thread 
xPSR: 0x81000000 pc: 0x900006a8 msp: 0x200005d0
[stm32h7r3.cpu0] halted due to debug-request, current mode: Thread 
xPSR: 0x61000000 pc: 0x00000894 msp: 0x2000ece0
PACK_DONE 0x444f4e45
PACK_PROFILE_0 0x787 0x3 0x35222222 0x0 0x572e 0x114b44 0x0 0x120 0x0 0x0 0x0 0x5774 0x10ddbf 0x0 0x0 0x0 0x0 0x0 0x858e37 0x825edd 0x33e5 0x3480 0x0 0x0 0x0 0x0 0x0 0x3e0 0x0 0x0 0x400 0x400 0x400 0x0 0x400 0x8 0x0 0x0 0x400 0x0
PACK_PROFILE_1 0xa31 0xc 0x3723bbbc 0x0 0xa90c 0x15381b 0x0 0x120 0x0 0x0 0x0 0xa889 0x14ef51 0x0 0x0 0x0 0x0 0x0 0x9e69b6 0x9c3ea1 0x5db0 0x5dc2 0x0 0x0 0x0 0x0 0x0 0x3e0 0x0 0x0 0x400 0x310 0x400 0x4ca 0x400 0x8 0x0 0x0 0x26 0x0
PACK_PROFILE_2 0x21c1 0x13 0x37300000 0x0 0xce52 0x24fe10 0x0 0x120 0x0 0x0 0x0 0xcfae 0x24ee80 0x0 0x0 0x0 0x0 0x0 0x119c8f0 0x11916fb 0x7c8c 0x7be8 0x0 0x0 0x0 0x0 0x0 0x3e0 0x0 0x0 0x400 0x3ff 0x400 0x275 0x400 0x8 0x0 0x0 0x18c 0x0
PACK_STACK_GUARD_OK
shutdown command invoked
