condensed_bdf2_48000 raw RMS % 25.671574626776945 peak 11.92166685157749 filtered RMS % 24.89905156941133
condensed_bdf2_96000 raw RMS % 9.890999119306175 peak 5.662452187218434 filtered RMS % 9.351259300635906
condensed_bdf2_192000 raw RMS % 3.130185416482877 peak 3.2838525623836414 filtered RMS % 2.799664884301422
condensed_bdf2_384000 raw RMS % 1.0283180674551133 peak 1.4576248561711491 filtered RMS % 0.9026258026095619
condensed_trap_48000 raw RMS % 12.707092495182748 peak 7.4448172065975555 filtered RMS % 11.698871089760658
condensed_trap_96000 raw RMS % 4.037902108546727 peak 3.3327635394625865 filtered RMS % 3.7452476663819136
condensed_trap_192000 raw RMS % 1.6747640864697027 peak 2.323157645841224 filtered RMS % 1.5215472975576325
condensed_trap_384000 raw RMS % 0.7679556372768945 peak 1.235793214364989 filtered RMS % 0.686906823699568
passive_foh_192000 raw RMS % 5.975274631994764 peak 5.067794898456091 filtered RMS % 5.576319220587
passive_foh_384000 raw RMS % 2.388461755002713 peak 2.5276501417986306 filtered RMS % 2.207540145643264
passive_foh_48000 raw RMS % 25.12151043119867 peak 12.264013454088673 filtered RMS % 24.28124850554533
passive_foh_96000 raw RMS % 13.562364449217096 peak 7.394316703645361 filtered RMS % 12.8790642635333
passive_quadratic_192000 raw RMS % 1.9754380029821537 peak 2.7212406793714976 filtered RMS % 1.7646865159246474
passive_quadratic_384000 raw RMS % 0.7800600938597367 peak 1.2836006048420394 filtered RMS % 0.6977833705989318
passive_quadratic_48000 raw RMS % 19.56868590598196 peak 10.912188767138595 filtered RMS % 18.843120682596528
passive_quadratic_96000 raw RMS % 6.441701683289651 peak 4.4006589093869595 filtered RMS % 5.9802255933544
closed_etd2_192000 raw RMS % 1.679930700959678 peak 2.6512803753412584 filtered RMS % 1.4786953448296947
closed_etd2_384000 raw RMS % 0.7871488741652444 peak 1.3531194123378345 filtered RMS % 0.6896747066955051
closed_etd2_48000 raw RMS % 7.834489074031249 peak 6.7145135860323055 filtered RMS % 6.701115792474754
closed_etd2_96000 raw RMS % 3.6167383635481403 peak 5.351125319992796 filtered RMS % 3.279670322343127
closed_etd3_192000 raw RMS % 1.6097783931113603 peak 2.706775683345519 filtered RMS % 1.4181540098116823
closed_etd3_384000 raw RMS % 0.774692798031932 peak 1.3530740127572063 filtered RMS % 0.6781813442324084
closed_etd3_48000 raw RMS % 12.699541831361822 peak 6.9296004783964005 filtered RMS % 7.224002519168225
closed_etd3_96000 raw RMS % 3.4923912115722127 peak 5.663243682359916 filtered RMS % 3.0930650617563913
adaptive_memory_integer_0.001 raw RMS % 0.3499223652222306 peak 0.3268848850972601 filtered RMS % None
adaptive_memory_integer_0.003 raw RMS % 0.5660860368382067 peak 0.34001529336055736 filtered RMS % None
adaptive_memory_integer_0.01 raw RMS % 1.5350287143496664 peak 1.1553484485644288 filtered RMS % None
