Open On-Chip Debugger 0.12.0
Licensed under GNU GPL v2
For bug reports, read
	http://openocd.org/doc/doxygen/bugs.html
run_packed_probe
Info : STLINK V2J43M28 (API v2) VID:PID 0483:3752
Info : Target voltage: 3.268526
Info : Unable to match requested speed 1000 kHz, using 950 kHz
Info : Unable to match requested speed 1000 kHz, using 950 kHz
Info : clock speed 950 kHz
Info : stlink_dap_op_connect(connect)
Info : SWD DPIDR 0x6ba02477
Info : [stm32h7r3.cpu0] Cortex-M7 r1p2 processor detected
Info : [stm32h7r3.cpu0] target has 8 breakpoints, 4 watchpoints
Info : starting gdb server for stm32h7r3.cpu0 on 3333
Info : Listening on port 3333 for gdb connections
[stm32h7r3.cpu0] halted due to debug-request, current mode: Thread 
xPSR: 0x81000000 pc: 0x900006a4 msp: 0x200005d0
[stm32h7r3.cpu0] halted due to debug-request, current mode: Thread 
xPSR: 0x61000000 pc: 0x000008d6 msp: 0x2000ecd0
PACK_DONE 0x444f4e45
PACK_PROFILE_0 0xeff 0x6 0x35222222 0x0 0x9e13 0x20a1a6 0x0 0x12c 0x0 0x0 0x0 0x9f67 0x21c087 0x0 0x0 0x0 0x0 0x0 0xfb8424 0x1053dc0 0x5d09 0x566b 0x0 0x0 0x0 0x0 0x0 0x3e0 0x0 0x0 0x800 0x800 0x800 0x0 0x800 0xc 0x0 0x0 0x800 0x2
PACK_PROFILE_1 0x1226 0x17 0x37f97777 0x0 0xfab4 0x232fc2 0x0 0x12c 0x0 0x0 0x0 0x111e0 0x296c98 0x43 0x253 0x0 0x0 0x0 0x10a5ecb 0x1361742 0x9421 0xa5ee 0x0 0x0 0x0 0x0 0x0 0x3e0 0x0 0x0 0x800 0x755 0x800 0xfc 0x800 0xc 0x0 0x0 0x7af 0x2
PACK_PROFILE_2 0x421c 0x20 0x38427777 0x0 0x100fd 0x338b3f 0x0 0x12c 0x0 0x0 0x0 0x16dfb 0x47dacc 0x6f1 0x3e16 0x0 0x0 0x0 0x18ab17f 0x226163b 0x9218 0xdbd0 0x0 0x0 0x0 0x0 0x0 0x3e0 0x0 0x0 0x800 0x800 0x800 0x1d1 0x800 0xc 0x0 0x0 0x62f 0x2
PACK_STACK_GUARD_OK
[stm32h7r3.cpu0] halted due to debug-request, current mode: Thread 
xPSR: 0x81000000 pc: 0x900004c0 msp: 0x200005d0
POST_RESET_PC pc (/32): 0x900004c0

POST_RESET_XPSR xPSR (/32): 0x81000000

POST_RESET_FAULTS 0x0 0x0
[stm32h7r3.cpu0] halted due to debug-request, current mode: Thread 
xPSR: 0x81000000 pc: 0x900006a8 msp: 0x200005d0
POST_RESUME_PC pc (/32): 0x900006a8

PACK_RESET_VERIFIED
shutdown command invoked
