Open On-Chip Debugger 0.12.0
Licensed under GNU GPL v2
For bug reports, read
	http://openocd.org/doc/doxygen/bugs.html
run_packed_probe
Info : STLINK V2J43M28 (API v2) VID:PID 0483:3752
Info : Target voltage: 3.268526
Info : Unable to match requested speed 1000 kHz, using 950 kHz
Info : Unable to match requested speed 1000 kHz, using 950 kHz
Info : clock speed 950 kHz
Info : stlink_dap_op_connect(connect)
Info : SWD DPIDR 0x6ba02477
Info : [stm32h7r3.cpu0] Cortex-M7 r1p2 processor detected
Info : [stm32h7r3.cpu0] target has 8 breakpoints, 4 watchpoints
Info : starting gdb server for stm32h7r3.cpu0 on 3333
Info : Listening on port 3333 for gdb connections
[stm32h7r3.cpu0] halted due to debug-request, current mode: Thread 
xPSR: 0x81000000 pc: 0x900006a8 msp: 0x200005d0
[stm32h7r3.cpu0] halted due to debug-request, current mode: Thread 
xPSR: 0x61000000 pc: 0x000008d4 msp: 0x2000ecd0
PACK_DONE 0x444f4e45
PACK_PROFILE_0 0xf05 0x6 0x35288889 0x0 0xaeac 0x225ed2 0x0 0x12c 0x0 0x0 0x0 0x9fc1 0x21d5c1 0x0 0x0 0x0 0x0 0x0 0x1097a23 0x105eccc 0x5f35 0x5693 0x0 0x0 0x0 0x0 0x0 0x3e0 0x0 0x0 0x800 0x800 0x800 0x0 0x800 0xb 0x0 0x0 0x800 0x2
PACK_PROFILE_1 0x1433 0x18 0x38a82222 0x0 0x10fa5 0x29d6dc 0x0 0x12c 0x0 0x0 0x0 0x11355 0x297d06 0x3e 0x225 0x0 0x0 0x0 0x13aa358 0x13681c9 0x9b21 0xa60d 0x0 0x0 0x0 0x0 0x0 0x3e0 0x0 0x0 0x800 0x63d 0x800 0x99c 0x800 0xb 0x0 0x0 0x27 0x2
PACK_PROFILE_2 0x4874 0x25 0x38856666 0x0 0x13d02 0x3c2d82 0x0 0x12c 0x0 0x0 0x0 0x16e2e 0x47efac 0x6e6 0x3db4 0x0 0x0 0x0 0x1cc4470 0x226b6f2 0xb30a 0xdbed 0x0 0x0 0x0 0x0 0x0 0x3e0 0x0 0x0 0x800 0x7ef 0x800 0x621 0x800 0xb 0x0 0x0 0x1f0 0x2
PACK_STACK_GUARD_OK
[stm32h7r3.cpu0] halted due to debug-request, current mode: Thread 
xPSR: 0x81000000 pc: 0x900006a8 msp: 0x200005d0
POST_RESET_PC pc (/32): 0x900006a8

POST_RESET_XPSR xPSR (/32): 0x81000000

POST_RESET_FAULTS 0x0 0x0
[stm32h7r3.cpu0] halted due to debug-request, current mode: Thread 
xPSR: 0x81000000 pc: 0x900004c0 msp: 0x200005d0
POST_RESUME_PC pc (/32): 0x900004c0

PACK_RESET_VERIFIED
shutdown command invoked
