Open On-Chip Debugger 0.12.0
Licensed under GNU GPL v2
For bug reports, read
	http://openocd.org/doc/doxygen/bugs.html
run_packed_probe
Info : STLINK V2J43M28 (API v2) VID:PID 0483:3752
Info : Target voltage: 3.266932
Info : Unable to match requested speed 1000 kHz, using 950 kHz
Info : Unable to match requested speed 1000 kHz, using 950 kHz
Info : clock speed 950 kHz
Info : stlink_dap_op_connect(connect)
Info : SWD DPIDR 0x6ba02477
Info : [stm32h7r3.cpu0] Cortex-M7 r1p2 processor detected
Info : [stm32h7r3.cpu0] target has 8 breakpoints, 4 watchpoints
Info : starting gdb server for stm32h7r3.cpu0 on 3333
Info : Listening on port 3333 for gdb connections
[stm32h7r3.cpu0] halted due to debug-request, current mode: Thread 
xPSR: 0x81000000 pc: 0x900006a8 msp: 0x200005d0
[stm32h7r3.cpu0] halted due to debug-request, current mode: Thread 
xPSR: 0x61000000 pc: 0x00000848 msp: 0x2000ecd8
PACK_DONE 0x444f4e45
PACK_PROFILE_0 0x685 0x13 0x370b5555 0x0 0xab40 0x148d32 0x0 0x12c 0x0 0x0 0x0 0xd88d 0x149b63 0x0 0x0 0x0 0x0 0x0 0x8a333c 0x8aef9c 0x637b 0x6dfc 0x0 0x0 0x0 0x0 0x0 0x3e0 0x0 0x0 0x400 0x3f3 0x400 0x21f 0x400 0x9 0x0 0x0 0x1ee 0x1
PACK_PROFILE_1 0x421 0x1b 0x36cccccd 0x1 0xb772 0x13ae26 0x0 0x12c 0x92e5 0x1 0x92e5 0x9c5b 0x137ca7 0x0 0x0 0x0 0x0 0x0 0x8920cd 0x890327 0x92e5 0x5fc6 0x0 0x0 0x0 0x0 0x0 0x3e0 0x0 0x0 0x400 0x3fe 0x400 0x3a2 0x400 0x9 0x0 0x0 0x60 0x1
PACK_PROFILE_2 0x130d 0xe 0x380c3333 0x0 0xa26a 0x1c53ce 0x0 0x12c 0x0 0x0 0x0 0xc8e3 0x1eb03d 0x0 0x0 0x0 0x0 0x0 0xbe086a 0xd27f6e 0x65d5 0x799b 0x0 0x0 0x0 0x0 0x0 0x3e0 0x0 0x0 0x400 0x400 0x400 0x14c 0x400 0x9 0x0 0x0 0x2b4 0x1
PACK_STACK_GUARD_OK
shutdown command invoked
