Open On-Chip Debugger 0.12.0
Licensed under GNU GPL v2
For bug reports, read
	http://openocd.org/doc/doxygen/bugs.html
run_packed_probe
Info : STLINK V2J43M28 (API v2) VID:PID 0483:3752
Info : Target voltage: 3.262028
Info : Unable to match requested speed 1000 kHz, using 950 kHz
Info : Unable to match requested speed 1000 kHz, using 950 kHz
Info : clock speed 950 kHz
Info : stlink_dap_op_connect(connect)
Info : SWD DPIDR 0x6ba02477
Info : [stm32h7r3.cpu0] Cortex-M7 r1p2 processor detected
Info : [stm32h7r3.cpu0] target has 8 breakpoints, 4 watchpoints
Info : starting gdb server for stm32h7r3.cpu0 on 3333
Info : Listening on port 3333 for gdb connections
[stm32h7r3.cpu0] halted due to debug-request, current mode: Thread 
xPSR: 0x81000000 pc: 0x900004bc msp: 0x200005d0
[stm32h7r3.cpu0] halted due to debug-request, current mode: Thread 
xPSR: 0x61000000 pc: 0x00000890 msp: 0x2000ecf8
PACK_DONE 0x444f4e45
PACK_PROFILE_0 0x787 0x3 0x35222222 0x0 0x57e9 0x10fb87 0x0 0x120 0x0 0x0 0x0 0x8d6b 0x1a6ce0 0x0 0x0 0x0 0x0 0x0 0x833c46 0xcbe25d 0x34dc 0x58de 0x0 0x0 0x0 0x0 0x0 0x3e0 0x0 0x0 0x400 0x400 0x400 0x0 0x400 0x7 0x0 0x0 0x400 0x0
PACK_PROFILE_1 0xa31 0xc 0x3723bbbc 0x0 0xa8ba 0x14fe88 0x0 0x120 0x0 0x0 0x0 0x1a7e5 0x1d92f4 0x0 0x0 0x0 0x0 0x0 0x9cbd06 0xdc5b30 0x5ddc 0xdc1b 0x0 0x0 0x0 0x0 0x0 0x3e0 0x0 0x0 0x400 0x310 0x400 0x4ca 0x400 0x7 0x0 0x0 0x26 0x0
PACK_PROFILE_2 0x21c1 0x13 0x37300000 0x0 0xcfef 0x250173 0x0 0x120 0x0 0x0 0x0 0x27526 0x4fe0f5 0x0 0x0 0x0 0x0 0x0 0x119a385 0x2605192 0x7bec 0x1c45c 0x0 0x0 0x0 0x0 0x0 0x3e0 0x0 0x7 0x400 0x3ff 0x400 0x275 0x400 0x7 0x0 0x0 0x18c 0x0
PACK_STACK_GUARD_OK
shutdown command invoked
