   Compiling orange-dsp v0.1.0 (/Users/stpntrsvv/OrangeDCrush20/firmware/orange-dsp)
    Finished `release` profile [optimized + debuginfo] target(s) in 22.00s
     Running unittests src/lib.rs (firmware/target/aarch64-apple-darwin/release/deps/orange_dsp-b468f9428fa6732f)

running 3 tests
test scalar::audit::cached_law_values_and_derivatives_match_original_laws ... ok
packed F=5 M=orange_dsp::packed::ExtraMath<orange_dsp::FpuRootMath, 2> case=100 rms=0.0000017067964416341981 peak=0.0000408546074450733 scaled=0.00000272364049633822 fullres=0.000023841858 failures=0 maxiter=5
direct=[1024, 1024, 1024, 0, 1024, 1024] retries=0 worst_state=("v:phones_feed", 173)
triangle100: steps=1024 output_different=0 peak_vs_P7=0 memory_peak_vs_P7=0 counts=[[1024, 0, 0, 0, 1024, 1024, 0, 0, 0, 0, 0], [1024, 1024, 0, 0, 1024, 1024, 0, 0, 0, 0, 0], [6190, 6038, 1996, 76, 0, 0, 0, 0, 3118, 0, 3019], [3072, 3072, 0, 0, 1024, 1024, 0, 0, 0, 0, 1024], [1024, 1024, 0, 0, 1024, 1024, 0, 56, 0, 0, 0]]
packed F=5 M=orange_dsp::packed::ExtraMath<orange_dsp::FpuRootMath, 2> case=1000 rms=0.00000541776272697997 peak=0.00301040630190208 scaled=0.000670666583800994 fullres=0.000074505806 failures=0 maxiter=12
direct=[1024, 784, 1024, 1226, 1024, 38] retries=0 worst_state=("x:TDA2050", 376)
packed F=5 M=orange_dsp::packed::ExtraMath<orange_dsp::FpuRootMath, 2> case=250 rms=0.0000019211822522202065 peak=0.0005811916962485952 scaled=0.00003874611308323968 fullres=0.000071525574 failures=0 maxiter=17
direct=[1024, 1023, 1024, 629, 1024, 396] retries=0 worst_state=("v:phones_feed", 571)
triangle1000: steps=1024 output_different=92 peak_vs_P7=0.00031375885 memory_peak_vs_P7=0.00390625 counts=[[1024, 0, 0, 0, 1024, 1024, 0, 0, 0, 0, 0], [1810, 1633, 546, 0, 1024, 784, 0, 1155, 0, 0, 786], [7134, 6050, 2003, 542, 0, 0, 0, 1847, 3575, 0, 3025], [3072, 3072, 0, 0, 1024, 1024, 0, 0, 0, 729, 1024], [2250, 2141, 209, 31, 1024, 38, 0, 2611, 0, 0, 1195]]
packed F=5 M=orange_dsp::packed::ExtraMath<orange_dsp::FpuRootMath, 2> case=2001 rms=0.00000467876507296704 peak=0.0023162548972948116 scaled=0.0012363843336811915 fullres=0.00006407499 failures=0 maxiter=14
direct=[1536, 1523, 1536, 592, 1536, 957] retries=0 worst_state=("x:TDA2050", 690)
noise250: steps=1024 output_different=613 peak_vs_P7=0.00023078918 memory_peak_vs_P7=0.00059890747 counts=[[1024, 0, 0, 0, 1024, 1024, 0, 0, 0, 0, 0], [1029, 1028, 3, 1, 1024, 1023, 0, 147, 0, 0, 4], [27488, 16410, 7184, 5539, 0, 0, 0, 1964, 13833, 0, 8205], [3072, 3072, 0, 0, 1024, 1024, 0, 0, 0, 630, 1024], [3452, 2689, 1354, 446, 1024, 396, 0, 4981, 0, 0, 1982]]
packed F=5 M=orange_dsp::packed::ExtraMath<orange_dsp::FpuRootMath, 2> case=2002 rms=0.000006393592177464991 peak=0.004766934647243204 scaled=0.0013825827524366712 fullres=0.00009536743 failures=0 maxiter=15
direct=[1536, 1534, 1536, 1339, 1536, 199] retries=0 worst_state=("x:IC3A", 609)
packed F=5 M=orange_dsp::packed::ExtraMath<orange_dsp::FpuRootMath, 2> case=2003 rms=0.0000017085159893941154 peak=0.0005669545154987077 scaled=0.00025103690736353695 fullres=0.000047683716 failures=0 maxiter=14
direct=[1536, 1536, 1536, 333, 1536, 1203] retries=0 worst_state=("x:TDA2050", 697)
step025: steps=1536 output_different=1074 peak_vs_P7=0.00015449524 memory_peak_vs_P7=0.0013427734 counts=[[1536, 0, 0, 0, 1536, 1536, 0, 0, 0, 0, 0], [1583, 1573, 32, 2, 1536, 1523, 0, 104, 0, 0, 45], [7026, 6476, 1702, 275, 0, 0, 0, 149, 3610, 0, 3238], [4608, 4608, 0, 0, 1536, 1536, 0, 0, 0, 734, 1536], [2620, 2504, 495, 10, 1536, 957, 0, 3726, 0, 0, 1074]]
packed F=5 M=orange_dsp::packed::ExtraMath<orange_dsp::FpuRootMath, 2> case=3001 rms=0.0000017662727228298552 peak=0.000042122465318872315 scaled=0.0000028081643545914875 fullres=0.000023841858 failures=0 maxiter=5
direct=[2048, 2048, 2048, 0, 2048, 2048] retries=0 worst_state=("v:phones_feed", 1143)
step1: steps=1536 output_different=156 peak_vs_P7=0.00046157837 memory_peak_vs_P7=0.015625 counts=[[1536, 0, 0, 0, 1536, 1536, 0, 0, 0, 0, 0], [1540, 1538, 2, 0, 1536, 1534, 0, 8, 0, 0, 4], [6344, 6148, 1538, 98, 0, 0, 0, 1646, 3270, 0, 3074], [4608, 4608, 0, 0, 1536, 1536, 0, 7, 0, 1032, 1536], [3022, 2962, 145, 4, 1536, 199, 0, 3247, 0, 0, 1482]]
packed F=5 M=orange_dsp::packed::ExtraMath<orange_dsp::FpuRootMath, 2> case=3002 rms=0.000008359786762089421 peak=0.00562851067410719 scaled=0.00037523404494047935 fullres=0.00008139759 failures=0 maxiter=13
direct=[2048, 1597, 2048, 2460, 2048, 39] retries=0 worst_state=("v:phones_feed", 1396)
multitone: steps=1536 output_different=1316 peak_vs_P7=0.00041770935 memory_peak_vs_P7=0.0044555664 counts=[[1536, 0, 0, 0, 1536, 1536, 0, 0, 0, 0, 0], [1536, 1536, 0, 0, 1536, 1536, 0, 105, 0, 0, 0], [20524, 13208, 5077, 3658, 0, 0, 0, 1510, 10310, 0, 6604], [4608, 4608, 0, 0, 1536, 1536, 0, 0, 0, 510, 1536], [2488, 2222, 444, 175, 1536, 1203, 0, 2339, 0, 0, 777]]
packed F=5 M=orange_dsp::packed::ExtraMath<orange_dsp::FpuRootMath, 2> case=3003 rms=0.0000016339228762981187 peak=0.00044315580553755396 scaled=0.000054837660232583595 fullres=0.000071525574 failures=0 maxiter=19
direct=[2048, 2031, 2048, 1568, 2048, 497] retries=0 worst_state=("x:TDA2050", 1076)
test scalar::tests::repeated_extended_reference ... ok
output0: steps=2048 output_different=0 peak_vs_P7=0 memory_peak_vs_P7=0 counts=[[2048, 0, 0, 0, 2048, 2048, 0, 0, 0, 0, 0], [2048, 2048, 0, 0, 2048, 2048, 0, 0, 0, 0, 0], [12268, 12000, 3952, 134, 0, 0, 0, 0, 6176, 0, 6000], [6144, 6144, 0, 0, 2048, 2048, 0, 0, 0, 0, 2048], [2048, 2048, 0, 0, 2048, 2048, 0, 96, 0, 0, 0]]
output1: steps=2048 output_different=103 peak_vs_P7=0.0061807632 memory_peak_vs_P7=0.0087890625 counts=[[2048, 0, 0, 0, 2048, 2048, 0, 0, 0, 0, 0], [3524, 3190, 1025, 0, 2048, 1597, 0, 2167, 0, 0, 1476], [13802, 11890, 3901, 956, 0, 0, 0, 3644, 6914, 0, 5945], [6144, 6144, 0, 0, 2048, 2048, 0, 0, 0, 1497, 2048], [4387, 4232, 290, 40, 2048, 39, 0, 4864, 0, 0, 2299]]
output2: steps=2048 output_different=834 peak_vs_P7=0.00039577484 memory_peak_vs_P7=0.00048446655 counts=[[2048, 0, 0, 0, 2048, 2048, 0, 0, 0, 0, 0], [2121, 2109, 44, 12, 2048, 2031, 0, 472, 0, 0, 61], [56598, 31582, 13752, 12508, 0, 0, 0, 3932, 28452, 0, 15791], [6144, 6144, 0, 0, 2048, 2048, 0, 0, 0, 1514, 2048], [6543, 5279, 2340, 604, 2048, 497, 0, 8853, 0, 0, 3891]]
test scalar::audit::paired_traces_and_counter_equivalence ... ok

test result: ok. 3 passed; 0 failed; 0 ignored; 0 measured; 41 filtered out; finished in 0.10s

