Open On-Chip Debugger 0.12.0
Licensed under GNU GPL v2
For bug reports, read
	http://openocd.org/doc/doxygen/bugs.html
run_packed_probe
Info : STLINK V2J43M28 (API v2) VID:PID 0483:3752
Info : Target voltage: 3.266932
Info : Unable to match requested speed 1000 kHz, using 950 kHz
Info : Unable to match requested speed 1000 kHz, using 950 kHz
Info : clock speed 950 kHz
Info : stlink_dap_op_connect(connect)
Info : SWD DPIDR 0x6ba02477
Info : [stm32h7r3.cpu0] Cortex-M7 r1p2 processor detected
Info : [stm32h7r3.cpu0] target has 8 breakpoints, 4 watchpoints
Info : starting gdb server for stm32h7r3.cpu0 on 3333
Info : Listening on port 3333 for gdb connections
[stm32h7r3.cpu0] halted due to debug-request, current mode: Thread 
xPSR: 0x81000000 pc: 0x900004c0 msp: 0x200005d0
[stm32h7r3.cpu0] halted due to debug-request, current mode: Thread 
xPSR: 0x61000000 pc: 0x0000084c msp: 0x2000ece8
PACK_DONE 0x444f4e45
PACK_PROFILE_0 0x7c3 0x4 0x3fedd511 0x0 0x7b92 0x169f5f 0x0 0x120 0x0 0x0 0x0 0xd88c 0x149fbe 0x0 0x0 0x0 0x0 0x0 0x989fde 0x8b037f 0x4235 0x6e00 0x2df 0x0 0x0 0x0 0x0 0x3e0 0x0 0x0 0x400 0x3f6 0x0 0x3c6 0x61 0xe 0x2df 0x0 0x0 0x1
PACK_PROFILE_1 0x7e3 0x4 0x40fee4e5 0x0 0x752f 0x17be89 0x0 0x120 0x0 0x0 0x0 0x9c5a 0x1380e1 0x0 0x0 0x0 0x0 0x0 0x9b1272 0x890373 0x3f14 0x5fd4 0x39e 0x0 0x0 0x0 0x0 0x3e0 0x0 0x0 0x400 0x3fe 0x0 0x39e 0x61 0xe 0x39e 0x0 0x0 0x1
PACK_PROFILE_2 0x969 0x3 0x411b7eea 0x0 0x7db9 0x190a33 0x0 0x120 0x0 0x0 0x0 0xc7ae 0x1eb197 0x0 0x0 0x0 0x0 0x0 0xacbead 0xd283b0 0x41bc 0x79a7 0x3e0 0x0 0x0 0x0 0x0 0x3e0 0x0 0x0 0x400 0x400 0x0 0x255 0x7 0xe 0x400 0x0 0x0 0x1
PACK_STACK_GUARD_OK
[stm32h7r3.cpu0] halted due to debug-request, current mode: Thread 
xPSR: 0x81000000 pc: 0x900004bc msp: 0x200005d0
POST_RESET_PC pc (/32): 0x900004bc

POST_RESET_XPSR xPSR (/32): 0x81000000

POST_RESET_FAULTS 0x0 0x0
[stm32h7r3.cpu0] halted due to debug-request, current mode: Thread 
xPSR: 0x81000000 pc: 0x900006a8 msp: 0x200005d0
POST_RESUME_PC pc (/32): 0x900006a8

PACK_RESET_VERIFIED
shutdown command invoked
