Open On-Chip Debugger 0.12.0
Licensed under GNU GPL v2
For bug reports, read
	http://openocd.org/doc/doxygen/bugs.html
run_packed_probe
Info : STLINK V2J43M28 (API v2) VID:PID 0483:3752
Info : Target voltage: 3.270120
Info : Unable to match requested speed 1000 kHz, using 950 kHz
Info : Unable to match requested speed 1000 kHz, using 950 kHz
Info : clock speed 950 kHz
Info : stlink_dap_op_connect(connect)
Info : SWD DPIDR 0x6ba02477
Info : [stm32h7r3.cpu0] Cortex-M7 r1p2 processor detected
Info : [stm32h7r3.cpu0] target has 8 breakpoints, 4 watchpoints
Info : starting gdb server for stm32h7r3.cpu0 on 3333
Info : Listening on port 3333 for gdb connections
[stm32h7r3.cpu0] halted due to debug-request, current mode: Thread 
xPSR: 0x81000000 pc: 0x900006a8 msp: 0x200005d0
[stm32h7r3.cpu0] halted due to debug-request, current mode: Thread 
xPSR: 0x61000000 pc: 0x0000084a msp: 0x2000ece8
PACK_DONE 0x444f4e45
PACK_PROFILE_0 0x122a 0x9 0x3f5705d2 0x0 0xa1b9 0x1bf4f7 0x0 0x120 0x0 0x0 0x0 0xd876 0x14a12c 0x0 0x0 0x0 0x0 0x0 0xbcdd47 0x8b3325 0x5443 0x6de7 0x35 0x0 0x0 0x0 0x0 0x3e0 0x0 0x0 0x400 0x3f3 0x0 0x400 0x1df 0x10 0x35 0x0 0x0 0x1
PACK_PROFILE_1 0x1686 0x9 0x3f514eda 0x0 0x9145 0x1c8de7 0x0 0x120 0x0 0x0 0x0 0x9c5f 0x137d9e 0x0 0x0 0x0 0x0 0x0 0xd4a1f6 0x8913eb 0x4ec3 0x5fd2 0x7c 0x0 0x0 0x0 0x0 0x3e0 0x0 0x0 0x400 0x3fe 0x0 0x400 0x60 0x10 0x7c 0x0 0x0 0x1
PACK_PROFILE_2 0xfd2 0x6 0x3f81c2ae 0x0 0x9d96 0x1f9595 0x0 0x120 0x0 0x0 0x0 0xc7f1 0x1ebbf7 0x0 0x0 0x0 0x0 0x0 0xd09964 0xd2d704 0x5592 0x79d1 0x1fa 0x0 0x0 0x0 0x0 0x3e0 0x0 0x0 0x400 0x400 0x0 0x400 0x293 0x10 0x20a 0x0 0x0 0x1
PACK_STACK_GUARD_OK
[stm32h7r3.cpu0] halted due to debug-request, current mode: Thread 
xPSR: 0x81000000 pc: 0x900006a8 msp: 0x200005d0
POST_RESET_PC pc (/32): 0x900006a8

POST_RESET_XPSR xPSR (/32): 0x81000000

POST_RESET_FAULTS 0x0 0x0
[stm32h7r3.cpu0] halted due to debug-request, current mode: Thread 
xPSR: 0x81000000 pc: 0x900006a8 msp: 0x200005d0
POST_RESUME_PC pc (/32): 0x900006a8

PACK_RESET_VERIFIED
shutdown command invoked
