Open On-Chip Debugger 0.12.0
Licensed under GNU GPL v2
For bug reports, read
	http://openocd.org/doc/doxygen/bugs.html
run_packed_probe
Info : STLINK V2J43M28 (API v2) VID:PID 0483:3752
Info : Target voltage: 3.266932
Info : Unable to match requested speed 1000 kHz, using 950 kHz
Info : Unable to match requested speed 1000 kHz, using 950 kHz
Info : clock speed 950 kHz
Info : stlink_dap_op_connect(connect)
Info : SWD DPIDR 0x6ba02477
Info : [stm32h7r3.cpu0] Cortex-M7 r1p2 processor detected
Info : [stm32h7r3.cpu0] target has 8 breakpoints, 4 watchpoints
Info : starting gdb server for stm32h7r3.cpu0 on 3333
Info : Listening on port 3333 for gdb connections
[stm32h7r3.cpu0] halted due to debug-request, current mode: Thread 
xPSR: 0x81000000 pc: 0x900004c0 msp: 0x200005d0
[stm32h7r3.cpu0] halted due to debug-request, current mode: Thread 
xPSR: 0x61000000 pc: 0x0000084c msp: 0x2000ece8
PACK_DONE 0x444f4e45
PACK_PROFILE_0 0xe68 0x8 0x3faf0a61 0x0 0x8ec0 0x189281 0x0 0x120 0x0 0x0 0x0 0xd876 0x149dfa 0x0 0x0 0x0 0x0 0x0 0xaf9109 0x8b0b0c 0x59e8 0x6de5 0x190 0x0 0x0 0x0 0x0 0x3e0 0x0 0x0 0x400 0x3f3 0x0 0x3fe 0xbb 0xf 0x190 0x0 0x0 0x1
PACK_PROFILE_1 0xf10 0x6 0x3fbaeccf 0x0 0x947c 0x18db89 0x0 0x120 0x0 0x0 0x0 0x9c4c 0x137be3 0x0 0x0 0x0 0x0 0x0 0xb76b2e 0x88f83d 0x4ceb 0x5fc5 0x34a 0x0 0x0 0x0 0x0 0x3e0 0x0 0x0 0x400 0x3fe 0x0 0x3fa 0x60 0xf 0x34a 0x0 0x0 0x1
PACK_PROFILE_2 0xdea 0x6 0x3fc9d471 0x0 0xa804 0x1c6f83 0x0 0x120 0x0 0x0 0x0 0xc7c9 0x1eb19c 0x0 0x0 0x0 0x0 0x0 0xc14e36 0xd2a0ef 0x59d3 0x79b5 0x2c8 0x0 0x0 0x0 0x0 0x3e0 0x0 0x0 0x400 0x400 0x0 0x3e4 0xfa 0xf 0x2e3 0x0 0x0 0x1
PACK_STACK_GUARD_OK
[stm32h7r3.cpu0] halted due to debug-request, current mode: Thread 
xPSR: 0x81000000 pc: 0x900004bc msp: 0x200005d0
POST_RESET_PC pc (/32): 0x900004bc

POST_RESET_XPSR xPSR (/32): 0x81000000

POST_RESET_FAULTS 0x0 0x0
[stm32h7r3.cpu0] halted due to debug-request, current mode: Thread 
xPSR: 0x21000000 pc: 0x900004c2 msp: 0x200005d0
POST_RESUME_PC pc (/32): 0x900004c2

PACK_RESET_VERIFIED
shutdown command invoked
