Open On-Chip Debugger 0.12.0
Licensed under GNU GPL v2
For bug reports, read
	http://openocd.org/doc/doxygen/bugs.html
run_packed_probe
Info : STLINK V2J43M28 (API v2) VID:PID 0483:3752
Info : Target voltage: 3.268526
Info : Unable to match requested speed 1000 kHz, using 950 kHz
Info : Unable to match requested speed 1000 kHz, using 950 kHz
Info : clock speed 950 kHz
Info : stlink_dap_op_connect(connect)
Info : SWD DPIDR 0x6ba02477
Info : [stm32h7r3.cpu0] Cortex-M7 r1p2 processor detected
Info : [stm32h7r3.cpu0] target has 8 breakpoints, 4 watchpoints
Info : starting gdb server for stm32h7r3.cpu0 on 3333
Info : Listening on port 3333 for gdb connections
[stm32h7r3.cpu0] halted due to debug-request, current mode: Thread 
xPSR: 0x81000000 pc: 0x900006a8 msp: 0x200005d0
[stm32h7r3.cpu0] halted due to debug-request, current mode: Thread 
xPSR: 0x61000000 pc: 0x0000084c msp: 0x2000ece8
PACK_DONE 0x444f4e45
PACK_PROFILE_0 0x686 0xd 0x370c0000 0x0 0xd521 0x144482 0x0 0x120 0x0 0x0 0x0 0xd870 0x148d30 0x0 0x0 0x0 0x0 0x0 0x8950df 0x8aaa1e 0x6c18 0x6df4 0x0 0x0 0x0 0x0 0x0 0x3e0 0x0 0x0 0x400 0x3f3 0x400 0x220 0x400 0x8 0x0 0x0 0x1ed 0x1
PACK_PROFILE_1 0x409 0xd 0x36fdddde 0x0 0x9a5d 0x1318da 0x0 0x120 0x0 0x0 0x0 0x9c28 0x136cbb 0x0 0x0 0x0 0x0 0x0 0x86b984 0x88a04f 0x5e75 0x5fae 0x0 0x0 0x0 0x0 0x0 0x3e0 0x0 0x0 0x400 0x3fe 0x400 0x3a2 0x400 0x8 0x0 0x0 0x60 0x1
PACK_PROFILE_2 0x13ed 0xf 0x38118889 0x0 0xc490 0x1e61e9 0x0 0x120 0x0 0x0 0x0 0xc79e 0x1ea438 0x0 0x0 0x0 0x0 0x0 0xcfe512 0xd24367 0x76db 0x799c 0x0 0x0 0x0 0x0 0x0 0x3e0 0x0 0x0 0x400 0x400 0x400 0x14d 0x400 0x8 0x0 0x0 0x2b3 0x1
PACK_STACK_GUARD_OK
shutdown command invoked
