Open On-Chip Debugger 0.12.0
Licensed under GNU GPL v2
For bug reports, read
	http://openocd.org/doc/doxygen/bugs.html
run_packed_probe
Info : STLINK V2J43M28 (API v2) VID:PID 0483:3752
Info : Target voltage: 3.266932
Info : Unable to match requested speed 1000 kHz, using 950 kHz
Info : Unable to match requested speed 1000 kHz, using 950 kHz
Info : clock speed 950 kHz
Info : stlink_dap_op_connect(connect)
Info : SWD DPIDR 0x6ba02477
Info : [stm32h7r3.cpu0] Cortex-M7 r1p2 processor detected
Info : [stm32h7r3.cpu0] target has 8 breakpoints, 4 watchpoints
Info : starting gdb server for stm32h7r3.cpu0 on 3333
Info : Listening on port 3333 for gdb connections
[stm32h7r3.cpu0] halted due to debug-request, current mode: Thread 
xPSR: 0x81000000 pc: 0x900006a8 msp: 0x200005d0
[stm32h7r3.cpu0] halted due to debug-request, current mode: Thread 
xPSR: 0x61000000 pc: 0x00000882 msp: 0x2000ece0
PACK_DONE 0x444f4e45
PACK_PROFILE_0 0x787 0x3 0x35222222 0x0 0x55af 0x10e16e 0x0 0x120 0x0 0x0 0x0 0x577d 0x10e2cb 0x0 0x0 0x0 0x0 0x0 0x827326 0x82718d 0x331a 0x3483 0x0 0x0 0x0 0x0 0x0 0x3e0 0x0 0x0 0x400 0x400 0x400 0x0 0x400 0x9 0x0 0x0 0x400 0x1
PACK_PROFILE_1 0xa3a 0xd 0x372c4444 0x0 0xbcce 0x14b6c8 0x0 0x120 0x0 0x0 0x0 0xa890 0x14f09e 0x0 0x0 0x0 0x0 0x0 0x9ac948 0x9c4a20 0x63ee 0x5dc4 0x0 0x0 0x0 0x0 0x0 0x3e0 0x0 0x0 0x400 0x310 0x400 0x4ca 0x400 0x9 0x0 0x0 0x26 0x1
PACK_PROFILE_2 0x2238 0x12 0x37373333 0x0 0xbd57 0x21fce3 0x0 0x120 0x0 0x0 0x0 0xd03d 0x24ee59 0x0 0x0 0x0 0x0 0x0 0xff29a2 0x1191a6f 0x71fa 0x7be7 0x0 0x0 0x0 0x0 0x0 0x3e0 0x0 0x0 0x400 0x3ff 0x400 0x275 0x400 0x9 0x0 0x0 0x18c 0x1
PACK_STACK_GUARD_OK
shutdown command invoked
