16384 / 528000 elapsed_s 26.0
32768 / 528000 elapsed_s 52.2
49152 / 528000 elapsed_s 78.4
65536 / 528000 elapsed_s 105.0
81920 / 528000 elapsed_s 132.3
98304 / 528000 elapsed_s 158.6
114688 / 528000 elapsed_s 183.0
131072 / 528000 elapsed_s 206.9
147456 / 528000 elapsed_s 230.9
163840 / 528000 elapsed_s 254.7
180224 / 528000 elapsed_s 278.5
196608 / 528000 elapsed_s 302.6
212992 / 528000 elapsed_s 326.6
229376 / 528000 elapsed_s 350.2
245760 / 528000 elapsed_s 374.0
262144 / 528000 elapsed_s 397.8
278528 / 528000 elapsed_s 421.6
294912 / 528000 elapsed_s 445.2
311296 / 528000 elapsed_s 469.0
327680 / 528000 elapsed_s 492.8
344064 / 528000 elapsed_s 516.6
360448 / 528000 elapsed_s 540.2
376832 / 528000 elapsed_s 564.1
393216 / 528000 elapsed_s 587.9
409600 / 528000 elapsed_s 611.8
425984 / 528000 elapsed_s 635.6
442368 / 528000 elapsed_s 659.6
458752 / 528000 elapsed_s 684.0
475136 / 528000 elapsed_s 708.1
491520 / 528000 elapsed_s 719.8
507904 / 528000 elapsed_s 725.9
524288 / 528000 elapsed_s 731.7
528000 / 528000 elapsed_s 733.0
{
  "complete": true,
  "samples": 528000,
  "planned": 528000,
  "independent_zero_history": true,
  "exact_condensed_f64": true,
  "full_mna_residual_checked_each_step": true,
  "failure": null,
  "max_residual": 1.0021020471762121e-11,
  "max_kcl_a": 1.0021020471762121e-13,
  "continuations": 0,
  "elapsed_s": 733.0371601670049,
  "note": "Exact condensed f64 BDF2/48 from zero memory; original full MNA residual verified every step. Global full-MNA Newton failed separately at sample 80. Comparisons cover successful prefix when incomplete.",
  "comparisons": {
    "slew_seed_candidate": {
      "relative_rms": 1.9003603327512157e-05,
      "rms_v": 0.00037108840785944885,
      "peak_v": 0.07258114002522131,
      "peak_sample": 160022,
      "checkpoint_memory_error_v": [
        7.095797815992455e-08,
        3.774395118671947e-08,
        1.587579253614635e-07,
        3.835536646623616e-08,
        3.869723155247584e-07,
        1.2915664093782198e-07,
        7.082163895777427e-06,
        3.706284299447721e-07,
        5.029989447180583e-08,
        1.961774750846093e-05,
        1.1734422094809849e-06,
        1.8092545717586506e-05,
        1.7777535979897688e-05,
        1.8169730544069854e-05,
        5.923423496124146e-07,
        8.474207154329783e-06,
        2.2519696944768857e-07,
        1.0098483378850887e-05,
        3.7967660265758596e-11,
        1.8117636613190768e-06,
        3.7156121179826584e-07,
        1.0010216625333523e-06,
        2.273156362164741e-05,
        0.00015008812609096367,
        5.7305258011730587e-05,
        3.5106635999149205e-05,
        1.0012369211498395e-05,
        0.013471497318917613
      ]
    },
    "accepted48": {
      "relative_rms": 0.0006323282259678114,
      "rms_v": 0.012347641159152012,
      "peak_v": 5.433651023856504,
      "peak_sample": 156056,
      "checkpoint_memory_error_v": [
        7.095797815992455e-08,
        3.774395118671947e-08,
        1.587579253614635e-07,
        3.835536646623616e-08,
        3.869723155247584e-07,
        1.3953553512635608e-07,
        7.082163895777427e-06,
        3.7129781804527695e-07,
        6.750979592018425e-08,
        1.961402221816247e-05,
        1.0563283957230885e-06,
        1.820523574911498e-05,
        1.7887432043702314e-05,
        1.8280557930449096e-05,
        5.913619143239034e-07,
        8.414602509554392e-06,
        2.2575903717338424e-07,
        9.621646220647762e-06,
        3.6531222491476e-11,
        1.722356694155991e-06,
        3.7994311496980515e-07,
        1.0010216625333523e-06,
        2.463891225445991e-05,
        0.00015008812609096367,
        6.684200117579309e-05,
        4.225919337219608e-05,
        2.094653877726671e-05,
        0.013334168217355113
      ]
    }
  }
}
