{
  "sample": 156044,
  "input_v": -0.65496826,
  "conditional_history": true,
  "residual_by_port": [
    7.145319695623341e-11,
    -0.05567959310308706,
    -1.0634057020434776e-06,
    5.513688884802026e-08,
    3.145795416751677e-08,
    4.575572217409747e-09,
    1.1874795580440328e-09,
    3.3310790274280557e-08
  ],
  "first_problem": "IC3A",
  "local_equation": -0.8351938965463059,
  "local_derivative": 1.5969584515013202,
  "matrix_by_block": [
    [
      [
        2.947630032370651e-05
      ]
    ],
    [
      [
        1.5969584515013202
      ]
    ],
    [
      [
        259.1667980444452,
        -217.5610961027622
      ],
      [
        -9.079809521769272e-05,
        0.01240915975916992
      ]
    ],
    [
      [
        181.33803460653823,
        0.0,
        0.0
      ],
      [
        49.67494998952943,
        87.6569567577343,
        0.0
      ],
      [
        0.0,
        -0.00012409992383642115,
        0.0046740999238364216
      ]
    ],
    [
      [
        1.0009689188967361
      ]
    ]
  ],
  "same_history_full_f64": {
    "iterations": 27,
    "damping_steps": 8,
    "continuation_steps": 0,
    "scaled_residual": 9.380517196344584e-14,
    "kcl_a": 9.380517196344584e-16
  },
  "full_f64_ports_v": [
    -0.26548644344178196,
    12.854759820080732,
    6.495961426071367,
    0.5577487729789308,
    2.7820708788627235,
    -3.4932210603873224,
    -0.0802156182682805,
    20.99878422023579
  ],
  "full_f64_output_v": 20.99878422023579,
  "candidate_output_v": 20.9987850189209,
  "full_f64_pole_memory_v": [
    13.354472117657648,
    6.495964779430458,
    2.7820708788645634,
    -3.4932210604755047,
    627.4541151258679
  ],
  "candidate_pole_memory_v": [
    15.853775,
    6.383291,
    2.7084622,
    -3.451502,
    627.45416
  ],
  "note": "Same saved f32 energy memory, full f64 solve. This local result does not qualify independent long memory or hearing."
}
