   Compiling orange-dsp v0.1.0 (/Users/stpntrsvv/OrangeDCrush20/firmware/orange-dsp)
warning: function `observations` is never used
   --> orange-dsp/src/exponential.rs:204:4
    |
204 | fn observations<const Q: bool>(o: &[f64; 19], n: &[f64; 13]) -> [f64; 19] {
    |    ^^^^^^^^^^^^
    |
    = note: `#[warn(dead_code)]` (part of `#[warn(unused)]`) on by default

warning: constant `FS` is never used
 --> orange-dsp/src/generated_exponential.rs:2:11
  |
2 | pub const FS: f64 = 48000.0;
  |           ^^

warning: `orange-dsp` (lib) generated 2 warnings
error[E0753]: expected outer doc comment
 --> orange-dsp/examples/tda48_compare.rs:5:1
  |
5 | //! Парный контроль принятой базы 48 кГц; результаты только в новом каталоге.
  | ^^^^^^^^^^^^^^^^^^^^^^^^^^^^^^^^^^^^^^^^^^^^^^^^^^^^^^^^^^^^^^^^^^^^^^^^^^^^^
6 | use orange_dsp::{bounded48_baseline, packed::ExtraMath, FpuRootMath};
  | --------------------------------------------------------------------- the inner doc comment doesn't annotate this `use` import
  |
help: to annotate the `use` import, change the doc comment from inner to outer style
  |
5 - //! Парный контроль принятой базы 48 кГц; результаты только в новом каталоге.
5 + /// Парный контроль принятой базы 48 кГц; результаты только в новом каталоге.
  |

For more information about this error, try `rustc --explain E0753`.
error: could not compile `orange-dsp` (example "tda48_compare") due to 1 previous error
