warning: function `observations` is never used
   --> orange-dsp/src/exponential.rs:204:4
    |
204 | fn observations<const Q: bool>(o: &[f64; 19], n: &[f64; 13]) -> [f64; 19] {
    |    ^^^^^^^^^^^^
    |
    = note: `#[warn(dead_code)]` (part of `#[warn(unused)]`) on by default

warning: constant `FS` is never used
 --> orange-dsp/src/generated_exponential.rs:2:11
  |
2 | pub const FS: f64 = 48000.0;
  |           ^^

warning: `orange-dsp` (lib) generated 2 warnings
   Compiling orange-dsp v0.1.0 (/Users/stpntrsvv/OrangeDCrush20/firmware/orange-dsp)
    Finished `release` profile [optimized + debuginfo] target(s) in 4.78s
     Running `target/aarch64-apple-darwin/release/examples/tda48_compare ../simulation/experiments/tda48/sine ../simulation/experiments/rate48/sine`
8000hz_100mv: {"samples":4608,"mismatches_output_current_previous_decisions":[0, 0, 0, 0],"stops":[0, 0],"local_overruns":[0, 0],"max_attempts":[[0, 1, 3, 1, 3], [0, 1, 3, 1, 3]],"max_local_norm":[1.5099843e-5, 1.5099843e-5],"peak_difference_v":0,"current_memory_peak_v":[0.0, 0.0, 0.0, 0.0, 0.0, 0.0, 0.0, 0.0, 0.0, 0.0, 0.0, 0.0, 0.0, 0.0, 0.0, 0.0, 0.0, 0.0, 0.0, 0.0, 0.0, 0.0, 0.0, 0.0, 0.0, 0.0, 0.0, 0.0],"previous_memory_peak_v":[0.0, 0.0, 0.0, 0.0, 0.0, 0.0, 0.0, 0.0, 0.0, 0.0, 0.0, 0.0, 0.0, 0.0, 0.0, 0.0, 0.0, 0.0, 0.0, 0.0, 0.0, 0.0, 0.0, 0.0, 0.0, 0.0, 0.0, 0.0],"candidate_counts":[[0, 0, 0], [4608, 4608, 0], [15877, 12209, 11269], [4608, 4608, 0], [7034, 7034, 2426]],"baseline_counts":[[0, 0, 0], [4608, 4608, 0], [15877, 12209, 11269], [4608, 4608, 0], [7034, 7034, 2426]]}

8000hz_1000mv: {"samples":4608,"mismatches_output_current_previous_decisions":[0, 0, 0, 0],"stops":[0, 0],"local_overruns":[0, 0],"max_attempts":[[0, 3, 3, 1, 3], [0, 3, 3, 1, 3]],"max_local_norm":[1.0426839e-5, 1.0426839e-5],"peak_difference_v":0,"current_memory_peak_v":[0.0, 0.0, 0.0, 0.0, 0.0, 0.0, 0.0, 0.0, 0.0, 0.0, 0.0, 0.0, 0.0, 0.0, 0.0, 0.0, 0.0, 0.0, 0.0, 0.0, 0.0, 0.0, 0.0, 0.0, 0.0, 0.0, 0.0, 0.0],"previous_memory_peak_v":[0.0, 0.0, 0.0, 0.0, 0.0, 0.0, 0.0, 0.0, 0.0, 0.0, 0.0, 0.0, 0.0, 0.0, 0.0, 0.0, 0.0, 0.0, 0.0, 0.0, 0.0, 0.0, 0.0, 0.0, 0.0, 0.0, 0.0, 0.0],"candidate_counts":[[0, 0, 0], [5910, 5892, 1302], [12398, 12285, 7790], [4608, 4608, 0], [13856, 10156, 5548]],"baseline_counts":[[0, 0, 0], [5910, 5892, 1302], [12398, 12285, 7790], [4608, 4608, 0], [13856, 10156, 5548]]}

1000hz_1000mv: {"samples":4608,"mismatches_output_current_previous_decisions":[0, 0, 0, 0],"stops":[0, 0],"local_overruns":[0, 0],"max_attempts":[[0, 3, 3, 1, 3], [0, 3, 3, 1, 3]],"max_local_norm":[1.5497208e-5, 1.5497208e-5],"peak_difference_v":0,"current_memory_peak_v":[0.0, 0.0, 0.0, 0.0, 0.0, 0.0, 0.0, 0.0, 0.0, 0.0, 0.0, 0.0, 0.0, 0.0, 0.0, 0.0, 0.0, 0.0, 0.0, 0.0, 0.0, 0.0, 0.0, 0.0, 0.0, 0.0, 0.0, 0.0],"previous_memory_peak_v":[0.0, 0.0, 0.0, 0.0, 0.0, 0.0, 0.0, 0.0, 0.0, 0.0, 0.0, 0.0, 0.0, 0.0, 0.0, 0.0, 0.0, 0.0, 0.0, 0.0, 0.0, 0.0, 0.0, 0.0, 0.0, 0.0, 0.0, 0.0],"candidate_counts":[[0, 0, 0], [4824, 4821, 216], [12425, 12306, 7817], [4608, 4608, 0], [12599, 10119, 5511]],"baseline_counts":[[0, 0, 0], [4824, 4821, 216], [12425, 12306, 7817], [4608, 4608, 0], [12599, 10119, 5511]]}

100hz_100mv: {"samples":4608,"mismatches_output_current_previous_decisions":[0, 0, 0, 0],"stops":[0, 0],"local_overruns":[0, 0],"max_attempts":[[0, 1, 3, 1, 1], [0, 1, 3, 1, 1]],"max_local_norm":[4.887581e-6, 4.887581e-6],"peak_difference_v":0,"current_memory_peak_v":[0.0, 0.0, 0.0, 0.0, 0.0, 0.0, 0.0, 0.0, 0.0, 0.0, 0.0, 0.0, 0.0, 0.0, 0.0, 0.0, 0.0, 0.0, 0.0, 0.0, 0.0, 0.0, 0.0, 0.0, 0.0, 0.0, 0.0, 0.0],"previous_memory_peak_v":[0.0, 0.0, 0.0, 0.0, 0.0, 0.0, 0.0, 0.0, 0.0, 0.0, 0.0, 0.0, 0.0, 0.0, 0.0, 0.0, 0.0, 0.0, 0.0, 0.0, 0.0, 0.0, 0.0, 0.0, 0.0, 0.0, 0.0, 0.0],"candidate_counts":[[0, 0, 0], [4608, 4608, 0], [15585, 12759, 10977], [4608, 4608, 0], [4608, 4608, 0]],"baseline_counts":[[0, 0, 0], [4608, 4608, 0], [15585, 12759, 10977], [4608, 4608, 0], [4608, 4608, 0]]}

1000hz_250mv: {"samples":4608,"mismatches_output_current_previous_decisions":[0, 0, 0, 0],"stops":[0, 0],"local_overruns":[0, 0],"max_attempts":[[0, 1, 3, 1, 3], [0, 1, 3, 1, 3]],"max_local_norm":[1.5934309e-5, 1.5934309e-5],"peak_difference_v":0,"current_memory_peak_v":[0.0, 0.0, 0.0, 0.0, 0.0, 0.0, 0.0, 0.0, 0.0, 0.0, 0.0, 0.0, 0.0, 0.0, 0.0, 0.0, 0.0, 0.0, 0.0, 0.0, 0.0, 0.0, 0.0, 0.0, 0.0, 0.0, 0.0, 0.0],"previous_memory_peak_v":[0.0, 0.0, 0.0, 0.0, 0.0, 0.0, 0.0, 0.0, 0.0, 0.0, 0.0, 0.0, 0.0, 0.0, 0.0, 0.0, 0.0, 0.0, 0.0, 0.0, 0.0, 0.0, 0.0, 0.0, 0.0, 0.0, 0.0, 0.0],"candidate_counts":[[0, 0, 0], [4608, 4608, 0], [13702, 12130, 9094], [4608, 4608, 0], [6794, 6794, 2186]],"baseline_counts":[[0, 0, 0], [4608, 4608, 0], [13702, 12130, 9094], [4608, 4608, 0], [6794, 6794, 2186]]}

1000hz_100mv: {"samples":4608,"mismatches_output_current_previous_decisions":[0, 0, 0, 0],"stops":[0, 0],"local_overruns":[0, 0],"max_attempts":[[0, 1, 3, 1, 1], [0, 1, 3, 1, 1]],"max_local_norm":[3.7749608e-6, 3.7749608e-6],"peak_difference_v":0,"current_memory_peak_v":[0.0, 0.0, 0.0, 0.0, 0.0, 0.0, 0.0, 0.0, 0.0, 0.0, 0.0, 0.0, 0.0, 0.0, 0.0, 0.0, 0.0, 0.0, 0.0, 0.0, 0.0, 0.0, 0.0, 0.0, 0.0, 0.0, 0.0, 0.0],"previous_memory_peak_v":[0.0, 0.0, 0.0, 0.0, 0.0, 0.0, 0.0, 0.0, 0.0, 0.0, 0.0, 0.0, 0.0, 0.0, 0.0, 0.0, 0.0, 0.0, 0.0, 0.0, 0.0, 0.0, 0.0, 0.0, 0.0, 0.0, 0.0, 0.0],"candidate_counts":[[0, 0, 0], [4608, 4608, 0], [15295, 12221, 10687], [4608, 4608, 0], [4608, 4608, 0]],"baseline_counts":[[0, 0, 0], [4608, 4608, 0], [15295, 12221, 10687], [4608, 4608, 0], [4608, 4608, 0]]}

