Open On-Chip Debugger 0.12.0
Licensed under GNU GPL v2
For bug reports, read
	http://openocd.org/doc/doxygen/bugs.html
run_packed_probe
Info : STLINK V2J43M28 (API v2) VID:PID 0483:3752
Info : Target voltage: 3.270120
Info : Unable to match requested speed 1000 kHz, using 950 kHz
Info : Unable to match requested speed 1000 kHz, using 950 kHz
Info : clock speed 950 kHz
Info : stlink_dap_op_connect(connect)
Info : SWD DPIDR 0x6ba02477
Info : [stm32h7r3.cpu0] Cortex-M7 r1p2 processor detected
Info : [stm32h7r3.cpu0] target has 8 breakpoints, 4 watchpoints
Info : starting gdb server for stm32h7r3.cpu0 on 3333
Info : Listening on port 3333 for gdb connections
[stm32h7r3.cpu0] halted due to debug-request, current mode: Thread 
xPSR: 0x81000000 pc: 0x900004c0 msp: 0x200005d0
[stm32h7r3.cpu0] halted due to debug-request, current mode: Thread 
xPSR: 0x61000000 pc: 0x000008ba msp: 0x2000ecd0
PACK_DONE 0x444f4e45
PACK_PROFILE_0 0xeed 0x5 0x35200000 0x0 0xa0e8 0x221c4b 0x0 0x12c 0x0 0x0 0x0 0x9f81 0x21c48c 0x0 0x0 0x0 0x0 0x0 0x10800c6 0x1056ff9 0x5738 0x5678 0x0 0x0 0x0 0x0 0x0 0x3e0 0x0 0x0 0x800 0x800 0x800 0x0 0x800 0x9 0x0 0x0 0x800 0x2
PACK_PROFILE_1 0x132b 0x11 0x38a32222 0x0 0xf0e7 0x29c3c2 0x0 0x12c 0x0 0x0 0x0 0x111d9 0x296d2d 0x0 0x0 0x0 0x0 0x0 0x137fec4 0x1362391 0x8f9d 0xa5f3 0x0 0x0 0x0 0x0 0x0 0x3e0 0x0 0x0 0x800 0x63d 0x800 0x99c 0x800 0x9 0x0 0x0 0x27 0x2
PACK_PROFILE_2 0x4290 0x2a 0x37933333 0xf 0x16681 0x40d04d 0x0 0x12c 0xb4ffc 0xf 0xde92 0x16f44 0x47de0e 0x0 0x0 0x0 0x0 0x0 0x1effb9b 0x2264675 0xde92 0xdbe4 0x0 0x0 0x0 0x0 0x0 0x3e0 0x0 0x0 0x800 0x7ef 0x800 0x620 0x800 0x9 0x0 0x0 0x1f1 0x2
PACK_STACK_GUARD_OK
shutdown command invoked
