Open On-Chip Debugger 0.12.0
Licensed under GNU GPL v2
For bug reports, read
	http://openocd.org/doc/doxygen/bugs.html
run_packed_probe
Info : STLINK V2J43M28 (API v2) VID:PID 0483:3752
Info : Target voltage: 3.266932
Info : Unable to match requested speed 1000 kHz, using 950 kHz
Info : Unable to match requested speed 1000 kHz, using 950 kHz
Info : clock speed 950 kHz
Info : stlink_dap_op_connect(connect)
Info : SWD DPIDR 0x6ba02477
Info : [stm32h7r3.cpu0] Cortex-M7 r1p2 processor detected
Info : [stm32h7r3.cpu0] target has 8 breakpoints, 4 watchpoints
Info : starting gdb server for stm32h7r3.cpu0 on 3333
Info : Listening on port 3333 for gdb connections
[stm32h7r3.cpu0] halted due to debug-request, current mode: Thread 
xPSR: 0x81000000 pc: 0x900004bc msp: 0x200005d0
[stm32h7r3.cpu0] halted due to debug-request, current mode: Thread 
xPSR: 0x61000000 pc: 0x00000884 msp: 0x2000ecd8
PACK_DONE 0x444f4e45
PACK_PROFILE_0 0x787 0x3 0x35222222 0x0 0x5841 0x10f17a 0x0 0x12c 0x0 0x0 0x0 0x5788 0x10e594 0x0 0x0 0x0 0x0 0x0 0x82feb1 0x8285ad 0x34b9 0x3487 0x0 0x0 0x0 0x0 0x0 0x3e0 0x0 0x0 0x400 0x400 0x400 0x0 0x400 0x9 0x0 0x0 0x400 0x1
PACK_PROFILE_1 0xa23 0xc 0x372b3333 0x0 0xa1fb 0x150b06 0x0 0x12c 0x0 0x0 0x0 0xa8c5 0x14facd 0x0 0x0 0x0 0x0 0x0 0x9c711f 0x9caa73 0x587d 0x5de6 0x0 0x0 0x0 0x0 0x0 0x3e0 0x0 0x0 0x400 0x310 0x400 0x4ca 0x400 0x9 0x0 0x0 0x26 0x1
PACK_PROFILE_2 0x2399 0x1b 0x37015555 0x2 0xd505 0x2095d1 0x0 0x12c 0x10119 0x2 0x8191 0xd00d 0x24fe82 0x0 0x0 0x0 0x0 0x0 0xf83fba 0x11992c6 0x8922 0x7c1f 0x0 0x0 0x0 0x0 0x0 0x3e0 0x0 0x0 0x400 0x3ff 0x400 0x275 0x400 0x9 0x0 0x0 0x18c 0x1
PACK_STACK_GUARD_OK
shutdown command invoked
