Open On-Chip Debugger 0.12.0
Licensed under GNU GPL v2
For bug reports, read
	http://openocd.org/doc/doxygen/bugs.html
run_packed_probe
Info : STLINK V2J43M28 (API v2) VID:PID 0483:3752
Info : Target voltage: 3.266932
Info : Unable to match requested speed 1000 kHz, using 950 kHz
Info : Unable to match requested speed 1000 kHz, using 950 kHz
Info : clock speed 950 kHz
Info : stlink_dap_op_connect(connect)
Info : SWD DPIDR 0x6ba02477
Info : [stm32h7r3.cpu0] Cortex-M7 r1p2 processor detected
Info : [stm32h7r3.cpu0] target has 8 breakpoints, 4 watchpoints
Info : starting gdb server for stm32h7r3.cpu0 on 3333
Info : Listening on port 3333 for gdb connections
[stm32h7r3.cpu0] halted due to debug-request, current mode: Thread 
xPSR: 0x81000000 pc: 0x900004c0 msp: 0x200005d0
[stm32h7r3.cpu0] halted due to debug-request, current mode: Thread 
xPSR: 0x61000000 pc: 0x00000880 msp: 0x2000ecd8
PACK_DONE 0x444f4e45
PACK_PROFILE_0 0x7d3 0x3 0x374ca222 0x0 0x4a5e 0x1160b4 0x0 0x12c 0x0 0x0 0x0 0x57f2 0x10fd32 0x0 0x0 0x0 0x0 0x0 0x867ca7 0x835533 0x2543 0x34b2 0x0 0x0 0x0 0x0 0x0 0x3e0 0x0 0x0 0x400 0x400 0x400 0x0 0x400 0x9 0x0 0x0 0x400 0x1
PACK_PROFILE_1 0xe5c 0xd 0x38d0aaab 0x0 0x80dd 0x16d239 0x0 0x12c 0x0 0x0 0x0 0xa8cc 0x150104 0x0 0x0 0x0 0x0 0x0 0xa7b400 0x9cd841 0x4465 0x5df3 0x0 0x0 0x0 0x0 0x0 0x3e0 0x0 0x0 0x400 0x310 0x400 0x4ca 0x400 0x9 0x0 0x0 0x26 0x1
PACK_PROFILE_2 0x26a0 0x16 0x382a5555 0x0 0x9ff6 0x1ce61b 0x0 0x12c 0x0 0x0 0x0 0xcff0 0x250291 0x0 0x0 0x0 0x0 0x0 0xdbdae5 0x119bc01 0x5885 0x7c11 0x0 0x0 0x0 0x0 0x0 0x3e0 0x0 0x0 0x400 0x3ff 0x400 0x275 0x400 0x9 0x0 0x0 0x18c 0x1
PACK_STACK_GUARD_OK
shutdown command invoked
