Open On-Chip Debugger 0.12.0
Licensed under GNU GPL v2
For bug reports, read
	http://openocd.org/doc/doxygen/bugs.html
run_packed_probe
Info : STLINK V2J43M28 (API v2) VID:PID 0483:3752
Info : Target voltage: 3.268526
Info : Unable to match requested speed 1000 kHz, using 950 kHz
Info : Unable to match requested speed 1000 kHz, using 950 kHz
Info : clock speed 950 kHz
Info : stlink_dap_op_connect(connect)
Info : SWD DPIDR 0x6ba02477
Info : [stm32h7r3.cpu0] Cortex-M7 r1p2 processor detected
Info : [stm32h7r3.cpu0] target has 8 breakpoints, 4 watchpoints
Info : starting gdb server for stm32h7r3.cpu0 on 3333
Info : Listening on port 3333 for gdb connections
[stm32h7r3.cpu0] halted due to debug-request, current mode: Thread 
xPSR: 0x81000000 pc: 0x900004bc msp: 0x200005d0
[stm32h7r3.cpu0] halted due to debug-request, current mode: Thread 
xPSR: 0x61000000 pc: 0x00000894 msp: 0x2000ece0
PACK_DONE 0x444f4e45
PACK_PROFILE_0 0x787 0x3 0x35222223 0x0 0x50d2 0xff967 0x0 0x120 0x0 0x0 0x0 0x57d0 0x10dd1d 0x0 0x0 0x0 0x0 0x0 0x7b7acc 0x825750 0x3023 0x35bd 0x0 0x0 0x0 0x0 0x0 0x3e0 0x0 0x0 0x400 0x400 0x400 0x0 0x400 0x8 0x0 0x0 0x400 0x0
PACK_PROFILE_1 0xa31 0xc 0x3723bbbc 0x0 0x9e46 0x13ba9d 0x0 0x120 0x0 0x0 0x0 0xa889 0x14ede1 0x0 0x0 0x0 0x0 0x0 0x9364de 0x9c38c6 0x57d2 0x5dc1 0x0 0x0 0x0 0x0 0x0 0x3e0 0x0 0x0 0x400 0x310 0x400 0x4ca 0x400 0x8 0x0 0x0 0x26 0x0
PACK_PROFILE_2 0x21c1 0x13 0x37300001 0x0 0xc27b 0x22a5ea 0x0 0x120 0x0 0x0 0x0 0xd0ea 0x24eb4e 0x0 0x0 0x0 0x0 0x0 0x107cd8a 0x1190b14 0x746b 0x7be7 0x0 0x0 0x0 0x0 0x0 0x3e0 0x0 0x0 0x400 0x3ff 0x400 0x275 0x400 0x8 0x0 0x0 0x18c 0x0
PACK_STACK_GUARD_OK
shutdown command invoked
