Open On-Chip Debugger 0.12.0
Licensed under GNU GPL v2
For bug reports, read
	http://openocd.org/doc/doxygen/bugs.html
run_packed_probe
Info : STLINK V2J43M28 (API v2) VID:PID 0483:3752
Info : Target voltage: 3.266932
Info : Unable to match requested speed 1000 kHz, using 950 kHz
Info : Unable to match requested speed 1000 kHz, using 950 kHz
Info : clock speed 950 kHz
Info : stlink_dap_op_connect(connect)
Info : SWD DPIDR 0x6ba02477
Info : [stm32h7r3.cpu0] Cortex-M7 r1p2 processor detected
Info : [stm32h7r3.cpu0] target has 8 breakpoints, 4 watchpoints
Info : starting gdb server for stm32h7r3.cpu0 on 3333
Info : Listening on port 3333 for gdb connections
[stm32h7r3.cpu0] halted due to debug-request, current mode: Thread 
xPSR: 0x81000000 pc: 0x900006a8 msp: 0x200005d0
[stm32h7r3.cpu0] halted due to debug-request, current mode: Thread 
xPSR: 0x61000000 pc: 0x000008ce msp: 0x2000ec10
PACK_DONE 0x444f4e45
PACK_PROFILE_0 0x787 0x3 0x35222222 0x0 0x5743 0x112002 0x0 0x120 0x0 0x0 0x0 0x5544 0x10d109 0x0 0x0 0x0 0x0 0x0 0x84646e 0x81d7ad 0x3459 0x32ff 0x0 0x0 0x0 0x0 0x0 0x3e0 0x0 0x0 0x400 0x400 0x400 0x0 0x400 0x8 0x0 0x0 0x400 0x1
PACK_PROFILE_1 0xa31 0xc 0x3723bbbc 0x0 0xab03 0x15139c 0x0 0x120 0x0 0x0 0x0 0xa69a 0x14ab5b 0x0 0x0 0x0 0x0 0x0 0x9d7295 0x9a6b7a 0x5f58 0x5e00 0x0 0x0 0x0 0x0 0x0 0x3e0 0x0 0x0 0x400 0x310 0x400 0x4ca 0x400 0x8 0x0 0x0 0x26 0x1
PACK_PROFILE_2 0x21c1 0x13 0x37300000 0x0 0xd232 0x256780 0x0 0x120 0x0 0x0 0x0 0xcc83 0x247ba7 0x0 0x0 0x0 0x0 0x0 0x11cec1f 0x115d049 0x7dc2 0x7a59 0x0 0x0 0x0 0x0 0x0 0x3e0 0x0 0x0 0x400 0x3ff 0x400 0x275 0x400 0x8 0x0 0x0 0x18c 0x1
PACK_COUNTS_0 0x400 0x0 0x0 0x0 0x400 0x400 0x0 0x0 0x0 0x0 0x0 0x400 0x400 0x0 0x0 0x400 0x400 0x0 0x0 0x0 0x0 0x0 0x182e 0x1796 0x7cc 0x4c 0x0 0x0 0x0 0x0 0xc2e 0x0 0xbcb 0xc00 0xc00 0x0 0x0 0x400 0x400 0x0 0x0 0x0 0x0 0x400 0x400 0x400 0x0 0x0 0x400 0x400 0x0 0x38 0x0 0x0 0x0
PACK_COUNTS_1 0x400 0x0 0x0 0x0 0x400 0x400 0x0 0x0 0x0 0x0 0x0 0x712 0x661 0x222 0x0 0x400 0x310 0x0 0x483 0x0 0x0 0x312 0x1c2a 0x17a2 0x7d1 0x244 0x0 0x0 0x0 0x745 0xe1d 0x0 0xbd1 0xc00 0xc00 0x0 0x0 0x400 0x400 0x0 0x0 0x0 0x2d9 0x400 0x8ca 0x85d 0xd1 0x1f 0x400 0x26 0x0 0xa33 0x0 0x0 0x4ab
PACK_COUNTS_2 0x400 0x0 0x0 0x0 0x400 0x400 0x0 0x0 0x0 0x0 0x0 0x405 0x404 0x3 0x1 0x400 0x3ff 0x0 0x93 0x0 0x0 0x4 0x9240 0x434c 0x1daf 0x277a 0x0 0x0 0x0 0x7f3 0x4989 0x0 0x21a6 0xc00 0xc00 0x0 0x0 0x400 0x400 0x0 0x0 0x0 0x276 0x400 0xd7c 0xa81 0x54a 0x1be 0x400 0x18c 0x0 0x1375 0x0 0x0 0x7be
PACK_STACK_GUARD_OK
shutdown command invoked
