Open On-Chip Debugger 0.12.0
Licensed under GNU GPL v2
For bug reports, read
	http://openocd.org/doc/doxygen/bugs.html
run_packed_probe
Info : STLINK V2J43M28 (API v2) VID:PID 0483:3752
Info : Target voltage: 3.265339
Info : Unable to match requested speed 1000 kHz, using 950 kHz
Info : Unable to match requested speed 1000 kHz, using 950 kHz
Info : clock speed 950 kHz
Info : stlink_dap_op_connect(connect)
Info : SWD DPIDR 0x6ba02477
Info : [stm32h7r3.cpu0] Cortex-M7 r1p2 processor detected
Info : [stm32h7r3.cpu0] target has 8 breakpoints, 4 watchpoints
Info : starting gdb server for stm32h7r3.cpu0 on 3333
Info : Listening on port 3333 for gdb connections
[stm32h7r3.cpu0] halted due to debug-request, current mode: Thread 
xPSR: 0x81000000 pc: 0x900004c0 msp: 0x200005d0
[stm32h7r3.cpu0] halted due to debug-request, current mode: Thread 
xPSR: 0x61000000 pc: 0x000008b8 msp: 0x2000ece0
PACK_DONE 0x444f4e45
PACK_PROFILE_0 0xeed 0x5 0x35200000 0x0 0x9e2d 0x21daa5 0x0 0x120 0x0 0x0 0x0 0x9f6e 0x21c109 0x0 0x0 0x0 0x0 0x0 0x1060274 0x105501f 0x556e 0x5684 0x0 0x0 0x0 0x0 0x0 0x3e0 0x0 0x0 0x800 0x800 0x800 0x0 0x800 0x8 0x0 0x0 0x800 0x2
PACK_PROFILE_1 0x1340 0x15 0x38a5ddde 0x0 0x110e3 0x2922f5 0x0 0x120 0x0 0x0 0x0 0x111e2 0x297507 0x0 0x0 0x0 0x0 0x0 0x1346109 0x136522f 0xa53f 0xa5f2 0x0 0x0 0x0 0x0 0x0 0x3e0 0x0 0x0 0x800 0x63d 0x800 0x99c 0x800 0x8 0x0 0x0 0x27 0x2
PACK_PROFILE_2 0x3fab 0x20 0x370aaaab 0x0 0x16af8 0x476fbb 0x0 0x120 0x0 0x0 0x0 0x16e1a 0x47ebe4 0x0 0x0 0x0 0x0 0x0 0x22318b0 0x22680a1 0xd95a 0xdbd4 0x0 0x0 0x0 0x0 0x0 0x3e0 0x0 0x0 0x800 0x7ef 0x800 0x620 0x800 0x8 0x0 0x0 0x1f1 0x2
PACK_STACK_GUARD_OK
shutdown command invoked
