Open On-Chip Debugger 0.12.0
Licensed under GNU GPL v2
For bug reports, read
	http://openocd.org/doc/doxygen/bugs.html
run_packed_probe
Info : STLINK V2J43M28 (API v2) VID:PID 0483:3752
Info : Target voltage: 3.258847
Info : Unable to match requested speed 1000 kHz, using 950 kHz
Info : Unable to match requested speed 1000 kHz, using 950 kHz
Info : clock speed 950 kHz
Info : stlink_dap_op_connect(connect)
Info : SWD DPIDR 0x6ba02477
Info : [stm32h7r3.cpu0] Cortex-M7 r1p2 processor detected
Info : [stm32h7r3.cpu0] target has 8 breakpoints, 4 watchpoints
Info : starting gdb server for stm32h7r3.cpu0 on 3333
Info : Listening on port 3333 for gdb connections
[stm32h7r3.cpu0] halted due to debug-request, current mode: Thread 
xPSR: 0x81000000 pc: 0x900004c0 msp: 0x200005d0
[stm32h7r3.cpu0] halted due to debug-request, current mode: Thread 
xPSR: 0x61000000 pc: 0x0000088e msp: 0x2000ed00
PACK_DONE 0x444f4e45
PACK_PROFILE_0 0xb78 0x5 0x35a11111 0x0 0x65c8 0xfc7ac 0x0 0x11c 0x0 0x0 0x0 0x8dec 0x1a89cd 0x0 0x0 0x0 0x0 0x0 0x792009 0xccd53a 0x43c9 0x591e 0x0 0x0 0x0 0x0 0x0 0x3e0 0x0 0x0 0x400 0x400 0x400 0x0 0x400 0x4 0x0 0x0 0x0 0x0
PACK_PROFILE_1 0xa64 0xc 0x373f7777 0x0 0xa90d 0x129551 0x0 0x11c 0x0 0x0 0x0 0x1a875 0x1db25a 0x0 0x0 0x0 0x0 0x0 0x82ab5d 0xdd515a 0x5e34 0xdc6a 0x0 0x0 0x0 0x0 0x0 0x3e0 0x0 0x0 0x400 0x310 0x400 0xf0 0x400 0x4 0x0 0x0 0x0 0x0
PACK_PROFILE_2 0x2643 0x19 0x3704aaab 0x1 0xf4c2 0x26fac1 0x0 0x11c 0xaa3c 0x1 0xaa3c 0x2755c 0x4ff019 0x0 0x0 0x0 0x0 0x0 0x1284c19 0x260b1f7 0xaa3c 0x1c459 0x0 0x0 0x0 0x0 0x0 0x3e0 0x0 0x7 0x400 0x3ff 0x400 0x1 0x400 0x4 0x0 0x0 0x0 0x0
shutdown command invoked
