Open On-Chip Debugger 0.12.0
Licensed under GNU GPL v2
For bug reports, read
	http://openocd.org/doc/doxygen/bugs.html
run_packed_probe
Info : STLINK V2J43M28 (API v2) VID:PID 0483:3752
Info : Target voltage: 3.257257
Info : Unable to match requested speed 1000 kHz, using 950 kHz
Info : Unable to match requested speed 1000 kHz, using 950 kHz
Info : clock speed 950 kHz
Info : stlink_dap_op_connect(connect)
Info : SWD DPIDR 0x6ba02477
Info : [stm32h7r3.cpu0] Cortex-M7 r1p2 processor detected
Info : [stm32h7r3.cpu0] target has 8 breakpoints, 4 watchpoints
Info : starting gdb server for stm32h7r3.cpu0 on 3333
Info : Listening on port 3333 for gdb connections
[stm32h7r3.cpu0] halted due to debug-request, current mode: Thread 
xPSR: 0x81000000 pc: 0x900004c0 msp: 0x200005d0
[stm32h7r3.cpu0] halted due to debug-request, current mode: Thread 
xPSR: 0x61000000 pc: 0x0000088c msp: 0x2000ed00
PACK_DONE 0x444f4e45
PACK_PROFILE_0 0xb65 0x4 0x35222222 0x0 0x5c99 0x146844 0x0 0x11c 0x0 0x0 0x0 0x8d77 0x1a6c90 0x0 0x0 0x0 0x0 0x0 0x9dc767 0xcbdef8 0x33fc 0x58de 0x0 0x0 0x0 0x0 0x0 0x3e0 0x0 0x0 0x400 0x400 0x400 0x0 0x400 0x1 0x0 0x0 0x0 0x0
PACK_PROFILE_1 0xa66 0xc 0x37400000 0x0 0xcd69 0x174265 0x0 0x11c 0x0 0x0 0x0 0x1a7de 0x1d94aa 0x0 0x0 0x0 0x0 0x0 0xa827a6 0xdc58a6 0x75e3 0xdc15 0x0 0x0 0x0 0x0 0x0 0x3e0 0x0 0x0 0x400 0x30f 0x400 0xf1 0x400 0x1 0x0 0x0 0x0 0x0
PACK_PROFILE_2 0x2628 0x18 0x371eaaab 0x1 0x16378 0x2f2c87 0x0 0x11c 0xce69 0x1 0xce69 0x27517 0x4fe179 0x0 0x0 0x0 0x0 0x0 0x16801e2 0x2604bab 0xeaac 0x1c45b 0x0 0x0 0x0 0x0 0x0 0x3e0 0x0 0x7 0x400 0x3ff 0x400 0x1 0x400 0x1 0x0 0x0 0x0 0x0
shutdown command invoked
