Open On-Chip Debugger 0.12.0
Licensed under GNU GPL v2
For bug reports, read
	http://openocd.org/doc/doxygen/bugs.html
run_packed_probe
Info : STLINK V2J43M28 (API v2) VID:PID 0483:3752
Info : Target voltage: 3.263618
Info : Unable to match requested speed 1000 kHz, using 950 kHz
Info : Unable to match requested speed 1000 kHz, using 950 kHz
Info : clock speed 950 kHz
Info : stlink_dap_op_connect(connect)
Info : SWD DPIDR 0x6ba02477
Info : [stm32h7r3.cpu0] Cortex-M7 r1p2 processor detected
Info : [stm32h7r3.cpu0] target has 8 breakpoints, 4 watchpoints
Info : starting gdb server for stm32h7r3.cpu0 on 3333
Info : Listening on port 3333 for gdb connections
[stm32h7r3.cpu0] halted due to debug-request, current mode: Thread 
xPSR: 0x81000000 pc: 0x900004bc msp: 0x200005d0
[stm32h7r3.cpu0] halted due to debug-request, current mode: Thread 
xPSR: 0x61000000 pc: 0x0000088c msp: 0x2000ed00
PACK_DONE 0x444f4e45
PACK_PROFILE_0 0xb78 0x5 0x35a11111 0x0 0x630c 0xf7ee0 0x0 0x11c 0x0 0x0 0x0 0x8e95 0x1ab611 0x0 0x0 0x0 0x0 0x0 0x76e0b8 0xce186a 0x41ff 0x5970 0x0 0x0 0x0 0x0 0x0 0x3e0 0x0 0x0 0x400 0x400 0x400 0x0 0x400 0x3 0x0 0x0 0x0 0x0
PACK_PROFILE_1 0xa69 0xc 0x37455555 0x0 0x9fe5 0x11d33f 0x0 0x11c 0x0 0x0 0x0 0x1a8dd 0x1ddad4 0x0 0x0 0x0 0x0 0x0 0x7e6871 0xde4172 0x5aeb 0xdc9d 0x0 0x0 0x0 0x0 0x0 0x3e0 0x0 0x0 0x400 0x310 0x400 0xf0 0x400 0x3 0x0 0x0 0x0 0x0
PACK_PROFILE_2 0x2652 0x1c 0x37033333 0x3 0xe57f 0x256ae0 0x0 0x11c 0x1d7e9 0x3 0xa5a4 0x27673 0x5039ca 0x0 0x0 0x0 0x0 0x0 0x11c0389 0x2631427 0xa5a4 0x1c534 0x0 0x0 0x0 0x0 0x0 0x3e0 0x0 0x7 0x400 0x3ff 0x400 0x1 0x400 0x3 0x0 0x0 0x0 0x0
shutdown command invoked
