Open On-Chip Debugger 0.12.0
Licensed under GNU GPL v2
For bug reports, read
	http://openocd.org/doc/doxygen/bugs.html
run_packed_probe
Info : STLINK V2J43M28 (API v2) VID:PID 0483:3752
Info : Target voltage: 3.262028
Info : Unable to match requested speed 1000 kHz, using 950 kHz
Info : Unable to match requested speed 1000 kHz, using 950 kHz
Info : clock speed 950 kHz
Info : stlink_dap_op_connect(connect)
Info : SWD DPIDR 0x6ba02477
Info : [stm32h7r3.cpu0] Cortex-M7 r1p2 processor detected
Info : [stm32h7r3.cpu0] target has 8 breakpoints, 4 watchpoints
Info : starting gdb server for stm32h7r3.cpu0 on 3333
Info : Listening on port 3333 for gdb connections
[stm32h7r3.cpu0] halted due to debug-request, current mode: Thread 
xPSR: 0x81000000 pc: 0x900006a4 msp: 0x200005d0
[stm32h7r3.cpu0] halted due to debug-request, current mode: Thread 
xPSR: 0x61000000 pc: 0x00000888 msp: 0x2000ed00
PACK_DONE 0x444f4e45
PACK_PROFILE_0 0xb62 0x4 0x351bbbbc 0x0 0x5f82 0x13e974 0x0 0x11c 0x0 0x0 0x0 0x8d70 0x1a6eec 0x0 0x0 0x0 0x0 0x0 0x9975be 0xcbe917 0x369f 0x58e0 0x0 0x0 0x0 0x0 0x0 0x3e0 0x0 0x0 0x400 0x400 0x400 0x0 0x400 0x2 0x0 0x0 0x0 0x0
PACK_PROFILE_1 0xa66 0xc 0x3733bbbc 0x0 0xc9fc 0x16b2e7 0x0 0x11c 0x0 0x0 0x0 0x1a7e2 0x1d93f2 0x0 0x0 0x0 0x0 0x0 0xa369bf 0xdc5c08 0x6b00 0xdc17 0x0 0x0 0x0 0x0 0x0 0x3e0 0x0 0x0 0x400 0x30f 0x400 0xf1 0x400 0x2 0x0 0x0 0x0 0x0
PACK_PROFILE_2 0x262c 0x19 0x37208889 0x1 0x12862 0x2bc793 0x0 0x11c 0xb1b9 0x1 0xb1b9 0x27666 0x4fe304 0x0 0x0 0x0 0x0 0x0 0x14e9db7 0x260591d 0xb968 0x1c45d 0x0 0x0 0x0 0x0 0x0 0x3e0 0x0 0x7 0x400 0x3ff 0x400 0x1 0x400 0x2 0x0 0x0 0x0 0x0
shutdown command invoked
