   Compiling orange-dsp v0.1.0 (/Users/stpntrsvv/OrangeDCrush20/firmware/orange-dsp)
    Finished `release` profile [optimized + debuginfo] target(s) in 22.24s
     Running unittests src/lib.rs (firmware/target/aarch64-apple-darwin/release/deps/orange_dsp-b468f9428fa6732f)

running 3 tests
test scalar::audit::cached_law_values_and_derivatives_match_original_laws ... ok
packed F=5 M=orange_dsp::packed::ExtraMath<orange_dsp::FpuRootMath, 2> case=100 rms=0.0000017067964416341981 peak=0.0000408546074450733 scaled=0.00000272364049633822 fullres=0.000023841858 failures=0 maxiter=5
direct=[1024, 1024, 1024, 0, 1024, 1024] retries=0 worst_state=("v:phones_feed", 173)
triangle100: steps=1024 output_different=0 peak_vs_P7=0 memory_peak_vs_P7=0 counts=[[1024, 0, 0, 0, 1024, 1024, 0, 0, 0, 0, 0], [1024, 1024, 0, 0, 1024, 1024, 0, 0, 0, 0, 0], [6190, 6038, 1996, 76, 0, 0, 0, 0, 3118, 0, 3019], [3072, 3072, 0, 0, 1024, 1024, 0, 0, 0, 0, 1024], [1024, 1024, 0, 0, 1024, 1024, 0, 56, 0, 0, 0]]
packed F=5 M=orange_dsp::packed::ExtraMath<orange_dsp::FpuRootMath, 2> case=1000 rms=0.0000053530152907678985 peak=0.00301040630190208 scaled=0.000670666583800994 fullres=0.000074505806 failures=0 maxiter=12
direct=[1024, 784, 1024, 1226, 1024, 38] retries=0 worst_state=("x:TDA2050", 376)
triangle1000: steps=1024 output_different=91 peak_vs_P7=0.0004711151 memory_peak_vs_P7=0.0053710938 counts=[[1024, 0, 0, 0, 1024, 1024, 0, 0, 0, 0, 0], [1810, 1633, 546, 0, 1024, 784, 0, 1155, 0, 0, 786], [7036, 6018, 1986, 509, 0, 0, 0, 1850, 3527, 0, 3009], [3072, 3072, 0, 0, 1024, 1024, 0, 0, 0, 729, 1024], [2250, 2141, 209, 31, 1024, 38, 0, 2611, 0, 0, 1195]]
packed F=5 M=orange_dsp::packed::ExtraMath<orange_dsp::FpuRootMath, 2> case=250 rms=0.0000015848944367475724 peak=0.000477241195760314 scaled=0.00003181607971735427 fullres=0.000047683716 failures=0 maxiter=27
direct=[1024, 1023, 1024, 629, 1024, 396] retries=2 worst_state=("v:phones_feed", 571)
packed F=5 M=orange_dsp::packed::ExtraMath<orange_dsp::FpuRootMath, 2> case=2001 rms=0.000004437905474880091 peak=0.0021827404929979366 scaled=0.0011686734572163477 fullres=0.000071525574 failures=0 maxiter=19
direct=[1536, 1523, 1536, 594, 1536, 955] retries=0 worst_state=("x:TDA2050", 690)
noise250: steps=1024 output_different=619 peak_vs_P7=0.00018119812 memory_peak_vs_P7=0.00034332275 counts=[[1024, 0, 0, 0, 1024, 1024, 0, 0, 0, 0, 0], [1029, 1028, 3, 1, 1024, 1023, 0, 147, 0, 0, 4], [26284, 18224, 8091, 4030, 0, 0, 2, 2161, 13331, 0, 9112], [3072, 3072, 0, 0, 1024, 1024, 0, 0, 0, 630, 1024], [3452, 2689, 1354, 446, 1024, 396, 0, 4981, 0, 0, 1982]]
packed F=5 M=orange_dsp::packed::ExtraMath<orange_dsp::FpuRootMath, 2> case=2002 rms=0.0000063919912920782296 peak=0.004766934647243204 scaled=0.0013825827524366712 fullres=0.00009536743 failures=0 maxiter=27
direct=[1536, 1534, 1536, 1339, 1536, 199] retries=1 worst_state=("x:IC3A", 609)
packed F=5 M=orange_dsp::packed::ExtraMath<orange_dsp::FpuRootMath, 2> case=2003 rms=0.0000018846253932603223 peak=0.0005093875556383409 scaled=0.00020950339594113151 fullres=0.000047683716 failures=0 maxiter=14
direct=[1536, 1536, 1536, 332, 1536, 1204] retries=0 worst_state=("x:TDA2050", 771)
step025: steps=1536 output_different=939 peak_vs_P7=0.000078201294 memory_peak_vs_P7=0.0028076172 counts=[[1536, 0, 0, 0, 1536, 1536, 0, 0, 0, 0, 0], [1583, 1573, 32, 2, 1536, 1523, 0, 104, 0, 0, 45], [6950, 6478, 1703, 236, 0, 0, 0, 149, 3572, 0, 3239], [4608, 4608, 0, 0, 1536, 1536, 0, 0, 0, 734, 1536], [2624, 2508, 497, 10, 1536, 955, 0, 3734, 0, 0, 1078]]
packed F=5 M=orange_dsp::packed::ExtraMath<orange_dsp::FpuRootMath, 2> case=3001 rms=0.0000017662727228298552 peak=0.000042122465318872315 scaled=0.0000028081643545914875 fullres=0.000023841858 failures=0 maxiter=5
direct=[2048, 2048, 2048, 0, 2048, 2048] retries=0 worst_state=("v:phones_feed", 1143)
step1: steps=1536 output_different=135 peak_vs_P7=0.00008773804 memory_peak_vs_P7=0.0026855469 counts=[[1536, 0, 0, 0, 1536, 1536, 0, 0, 0, 0, 0], [1540, 1538, 2, 0, 1536, 1534, 0, 8, 0, 0, 4], [6412, 6186, 1556, 113, 0, 0, 1, 1645, 3304, 0, 3093], [4608, 4608, 0, 0, 1536, 1536, 0, 7, 0, 1032, 1536], [3022, 2962, 145, 4, 1536, 199, 0, 3247, 0, 0, 1482]]
packed F=5 M=orange_dsp::packed::ExtraMath<orange_dsp::FpuRootMath, 2> case=3002 rms=0.000012242884773893118 peak=0.008848229334752489 scaled=0.0005898819556501659 fullres=0.00008139759 failures=0 maxiter=12
direct=[2048, 1597, 2048, 2460, 2048, 39] retries=0 worst_state=("v:phones_feed", 1569)
multitone: steps=1536 output_different=1316 peak_vs_P7=0.0005912781 memory_peak_vs_P7=0.00623703 counts=[[1536, 0, 0, 0, 1536, 1536, 0, 0, 0, 0, 0], [1536, 1536, 0, 0, 1536, 1536, 0, 105, 0, 0, 0], [19050, 13312, 5129, 2869, 0, 0, 0, 1539, 9559, 0, 6656], [4608, 4608, 0, 0, 1536, 1536, 0, 0, 0, 510, 1536], [2485, 2219, 442, 175, 1536, 1204, 0, 2333, 0, 0, 774]]
packed F=5 M=orange_dsp::packed::ExtraMath<orange_dsp::FpuRootMath, 2> case=3003 rms=0.0000013921695551715686 peak=0.00045641413774433204 scaled=0.00005849341177880755 fullres=0.000047765207 failures=0 maxiter=28
direct=[2048, 2031, 2048, 1568, 2048, 497] retries=15 worst_state=("x:TDA2050", 1076)
test scalar::tests::repeated_extended_reference ... ok
output0: steps=2048 output_different=0 peak_vs_P7=0 memory_peak_vs_P7=0 counts=[[2048, 0, 0, 0, 2048, 2048, 0, 0, 0, 0, 0], [2048, 2048, 0, 0, 2048, 2048, 0, 0, 0, 0, 0], [12268, 12000, 3952, 134, 0, 0, 0, 0, 6176, 0, 6000], [6144, 6144, 0, 0, 2048, 2048, 0, 0, 0, 0, 2048], [2048, 2048, 0, 0, 2048, 2048, 0, 96, 0, 0, 0]]
output1: steps=2048 output_different=105 peak_vs_P7=0.00855732 memory_peak_vs_P7=0.009277344 counts=[[2048, 0, 0, 0, 2048, 2048, 0, 0, 0, 0, 0], [3524, 3190, 1025, 0, 2048, 1597, 0, 2167, 0, 0, 1476], [13644, 11836, 3872, 904, 0, 0, 0, 3648, 6837, 0, 5918], [6144, 6144, 0, 0, 2048, 2048, 0, 0, 0, 1497, 2048], [4387, 4232, 290, 40, 2048, 39, 0, 4864, 0, 0, 2299]]
output2: steps=2048 output_different=844 peak_vs_P7=0.00041675568 memory_peak_vs_P7=0.00048446655 counts=[[2048, 0, 0, 0, 2048, 2048, 0, 0, 0, 0, 0], [2121, 2109, 44, 12, 2048, 2031, 0, 472, 0, 0, 61], [53076, 34598, 15243, 9239, 0, 0, 15, 4129, 26762, 0, 17299], [6144, 6144, 0, 0, 2048, 2048, 0, 0, 0, 1514, 2048], [6543, 5279, 2340, 604, 2048, 497, 0, 8853, 0, 0, 3891]]
test scalar::audit::paired_traces_and_counter_equivalence ... ok

test result: ok. 3 passed; 0 failed; 0 ignored; 0 measured; 41 filtered out; finished in 0.09s

