Open On-Chip Debugger 0.12.0
Licensed under GNU GPL v2
For bug reports, read
	http://openocd.org/doc/doxygen/bugs.html
run_packed_probe
Info : STLINK V2J43M28 (API v2) VID:PID 0483:3752
Info : Target voltage: 3.270120
Info : Unable to match requested speed 1000 kHz, using 950 kHz
Info : Unable to match requested speed 1000 kHz, using 950 kHz
Info : clock speed 950 kHz
Info : stlink_dap_op_connect(connect)
Info : SWD DPIDR 0x6ba02477
Info : [stm32h7r3.cpu0] Cortex-M7 r1p2 processor detected
Info : [stm32h7r3.cpu0] target has 8 breakpoints, 4 watchpoints
Info : starting gdb server for stm32h7r3.cpu0 on 3333
Info : Listening on port 3333 for gdb connections
[stm32h7r3.cpu0] halted due to debug-request, current mode: Thread 
xPSR: 0x81000000 pc: 0x900006a8 msp: 0x200005d0
[stm32h7r3.cpu0] halted due to debug-request, current mode: Thread 
xPSR: 0x61000000 pc: 0x000008d4 msp: 0x2000ecd0
PACK_DONE 0x444f4e45
PACK_PROFILE_0 0xeed 0x5 0x35200000 0x0 0xa0d4 0x221722 0x0 0x12c 0x0 0x0 0x0 0x9f79 0x21c2b5 0x0 0x0 0x0 0x0 0x0 0x107d645 0x105615c 0x571f 0x5674 0x0 0x0 0x0 0x0 0x0 0x3e0 0x0 0x0 0x800 0x800 0x800 0x0 0x800 0x9 0x0 0x0 0x800 0x2
PACK_PROFILE_1 0x1425 0x18 0x38a37777 0x0 0x10c9b 0x29ca27 0x0 0x12c 0x0 0x0 0x0 0x111e0 0x2971ba 0x3e 0x225 0x0 0x0 0x0 0x13a6366 0x13635b9 0x9859 0xa5f0 0x0 0x0 0x0 0x0 0x0 0x3e0 0x0 0x0 0x800 0x63d 0x800 0x99c 0x800 0x9 0x0 0x0 0x27 0x2
PACK_PROFILE_2 0x487e 0x25 0x3887f777 0x0 0x13bd8 0x3c13d1 0x0 0x12c 0x0 0x0 0x0 0x16df6 0x47e137 0x6e6 0x3dbc 0x0 0x0 0x0 0x1cb8c90 0x2265519 0xb276 0xdbe0 0x0 0x0 0x0 0x0 0x0 0x3e0 0x0 0x0 0x800 0x7ef 0x800 0x620 0x800 0x9 0x0 0x0 0x1f1 0x2
PACK_STACK_GUARD_OK
Error: [stm32h7r3.cpu0] clearing lockup after double fault
[stm32h7r3.cpu0] halted due to debug-request, current mode: Handler HardFault
xPSR: 0x20000003 pc: 00000000 msp: 0xffffff98
shutdown command invoked
