triangle100 candidate RMS mV 0.008229648558410288 peak mV 0.040714936692998194 scaled 2.714329112866546e-06 KCL A 2.384185791015625e-07
triangle100 P7 RMS mV 0.008263620836393332 peak mV 0.0408546074450733 scaled 2.72364049633822e-06 KCL A 2.384185791015625e-07
triangle1000 candidate RMS mV 28094.191779301153 peak mV 41997.759875146956 scaled 384.1133317840686 KCL A 1.3851497793600654e+26
triangle1000 P7 RMS mV 0.11164911234738843 peak mV 3.01040630190208 scaled 0.000670666583800994 KCL A 7.450580596923828e-07
noise250 candidate RMS mV 26411.44583079647 peak mV 41998.31256689648 scaled 24.419593754974688 KCL A 1.3851497793600654e+26
noise250 P7 RMS mV 0.02970080021654769 peak mV 0.595496810994689 scaled 3.969978739964593e-05 KCL A 4.76837158203125e-07
step025 candidate RMS mV 25385.417482291607 peak mV 41998.31695018998 scaled 86.7721321733779 KCL A 1.3851497793600654e+26
step025 P7 RMS mV 0.05909800810798091 peak mV 2.260941786943249 scaled 0.0012093635613830145 KCL A 6.407499313354492e-07
step1 candidate RMS mV 32413.84443956842 peak mV 41998.30862094167 scaled 902.5448194219842 KCL A 1.3851497793600654e+26
step1 P7 RMS mV 0.12403347434019815 peak mV 4.766934647243204 scaled 0.0013825827524366712 KCL A 9.5367431640625e-07
multitone candidate RMS mV 18345.25254599119 peak mV 41992.900013189406 scaled 66.88623811101937 KCL A 1.3851497793600654e+26
multitone P7 RMS mV 0.027844521971064778 peak mV 0.9846638660846452 scaled 0.0004363676161851515 KCL A 4.76837158203125e-07
output0 candidate RMS mV 0.008525463249625173 peak mV 0.04164562816066919 scaled 2.7763752107112793e-06 KCL A 2.384185791015625e-07
output0 P7 RMS mV 0.008584503963513578 peak mV 0.042122465318872315 scaled 2.8081643545914875e-06 KCL A 2.384185791015625e-07
output1 candidate RMS mV 28713.490487175455 peak mV 41997.75987846758 scaled 384.1133394534542 KCL A 1.3851497793600654e+26
output1 P7 RMS mV 0.09310259789444278 peak mV 3.4478498334280516 scaled 0.0005401802137612322 KCL A 8.139759302139282e-07
output2 candidate RMS mV 27649.185203761845 peak mV 41998.4996130354 scaled 29.531755726334804 KCL A 1.3851497793600654e+26
output2 P7 RMS mV 0.018198536345705705 peak mV 0.25193696819236777 scaled 6.294389192203671e-05 KCL A 7.152557373046875e-07
triangle100 candidate RMS mV 0.9616548212880409 peak mV 1.9092617476692553 scaled 0.0001272841165112837 KCL A 2.384185791015625e-07
triangle100 P7 RMS mV 0.008263620836393332 peak mV 0.0408546074450733 scaled 2.72364049633822e-06 KCL A 2.384185791015625e-07
triangle1000 candidate RMS mV 1639.260376310281 peak mV 36137.70141809583 scaled 2.409180094539722 KCL A 7.737544365227222e-07
triangle1000 P7 RMS mV 0.11164911234738843 peak mV 3.01040630190208 scaled 0.000670666583800994 KCL A 7.450580596923828e-07
noise250 candidate RMS mV 10113.338435477704 peak mV 41744.261760591486 scaled 3.5027231659718177 KCL A 7.152557373046875e-07
noise250 P7 RMS mV 0.02970080021654769 peak mV 0.595496810994689 scaled 3.969978739964593e-05 KCL A 4.76837158203125e-07
step025 candidate RMS mV 2028.9412614838755 peak mV 36239.93513558925 scaled 9.013325477859885 KCL A 7.301568984985352e-07
step025 P7 RMS mV 0.05909800810798091 peak mV 2.260941786943249 scaled 0.0012093635613830145 KCL A 6.407499313354492e-07
step1 candidate RMS mV 1126.8984632494173 peak mV 37715.12850857956 scaled 2.5143419005719707 KCL A 9.5367431640625e-07
step1 P7 RMS mV 0.12403347434019815 peak mV 4.766934647243204 scaled 0.0013825827524366712 KCL A 9.5367431640625e-07
multitone candidate RMS mV 6597.602667274013 peak mV 37957.50041859889 scaled 3.824084025646377 KCL A 4.76837158203125e-07
multitone P7 RMS mV 0.027844521971064778 peak mV 0.9846638660846452 scaled 0.0004363676161851515 KCL A 4.76837158203125e-07
output0 candidate RMS mV 0.9628248596137566 peak mV 1.9091535591018172 scaled 0.00012727690394012114 KCL A 2.384185791015625e-07
output0 P7 RMS mV 0.008584503963513578 peak mV 0.042122465318872315 scaled 2.8081643545914875e-06 KCL A 2.384185791015625e-07
output1 candidate RMS mV 1475.1035955239138 peak mV 37597.59965761416 scaled 2.506506643840944 KCL A 7.981434464454651e-07
output1 P7 RMS mV 0.09310259789444278 peak mV 3.4478498334280516 scaled 0.0005401802137612322 KCL A 8.139759302139282e-07
output2 candidate RMS mV 8953.59550895774 peak mV 41984.03465641694 scaled 9.05520932191318 KCL A 1.287786290049553e-06
output2 P7 RMS mV 0.018198536345705705 peak mV 0.25193696819236777 scaled 6.294389192203671e-05 KCL A 7.152557373046875e-07
triangle100 candidate RMS mV 0.0047070371452369334 peak mV 0.0229787402457049 scaled 1.5319160163803267e-06 KCL A 2.384185791015625e-07
triangle100 P7 RMS mV 0.008263620836393332 peak mV 0.0408546074450733 scaled 2.72364049633822e-06 KCL A 2.384185791015625e-07
triangle1000 candidate RMS mV 1448.2706700646468 peak mV 38812.29017075738 scaled 2.5919701768152335 KCL A 7.450580596923828e-07
triangle1000 P7 RMS mV 0.11164911234738843 peak mV 3.01040630190208 scaled 0.000670666583800994 KCL A 7.450580596923828e-07
noise250 candidate RMS mV 8288.99457395821 peak mV 41989.62956795664 scaled 4.60798164282678 KCL A 4.76837158203125e-07
noise250 P7 RMS mV 0.02970080021654769 peak mV 0.595496810994689 scaled 3.969978739964593e-05 KCL A 4.76837158203125e-07
step025 candidate RMS mV 667.4144502055238 peak mV 18102.50618849744 scaled 3.520026369321471 KCL A 5.848705768585205e-07
step025 P7 RMS mV 0.05909800810798091 peak mV 2.260941786943249 scaled 0.0012093635613830145 KCL A 6.407499313354492e-07
step1 candidate RMS mV 940.8275724444986 peak mV 36560.04777320963 scaled 2.4373365182139755 KCL A 9.5367431640625e-07
step1 P7 RMS mV 0.12403347434019815 peak mV 4.766934647243204 scaled 0.0013825827524366712 KCL A 9.5367431640625e-07
multitone candidate RMS mV 4839.102871728737 peak mV 38174.52934484784 scaled 3.6793891668959113 KCL A 7.152557373046875e-07
multitone P7 RMS mV 0.027844521971064778 peak mV 0.9846638660846452 scaled 0.0004363676161851515 KCL A 4.76837158203125e-07
output0 candidate RMS mV 0.004841095518376758 peak mV 0.023040237276408804 scaled 1.5360158184272536e-06 KCL A 2.384185791015625e-07
output0 P7 RMS mV 0.008584503963513578 peak mV 0.042122465318872315 scaled 2.8081643545914875e-06 KCL A 2.384185791015625e-07
output1 candidate RMS mV 1038.689712211604 peak mV 38811.1343522282 scaled 2.5922686361538596 KCL A 8.139759302139282e-07
output1 P7 RMS mV 0.09310259789444278 peak mV 3.4478498334280516 scaled 0.0005401802137612322 KCL A 8.139759302139282e-07
output2 candidate RMS mV 8155.307891248835 peak mV 41980.88328256318 scaled 4.869739231448488 KCL A 7.152557373046875e-07
output2 P7 RMS mV 0.018198536345705705 peak mV 0.25193696819236777 scaled 6.294389192203671e-05 KCL A 7.152557373046875e-07
triangle100 candidate RMS mV 0.9616548212880409 peak mV 1.9092617476692553 scaled 0.0001272841165112837 KCL A 2.384185791015625e-07
triangle100 P7 RMS mV 0.008263620836393332 peak mV 0.0408546074450733 scaled 2.72364049633822e-06 KCL A 2.384185791015625e-07
triangle1000 candidate RMS mV 4.012969973903025 peak mV 126.05892200620339 scaled 0.00915750523229993 KCL A 7.737544365227222e-07
triangle1000 P7 RMS mV 0.11164911234738843 peak mV 3.01040630190208 scaled 0.000670666583800994 KCL A 7.450580596923828e-07
noise250 candidate RMS mV 2.5916546258281956 peak mV 34.64115059663353 scaled 0.004225944773243266 KCL A 4.76837158203125e-07
noise250 P7 RMS mV 0.02970080021654769 peak mV 0.595496810994689 scaled 3.969978739964593e-05 KCL A 4.76837158203125e-07
step025 candidate RMS mV 2.953707223627224 peak mV 108.68388376409399 scaled 0.016199259327397186 KCL A 7.301568984985352e-07
step025 P7 RMS mV 0.05909800810798091 peak mV 2.260941786943249 scaled 0.0012093635613830145 KCL A 6.407499313354492e-07
step1 candidate RMS mV 0.7788121746839637 peak mV 27.557951944015002 scaled 0.018072345953282703 KCL A 9.5367431640625e-07
step1 P7 RMS mV 0.12403347434019815 peak mV 4.766934647243204 scaled 0.0013825827524366712 KCL A 9.5367431640625e-07
multitone candidate RMS mV 0.9836563466356447 peak mV 15.045291486302403 scaled 0.006551227386657625 KCL A 4.76837158203125e-07
multitone P7 RMS mV 0.027844521971064778 peak mV 0.9846638660846452 scaled 0.0004363676161851515 KCL A 4.76837158203125e-07
output0 candidate RMS mV 0.9628248596137566 peak mV 1.9091535591018172 scaled 0.00012727690394012114 KCL A 2.384185791015625e-07
output0 P7 RMS mV 0.008584503963513578 peak mV 0.042122465318872315 scaled 2.8081643545914875e-06 KCL A 2.384185791015625e-07
output1 candidate RMS mV 8.866411791368643 peak mV 280.5195606149553 scaled 0.01870130404099702 KCL A 7.981434464454651e-07
output1 P7 RMS mV 0.09310259789444278 peak mV 3.4478498334280516 scaled 0.0005401802137612322 KCL A 8.139759302139282e-07
output2 candidate RMS mV 2190.072762008475 peak mV 41983.56135541822 scaled 8.939079764621512 KCL A 1.287786290049553e-06
output2 P7 RMS mV 0.018198536345705705 peak mV 0.25193696819236777 scaled 6.294389192203671e-05 KCL A 7.152557373046875e-07
triangle100 candidate RMS mV 0.0047070371452369334 peak mV 0.0229787402457049 scaled 1.5319160163803267e-06 KCL A 2.384185791015625e-07
triangle100 P7 RMS mV 0.008263620836393332 peak mV 0.0408546074450733 scaled 2.72364049633822e-06 KCL A 2.384185791015625e-07
triangle1000 candidate RMS mV 0.09766857219029815 peak mV 3.0094526275856737 scaled 0.0003455341143118555 KCL A 7.450580596923828e-07
triangle1000 P7 RMS mV 0.11164911234738843 peak mV 3.01040630190208 scaled 0.000670666583800994 KCL A 7.450580596923828e-07
noise250 candidate RMS mV 0.016302142576638656 peak mV 0.36445063583512294 scaled 4.797706592718498e-05 KCL A 4.76837158203125e-07
noise250 P7 RMS mV 0.02970080021654769 peak mV 0.595496810994689 scaled 3.969978739964593e-05 KCL A 4.76837158203125e-07
step025 candidate RMS mV 0.08481094119589196 peak mV 2.7688141840158664 scaled 0.000913515466937298 KCL A 5.848705768585205e-07
step025 P7 RMS mV 0.05909800810798091 peak mV 2.260941786943249 scaled 0.0012093635613830145 KCL A 6.407499313354492e-07
step1 candidate RMS mV 0.12178504303346695 peak mV 4.757397904079141 scaled 0.0013825827524366712 KCL A 9.5367431640625e-07
step1 P7 RMS mV 0.12403347434019815 peak mV 4.766934647243204 scaled 0.0013825827524366712 KCL A 9.5367431640625e-07
multitone candidate RMS mV 0.011386882638516652 peak mV 0.2783474297132216 scaled 0.00012258547955331286 KCL A 4.76837158203125e-07
multitone P7 RMS mV 0.027844521971064778 peak mV 0.9846638660846452 scaled 0.0004363676161851515 KCL A 4.76837158203125e-07
output0 candidate RMS mV 0.004841095518376758 peak mV 0.023040237276408804 scaled 1.5360158184272536e-06 KCL A 2.384185791015625e-07
output0 P7 RMS mV 0.008584503963513578 peak mV 0.042122465318872315 scaled 2.8081643545914875e-06 KCL A 2.384185791015625e-07
output1 candidate RMS mV 0.1305484599261371 peak mV 4.674275004326489 scaled 0.00037647008298336004 KCL A 8.139759302139282e-07
output1 P7 RMS mV 0.09310259789444278 peak mV 3.4478498334280516 scaled 0.0005401802137612322 KCL A 8.139759302139282e-07
output2 candidate RMS mV 704.2750606894803 peak mV 28993.00619733756 scaled 2.101000338976226 KCL A 7.152557373046875e-07
output2 P7 RMS mV 0.018198536345705705 peak mV 0.25193696819236777 scaled 6.294389192203671e-05 KCL A 7.152557373046875e-07
triangle100 candidate RMS mV 0.9616548212880409 peak mV 1.9092617476692553 scaled 0.0001272841165112837 KCL A 2.384185791015625e-07
triangle100 P7 RMS mV 0.008263620836393332 peak mV 0.0408546074450733 scaled 2.72364049633822e-06 KCL A 2.384185791015625e-07
triangle1000 candidate RMS mV 4.360471905083131 peak mV 137.80151386411353 scaled 0.009483026065633263 KCL A 8.618808351457119e-07
triangle1000 P7 RMS mV 0.11164911234738843 peak mV 3.01040630190208 scaled 0.000670666583800994 KCL A 7.450580596923828e-07
noise250 candidate RMS mV 2.5920510189087556 peak mV 34.56819451142845 scaled 0.0042291236876312865 KCL A 4.76837158203125e-07
noise250 P7 RMS mV 0.02970080021654769 peak mV 0.595496810994689 scaled 3.969978739964593e-05 KCL A 4.76837158203125e-07
step025 candidate RMS mV 1.1221280459304237 peak mV 31.74282960432606 scaled 0.015688047033062702 KCL A 4.76837158203125e-07
step025 P7 RMS mV 0.05909800810798091 peak mV 2.260941786943249 scaled 0.0012093635613830145 KCL A 6.407499313354492e-07
step1 candidate RMS mV 0.7788121746839637 peak mV 27.557951944015002 scaled 0.018072345953282703 KCL A 9.5367431640625e-07
step1 P7 RMS mV 0.12403347434019815 peak mV 4.766934647243204 scaled 0.0013825827524366712 KCL A 9.5367431640625e-07
multitone candidate RMS mV 0.9836563466356447 peak mV 15.045291486302403 scaled 0.006551227386657625 KCL A 4.76837158203125e-07
multitone P7 RMS mV 0.027844521971064778 peak mV 0.9846638660846452 scaled 0.0004363676161851515 KCL A 4.76837158203125e-07
output0 candidate RMS mV 0.9628248596137566 peak mV 1.9091535591018172 scaled 0.00012727690394012114 KCL A 2.384185791015625e-07
output0 P7 RMS mV 0.008584503963513578 peak mV 0.042122465318872315 scaled 2.8081643545914875e-06 KCL A 2.384185791015625e-07
output1 candidate RMS mV 8.558024030090616 peak mV 263.69579199923265 scaled 0.01757971946661551 KCL A 9.57399606704712e-07
output1 P7 RMS mV 0.09310259789444278 peak mV 3.4478498334280516 scaled 0.0005401802137612322 KCL A 8.139759302139282e-07
output2 candidate RMS mV 3.388667867096682 peak mV 51.314516805255565 scaled 0.0035386835393692215 KCL A 7.152557373046875e-07
output2 P7 RMS mV 0.018198536345705705 peak mV 0.25193696819236777 scaled 6.294389192203671e-05 KCL A 7.152557373046875e-07
triangle100 candidate RMS mV 0.0047070371452369334 peak mV 0.0229787402457049 scaled 1.5319160163803267e-06 KCL A 2.384185791015625e-07
triangle100 P7 RMS mV 0.008263620836393332 peak mV 0.0408546074450733 scaled 2.72364049633822e-06 KCL A 2.384185791015625e-07
triangle1000 candidate RMS mV 0.10312123386084313 peak mV 3.0094526275856737 scaled 0.0004571807024073375 KCL A 8.618808351457119e-07
triangle1000 P7 RMS mV 0.11164911234738843 peak mV 3.01040630190208 scaled 0.000670666583800994 KCL A 7.450580596923828e-07
noise250 candidate RMS mV 0.016302142576638656 peak mV 0.36445063583512294 scaled 4.797706592718498e-05 KCL A 4.76837158203125e-07
noise250 P7 RMS mV 0.02970080021654769 peak mV 0.595496810994689 scaled 3.969978739964593e-05 KCL A 4.76837158203125e-07
step025 candidate RMS mV 0.026734232734184165 peak mV 0.8690173195020634 scaled 0.00046242751527714177 KCL A 8.493661880493164e-07
step025 P7 RMS mV 0.05909800810798091 peak mV 2.260941786943249 scaled 0.0012093635613830145 KCL A 6.407499313354492e-07
step1 candidate RMS mV 0.12179861625346305 peak mV 4.757397904079141 scaled 0.0013825827524366712 KCL A 9.5367431640625e-07
step1 P7 RMS mV 0.12403347434019815 peak mV 4.766934647243204 scaled 0.0013825827524366712 KCL A 9.5367431640625e-07
multitone candidate RMS mV 0.011386882638516652 peak mV 0.2783474297132216 scaled 0.00012258547955331286 KCL A 4.76837158203125e-07
multitone P7 RMS mV 0.027844521971064778 peak mV 0.9846638660846452 scaled 0.0004363676161851515 KCL A 4.76837158203125e-07
output0 candidate RMS mV 0.004841095518376758 peak mV 0.023040237276408804 scaled 1.5360158184272536e-06 KCL A 2.384185791015625e-07
output0 P7 RMS mV 0.008584503963513578 peak mV 0.042122465318872315 scaled 2.8081643545914875e-06 KCL A 2.384185791015625e-07
output1 candidate RMS mV 0.26288999789095885 peak mV 8.83773891727202 scaled 0.0005891825944848013 KCL A 1.0106014087796211e-06
output1 P7 RMS mV 0.09310259789444278 peak mV 3.4478498334280516 scaled 0.0005401802137612322 KCL A 8.139759302139282e-07
output2 candidate RMS mV 0.018025980516772074 peak mV 0.3708452544275431 scaled 4.546814747286021e-05 KCL A 7.152557373046875e-07
output2 P7 RMS mV 0.018198536345705705 peak mV 0.25193696819236777 scaled 6.294389192203671e-05 KCL A 7.152557373046875e-07
triangle100 candidate RMS mV 0.08076849678845174 peak mV 0.1668416749955881 scaled 1.1122778333039207e-05 KCL A 2.384185791015625e-07
triangle100 P7 RMS mV 0.008263620836393332 peak mV 0.0408546074450733 scaled 2.72364049633822e-06 KCL A 2.384185791015625e-07
triangle1000 candidate RMS mV 0.4178566499758587 peak mV 9.881629751609111 scaled 0.002479666429659725 KCL A 8.618808351457119e-07
triangle1000 P7 RMS mV 0.11164911234738843 peak mV 3.01040630190208 scaled 0.000670666583800994 KCL A 7.450580596923828e-07
noise250 candidate RMS mV 1.414410858631774 peak mV 25.644900249939262 scaled 0.004039342498666443 KCL A 7.152557373046875e-07
noise250 P7 RMS mV 0.02970080021654769 peak mV 0.595496810994689 scaled 3.969978739964593e-05 KCL A 4.76837158203125e-07
step025 candidate RMS mV 0.4239028726701124 peak mV 14.862794203935437 scaled 0.006774371089052285 KCL A 7.152557373046875e-07
step025 P7 RMS mV 0.05909800810798091 peak mV 2.260941786943249 scaled 0.0012093635613830145 KCL A 6.407499313354492e-07
step1 candidate RMS mV 0.4382079266069622 peak mV 14.511687295577502 scaled 0.0076118102680613475 KCL A 9.5367431640625e-07
step1 P7 RMS mV 0.12403347434019815 peak mV 4.766934647243204 scaled 0.0013825827524366712 KCL A 9.5367431640625e-07
multitone candidate RMS mV 0.4180817907713108 peak mV 11.235283281823882 scaled 0.004267590763700942 KCL A 4.76837158203125e-07
multitone P7 RMS mV 0.027844521971064778 peak mV 0.9846638660846452 scaled 0.0004363676161851515 KCL A 4.76837158203125e-07
output0 candidate RMS mV 0.08218586851146294 peak mV 0.1627749818142732 scaled 1.085166545428488e-05 KCL A 2.384185791015625e-07
output0 P7 RMS mV 0.008584503963513578 peak mV 0.042122465318872315 scaled 2.8081643545914875e-06 KCL A 2.384185791015625e-07
output1 candidate RMS mV 0.41289770685550026 peak mV 9.615822991001721 scaled 0.0036795226983106963 KCL A 9.57399606704712e-07
output1 P7 RMS mV 0.09310259789444278 peak mV 3.4478498334280516 scaled 0.0005401802137612322 KCL A 8.139759302139282e-07
output2 candidate RMS mV 1.479996284942308 peak mV 50.52314704275762 scaled 0.003368209802850508 KCL A 7.152557373046875e-07
output2 P7 RMS mV 0.018198536345705705 peak mV 0.25193696819236777 scaled 6.294389192203671e-05 KCL A 7.152557373046875e-07
triangle100 candidate RMS mV 0.00637500964661692 peak mV 0.02750643712889911 scaled 1.8337624752599405e-06 KCL A 2.384185791015625e-07
triangle100 P7 RMS mV 0.008263620836393332 peak mV 0.0408546074450733 scaled 2.72364049633822e-06 KCL A 2.384185791015625e-07
triangle1000 candidate RMS mV 0.10071545696963664 peak mV 3.0094526275856737 scaled 0.00044977317384109483 KCL A 8.618808351457119e-07
triangle1000 P7 RMS mV 0.11164911234738843 peak mV 3.01040630190208 scaled 0.000670666583800994 KCL A 7.450580596923828e-07
noise250 candidate RMS mV 0.01972643896954379 peak mV 0.3298799418653964 scaled 4.567235299586988e-05 KCL A 4.76837158203125e-07
noise250 P7 RMS mV 0.02970080021654769 peak mV 0.595496810994689 scaled 3.969978739964593e-05 KCL A 4.76837158203125e-07
step025 candidate RMS mV 0.04046975272994166 peak mV 1.5060717628614384 scaled 0.0008012997890401626 KCL A 8.493661880493164e-07
step025 P7 RMS mV 0.05909800810798091 peak mV 2.260941786943249 scaled 0.0012093635613830145 KCL A 6.407499313354492e-07
step1 candidate RMS mV 0.22768957832161776 peak mV 8.871548905055704 scaled 0.0013825827524366712 KCL A 9.5367431640625e-07
step1 P7 RMS mV 0.12403347434019815 peak mV 4.766934647243204 scaled 0.0013825827524366712 KCL A 9.5367431640625e-07
multitone candidate RMS mV 0.014946199658187536 peak mV 0.3546413750257216 scaled 0.0001620492361524839 KCL A 4.76837158203125e-07
multitone P7 RMS mV 0.027844521971064778 peak mV 0.9846638660846452 scaled 0.0004363676161851515 KCL A 4.76837158203125e-07
output0 candidate RMS mV 0.006332126289383254 peak mV 0.026157125878167875 scaled 1.7438083918778584e-06 KCL A 2.384185791015625e-07
output0 P7 RMS mV 0.008584503963513578 peak mV 0.042122465318872315 scaled 2.8081643545914875e-06 KCL A 2.384185791015625e-07
output1 candidate RMS mV 0.11206328525178043 peak mV 3.4516645306936766 scaled 0.0004092270305780706 KCL A 1.0106014087796211e-06
output1 P7 RMS mV 0.09310259789444278 peak mV 3.4478498334280516 scaled 0.0005401802137612322 KCL A 8.139759302139282e-07
output2 candidate RMS mV 0.020381755097205835 peak mV 0.3918260893884806 scaled 4.644199801617788e-05 KCL A 7.152557373046875e-07
output2 P7 RMS mV 0.018198536345705705 peak mV 0.25193696819236777 scaled 6.294389192203671e-05 KCL A 7.152557373046875e-07
triangle100 candidate RMS mV 0.00637500964661692 peak mV 0.02750643712889911 scaled 1.8337624752599405e-06 KCL A 2.384185791015625e-07
triangle100 P7 RMS mV 0.008263620836393332 peak mV 0.0408546074450733 scaled 2.72364049633822e-06 KCL A 2.384185791015625e-07
triangle1000 candidate RMS mV 0.10067602344280713 peak mV 3.0094526275856737 scaled 0.00044977317384109483 KCL A 8.618808351457119e-07
triangle1000 P7 RMS mV 0.11164911234738843 peak mV 3.01040630190208 scaled 0.000670666583800994 KCL A 7.450580596923828e-07
noise250 candidate RMS mV 0.01426907698057284 peak mV 0.18779562502047042 scaled 1.2519708334698029e-05 KCL A 7.152557373046875e-07
noise250 P7 RMS mV 0.02970080021654769 peak mV 0.595496810994689 scaled 3.969978739964593e-05 KCL A 4.76837158203125e-07
step025 candidate RMS mV 0.04049848419689254 peak mV 1.511793808759876 scaled 0.0008012997890401626 KCL A 8.493661880493164e-07
step025 P7 RMS mV 0.05909800810798091 peak mV 2.260941786943249 scaled 0.0012093635613830145 KCL A 6.407499313354492e-07
step1 candidate RMS mV 0.22766674991795838 peak mV 8.871548905055704 scaled 0.0013825827524366712 KCL A 9.5367431640625e-07
step1 P7 RMS mV 0.12403347434019815 peak mV 4.766934647243204 scaled 0.0013825827524366712 KCL A 9.5367431640625e-07
multitone candidate RMS mV 0.013611572974666402 peak mV 0.3546413750257216 scaled 0.0001620492361524839 KCL A 4.76837158203125e-07
multitone P7 RMS mV 0.027844521971064778 peak mV 0.9846638660846452 scaled 0.0004363676161851515 KCL A 4.76837158203125e-07
output0 candidate RMS mV 0.006332126289383254 peak mV 0.026157125878167875 scaled 1.7438083918778584e-06 KCL A 2.384185791015625e-07
output0 P7 RMS mV 0.008584503963513578 peak mV 0.042122465318872315 scaled 2.8081643545914875e-06 KCL A 2.384185791015625e-07
output1 candidate RMS mV 0.11197249640078516 peak mV 3.4468961591116454 scaled 0.0004092270305780706 KCL A 1.0106014087796211e-06
output1 P7 RMS mV 0.09310259789444278 peak mV 3.4478498334280516 scaled 0.0005401802137612322 KCL A 8.139759302139282e-07
output2 candidate RMS mV 0.016280783692784028 peak mV 0.27860182793482124 scaled 3.263196129192162e-05 KCL A 7.152557373046875e-07
output2 P7 RMS mV 0.018198536345705705 peak mV 0.25193696819236777 scaled 6.294389192203671e-05 KCL A 7.152557373046875e-07
triangle100 candidate RMS mV 0.00637500964661692 peak mV 0.02750643712889911 scaled 1.8337624752599405e-06 KCL A 2.384185791015625e-07
triangle100 P7 RMS mV 0.008263620836393332 peak mV 0.0408546074450733 scaled 2.72364049633822e-06 KCL A 2.384185791015625e-07
triangle1000 candidate RMS mV 0.10067602344280713 peak mV 3.0094526275856737 scaled 0.00044977317384109483 KCL A 8.618808351457119e-07
triangle1000 P7 RMS mV 0.11164911234738843 peak mV 3.01040630190208 scaled 0.000670666583800994 KCL A 7.450580596923828e-07
noise250 candidate RMS mV 0.01426907698057284 peak mV 0.18779562502047042 scaled 1.2519708334698029e-05 KCL A 7.152557373046875e-07
noise250 P7 RMS mV 0.02970080021654769 peak mV 0.595496810994689 scaled 3.969978739964593e-05 KCL A 4.76837158203125e-07
step025 candidate RMS mV 0.04049848419689254 peak mV 1.511793808759876 scaled 0.0008012997890401626 KCL A 8.493661880493164e-07
step025 P7 RMS mV 0.05909800810798091 peak mV 2.260941786943249 scaled 0.0012093635613830145 KCL A 6.407499313354492e-07
step1 candidate RMS mV 0.22766674991795838 peak mV 8.871548905055704 scaled 0.0013825827524366712 KCL A 9.5367431640625e-07
step1 P7 RMS mV 0.12403347434019815 peak mV 4.766934647243204 scaled 0.0013825827524366712 KCL A 9.5367431640625e-07
multitone candidate RMS mV 0.013611572974666402 peak mV 0.3546413750257216 scaled 0.0001620492361524839 KCL A 4.76837158203125e-07
multitone P7 RMS mV 0.027844521971064778 peak mV 0.9846638660846452 scaled 0.0004363676161851515 KCL A 4.76837158203125e-07
output0 candidate RMS mV 0.006332126289383254 peak mV 0.026157125878167875 scaled 1.7438083918778584e-06 KCL A 2.384185791015625e-07
output0 P7 RMS mV 0.008584503963513578 peak mV 0.042122465318872315 scaled 2.8081643545914875e-06 KCL A 2.384185791015625e-07
output1 candidate RMS mV 0.11197249640078516 peak mV 3.4468961591116454 scaled 0.0004092270305780706 KCL A 1.0106014087796211e-06
output1 P7 RMS mV 0.09310259789444278 peak mV 3.4478498334280516 scaled 0.0005401802137612322 KCL A 8.139759302139282e-07
output2 candidate RMS mV 0.016280783692784028 peak mV 0.27860182793482124 scaled 3.263196129192162e-05 KCL A 7.152557373046875e-07
output2 P7 RMS mV 0.018198536345705705 peak mV 0.25193696819236777 scaled 6.294389192203671e-05 KCL A 7.152557373046875e-07
triangle100 candidate RMS mV 0.00637500964661692 peak mV 0.02750643712889911 scaled 1.8337624752599405e-06 KCL A 2.384185791015625e-07
triangle100 P7 RMS mV 0.008263620836393332 peak mV 0.0408546074450733 scaled 2.72364049633822e-06 KCL A 2.384185791015625e-07
triangle1000 candidate RMS mV 0.10068488286459733 peak mV 3.0094526275856737 scaled 0.00044977317384109483 KCL A 8.618808351457119e-07
triangle1000 P7 RMS mV 0.11164911234738843 peak mV 3.01040630190208 scaled 0.000670666583800994 KCL A 7.450580596923828e-07
noise250 candidate RMS mV 0.013732425174079283 peak mV 0.17883929817585908 scaled 1.1922619878390605e-05 KCL A 7.152557373046875e-07
noise250 P7 RMS mV 0.02970080021654769 peak mV 0.595496810994689 scaled 3.969978739964593e-05 KCL A 4.76837158203125e-07
step025 candidate RMS mV 0.0405991955741941 peak mV 1.511793808759876 scaled 0.0008012997890401626 KCL A 8.493661880493164e-07
step025 P7 RMS mV 0.05909800810798091 peak mV 2.260941786943249 scaled 0.0012093635613830145 KCL A 6.407499313354492e-07
step1 candidate RMS mV 0.2273286903113484 peak mV 8.858197464626016 scaled 0.0013825827524366712 KCL A 9.5367431640625e-07
step1 P7 RMS mV 0.12403347434019815 peak mV 4.766934647243204 scaled 0.0013825827524366712 KCL A 9.5367431640625e-07
multitone candidate RMS mV 0.012667360007225535 peak mV 0.3117260307874403 scaled 0.00014049904843223734 KCL A 4.76837158203125e-07
multitone P7 RMS mV 0.027844521971064778 peak mV 0.9846638660846452 scaled 0.0004363676161851515 KCL A 4.76837158203125e-07
output0 candidate RMS mV 0.006332126289383254 peak mV 0.026157125878167875 scaled 1.7438083918778584e-06 KCL A 2.384185791015625e-07
output0 P7 RMS mV 0.008584503963513578 peak mV 0.042122465318872315 scaled 2.8081643545914875e-06 KCL A 2.384185791015625e-07
output1 candidate RMS mV 0.11221436926589012 peak mV 3.448803507744458 scaled 0.0004092270305780706 KCL A 1.0106014087796211e-06
output1 P7 RMS mV 0.09310259789444278 peak mV 3.4478498334280516 scaled 0.0005401802137612322 KCL A 8.139759302139282e-07
output2 candidate RMS mV 0.01665033444744507 peak mV 0.277648153618415 scaled 3.263196129192162e-05 KCL A 7.152557373046875e-07
output2 P7 RMS mV 0.018198536345705705 peak mV 0.25193696819236777 scaled 6.294389192203671e-05 KCL A 7.152557373046875e-07
