triangle100 candidate RMS mV 0.008229648558410288 peak mV 0.040714936692998194 scaled 2.714329112866546e-06 KCL A 2.384185791015625e-07
triangle100 P7 RMS mV 0.008263620836393332 peak mV 0.0408546074450733 scaled 2.72364049633822e-06 KCL A 2.384185791015625e-07
triangle1000 candidate RMS mV 28094.191779301153 peak mV 41997.759875146956 scaled 384.1133317840686 KCL A 1.3851497793600654e+26
triangle1000 P7 RMS mV 0.11164911234738843 peak mV 3.01040630190208 scaled 0.000670666583800994 KCL A 7.450580596923828e-07
noise250 candidate RMS mV 26411.44583079647 peak mV 41998.31256689648 scaled 24.419593754974688 KCL A 1.3851497793600654e+26
noise250 P7 RMS mV 0.02970080021654769 peak mV 0.595496810994689 scaled 3.969978739964593e-05 KCL A 4.76837158203125e-07
step025 candidate RMS mV 25385.417482291607 peak mV 41998.31695018998 scaled 86.7721321733779 KCL A 1.3851497793600654e+26
step025 P7 RMS mV 0.05909800810798091 peak mV 2.260941786943249 scaled 0.0012093635613830145 KCL A 6.407499313354492e-07
step1 candidate RMS mV 32413.84443956842 peak mV 41998.30862094167 scaled 902.5448194219842 KCL A 1.3851497793600654e+26
step1 P7 RMS mV 0.12403347434019815 peak mV 4.766934647243204 scaled 0.0013825827524366712 KCL A 9.5367431640625e-07
multitone candidate RMS mV 18345.25254599119 peak mV 41992.900013189406 scaled 66.88623811101937 KCL A 1.3851497793600654e+26
multitone P7 RMS mV 0.027844521971064778 peak mV 0.9846638660846452 scaled 0.0004363676161851515 KCL A 4.76837158203125e-07
output0 candidate RMS mV 0.008525463249625173 peak mV 0.04164562816066919 scaled 2.7763752107112793e-06 KCL A 2.384185791015625e-07
output0 P7 RMS mV 0.008584503963513578 peak mV 0.042122465318872315 scaled 2.8081643545914875e-06 KCL A 2.384185791015625e-07
output1 candidate RMS mV 28713.490487175455 peak mV 41997.75987846758 scaled 384.1133394534542 KCL A 1.3851497793600654e+26
output1 P7 RMS mV 0.09310259789444278 peak mV 3.4478498334280516 scaled 0.0005401802137612322 KCL A 8.139759302139282e-07
output2 candidate RMS mV 27649.185203761845 peak mV 41998.4996130354 scaled 29.531755726334804 KCL A 1.3851497793600654e+26
output2 P7 RMS mV 0.018198536345705705 peak mV 0.25193696819236777 scaled 6.294389192203671e-05 KCL A 7.152557373046875e-07
triangle100 candidate RMS mV 0.9616548212880409 peak mV 1.9092617476692553 scaled 0.0001272841165112837 KCL A 2.384185791015625e-07
triangle100 P7 RMS mV 0.008263620836393332 peak mV 0.0408546074450733 scaled 2.72364049633822e-06 KCL A 2.384185791015625e-07
triangle1000 candidate RMS mV 1639.260376310281 peak mV 36137.70141809583 scaled 2.409180094539722 KCL A 7.737544365227222e-07
triangle1000 P7 RMS mV 0.11164911234738843 peak mV 3.01040630190208 scaled 0.000670666583800994 KCL A 7.450580596923828e-07
noise250 candidate RMS mV 10113.338435477704 peak mV 41744.261760591486 scaled 3.5027231659718177 KCL A 7.152557373046875e-07
noise250 P7 RMS mV 0.02970080021654769 peak mV 0.595496810994689 scaled 3.969978739964593e-05 KCL A 4.76837158203125e-07
step025 candidate RMS mV 2028.9412614838755 peak mV 36239.93513558925 scaled 9.013325477859885 KCL A 7.301568984985352e-07
step025 P7 RMS mV 0.05909800810798091 peak mV 2.260941786943249 scaled 0.0012093635613830145 KCL A 6.407499313354492e-07
step1 candidate RMS mV 1126.8984632494173 peak mV 37715.12850857956 scaled 2.5143419005719707 KCL A 9.5367431640625e-07
step1 P7 RMS mV 0.12403347434019815 peak mV 4.766934647243204 scaled 0.0013825827524366712 KCL A 9.5367431640625e-07
multitone candidate RMS mV 6597.602667274013 peak mV 37957.50041859889 scaled 3.824084025646377 KCL A 4.76837158203125e-07
multitone P7 RMS mV 0.027844521971064778 peak mV 0.9846638660846452 scaled 0.0004363676161851515 KCL A 4.76837158203125e-07
output0 candidate RMS mV 0.9628248596137566 peak mV 1.9091535591018172 scaled 0.00012727690394012114 KCL A 2.384185791015625e-07
output0 P7 RMS mV 0.008584503963513578 peak mV 0.042122465318872315 scaled 2.8081643545914875e-06 KCL A 2.384185791015625e-07
output1 candidate RMS mV 1475.1035955239138 peak mV 37597.59965761416 scaled 2.506506643840944 KCL A 7.981434464454651e-07
output1 P7 RMS mV 0.09310259789444278 peak mV 3.4478498334280516 scaled 0.0005401802137612322 KCL A 8.139759302139282e-07
output2 candidate RMS mV 8953.59550895774 peak mV 41984.03465641694 scaled 9.05520932191318 KCL A 1.287786290049553e-06
output2 P7 RMS mV 0.018198536345705705 peak mV 0.25193696819236777 scaled 6.294389192203671e-05 KCL A 7.152557373046875e-07
triangle100 candidate RMS mV 0.0047070371452369334 peak mV 0.0229787402457049 scaled 1.5319160163803267e-06 KCL A 2.384185791015625e-07
triangle100 P7 RMS mV 0.008263620836393332 peak mV 0.0408546074450733 scaled 2.72364049633822e-06 KCL A 2.384185791015625e-07
triangle1000 candidate RMS mV 1448.2706700646468 peak mV 38812.29017075738 scaled 2.5919701768152335 KCL A 7.450580596923828e-07
triangle1000 P7 RMS mV 0.11164911234738843 peak mV 3.01040630190208 scaled 0.000670666583800994 KCL A 7.450580596923828e-07
noise250 candidate RMS mV 8288.99457395821 peak mV 41989.62956795664 scaled 4.60798164282678 KCL A 4.76837158203125e-07
noise250 P7 RMS mV 0.02970080021654769 peak mV 0.595496810994689 scaled 3.969978739964593e-05 KCL A 4.76837158203125e-07
step025 candidate RMS mV 667.4144502055238 peak mV 18102.50618849744 scaled 3.520026369321471 KCL A 5.848705768585205e-07
step025 P7 RMS mV 0.05909800810798091 peak mV 2.260941786943249 scaled 0.0012093635613830145 KCL A 6.407499313354492e-07
step1 candidate RMS mV 940.8275724444986 peak mV 36560.04777320963 scaled 2.4373365182139755 KCL A 9.5367431640625e-07
step1 P7 RMS mV 0.12403347434019815 peak mV 4.766934647243204 scaled 0.0013825827524366712 KCL A 9.5367431640625e-07
multitone candidate RMS mV 4839.102871728737 peak mV 38174.52934484784 scaled 3.6793891668959113 KCL A 7.152557373046875e-07
multitone P7 RMS mV 0.027844521971064778 peak mV 0.9846638660846452 scaled 0.0004363676161851515 KCL A 4.76837158203125e-07
output0 candidate RMS mV 0.004841095518376758 peak mV 0.023040237276408804 scaled 1.5360158184272536e-06 KCL A 2.384185791015625e-07
output0 P7 RMS mV 0.008584503963513578 peak mV 0.042122465318872315 scaled 2.8081643545914875e-06 KCL A 2.384185791015625e-07
output1 candidate RMS mV 1038.689712211604 peak mV 38811.1343522282 scaled 2.5922686361538596 KCL A 8.139759302139282e-07
output1 P7 RMS mV 0.09310259789444278 peak mV 3.4478498334280516 scaled 0.0005401802137612322 KCL A 8.139759302139282e-07
output2 candidate RMS mV 8155.307891248835 peak mV 41980.88328256318 scaled 4.869739231448488 KCL A 7.152557373046875e-07
output2 P7 RMS mV 0.018198536345705705 peak mV 0.25193696819236777 scaled 6.294389192203671e-05 KCL A 7.152557373046875e-07
triangle100 candidate RMS mV 0.9616548212880409 peak mV 1.9092617476692553 scaled 0.0001272841165112837 KCL A 2.384185791015625e-07
triangle100 P7 RMS mV 0.008263620836393332 peak mV 0.0408546074450733 scaled 2.72364049633822e-06 KCL A 2.384185791015625e-07
triangle1000 candidate RMS mV 4.012969973903025 peak mV 126.05892200620339 scaled 0.00915750523229993 KCL A 7.737544365227222e-07
triangle1000 P7 RMS mV 0.11164911234738843 peak mV 3.01040630190208 scaled 0.000670666583800994 KCL A 7.450580596923828e-07
noise250 candidate RMS mV 2.5916546258281956 peak mV 34.64115059663353 scaled 0.004225944773243266 KCL A 4.76837158203125e-07
noise250 P7 RMS mV 0.02970080021654769 peak mV 0.595496810994689 scaled 3.969978739964593e-05 KCL A 4.76837158203125e-07
step025 candidate RMS mV 2.953707223627224 peak mV 108.68388376409399 scaled 0.016199259327397186 KCL A 7.301568984985352e-07
step025 P7 RMS mV 0.05909800810798091 peak mV 2.260941786943249 scaled 0.0012093635613830145 KCL A 6.407499313354492e-07
step1 candidate RMS mV 0.7788121746839637 peak mV 27.557951944015002 scaled 0.018072345953282703 KCL A 9.5367431640625e-07
step1 P7 RMS mV 0.12403347434019815 peak mV 4.766934647243204 scaled 0.0013825827524366712 KCL A 9.5367431640625e-07
multitone candidate RMS mV 0.9836563466356447 peak mV 15.045291486302403 scaled 0.006551227386657625 KCL A 4.76837158203125e-07
multitone P7 RMS mV 0.027844521971064778 peak mV 0.9846638660846452 scaled 0.0004363676161851515 KCL A 4.76837158203125e-07
output0 candidate RMS mV 0.9628248596137566 peak mV 1.9091535591018172 scaled 0.00012727690394012114 KCL A 2.384185791015625e-07
output0 P7 RMS mV 0.008584503963513578 peak mV 0.042122465318872315 scaled 2.8081643545914875e-06 KCL A 2.384185791015625e-07
output1 candidate RMS mV 8.866411791368643 peak mV 280.5195606149553 scaled 0.01870130404099702 KCL A 7.981434464454651e-07
output1 P7 RMS mV 0.09310259789444278 peak mV 3.4478498334280516 scaled 0.0005401802137612322 KCL A 8.139759302139282e-07
output2 candidate RMS mV 2190.072762008475 peak mV 41983.56135541822 scaled 8.939079764621512 KCL A 1.287786290049553e-06
output2 P7 RMS mV 0.018198536345705705 peak mV 0.25193696819236777 scaled 6.294389192203671e-05 KCL A 7.152557373046875e-07
triangle100 candidate RMS mV 0.0047070371452369334 peak mV 0.0229787402457049 scaled 1.5319160163803267e-06 KCL A 2.384185791015625e-07
triangle100 P7 RMS mV 0.008263620836393332 peak mV 0.0408546074450733 scaled 2.72364049633822e-06 KCL A 2.384185791015625e-07
triangle1000 candidate RMS mV 0.09766857219029815 peak mV 3.0094526275856737 scaled 0.0003455341143118555 KCL A 7.450580596923828e-07
triangle1000 P7 RMS mV 0.11164911234738843 peak mV 3.01040630190208 scaled 0.000670666583800994 KCL A 7.450580596923828e-07
noise250 candidate RMS mV 0.016302142576638656 peak mV 0.36445063583512294 scaled 4.797706592718498e-05 KCL A 4.76837158203125e-07
noise250 P7 RMS mV 0.02970080021654769 peak mV 0.595496810994689 scaled 3.969978739964593e-05 KCL A 4.76837158203125e-07
step025 candidate RMS mV 0.08481094119589196 peak mV 2.7688141840158664 scaled 0.000913515466937298 KCL A 5.848705768585205e-07
step025 P7 RMS mV 0.05909800810798091 peak mV 2.260941786943249 scaled 0.0012093635613830145 KCL A 6.407499313354492e-07
step1 candidate RMS mV 0.12178504303346695 peak mV 4.757397904079141 scaled 0.0013825827524366712 KCL A 9.5367431640625e-07
step1 P7 RMS mV 0.12403347434019815 peak mV 4.766934647243204 scaled 0.0013825827524366712 KCL A 9.5367431640625e-07
multitone candidate RMS mV 0.011386882638516652 peak mV 0.2783474297132216 scaled 0.00012258547955331286 KCL A 4.76837158203125e-07
multitone P7 RMS mV 0.027844521971064778 peak mV 0.9846638660846452 scaled 0.0004363676161851515 KCL A 4.76837158203125e-07
output0 candidate RMS mV 0.004841095518376758 peak mV 0.023040237276408804 scaled 1.5360158184272536e-06 KCL A 2.384185791015625e-07
output0 P7 RMS mV 0.008584503963513578 peak mV 0.042122465318872315 scaled 2.8081643545914875e-06 KCL A 2.384185791015625e-07
output1 candidate RMS mV 0.1305484599261371 peak mV 4.674275004326489 scaled 0.00037647008298336004 KCL A 8.139759302139282e-07
output1 P7 RMS mV 0.09310259789444278 peak mV 3.4478498334280516 scaled 0.0005401802137612322 KCL A 8.139759302139282e-07
output2 candidate RMS mV 704.2750606894803 peak mV 28993.00619733756 scaled 2.101000338976226 KCL A 7.152557373046875e-07
output2 P7 RMS mV 0.018198536345705705 peak mV 0.25193696819236777 scaled 6.294389192203671e-05 KCL A 7.152557373046875e-07
triangle100 candidate RMS mV 0.0047070371452369334 peak mV 0.0229787402457049 scaled 1.5319160163803267e-06 KCL A 2.384185791015625e-07
triangle100 P7 RMS mV 0.008263620836393332 peak mV 0.0408546074450733 scaled 2.72364049633822e-06 KCL A 2.384185791015625e-07
triangle1000 candidate RMS mV 0.10312123386084313 peak mV 3.0094526275856737 scaled 0.0004571807024073375 KCL A 8.618808351457119e-07
triangle1000 P7 RMS mV 0.11164911234738843 peak mV 3.01040630190208 scaled 0.000670666583800994 KCL A 7.450580596923828e-07
noise250 candidate RMS mV 0.016302142576638656 peak mV 0.36445063583512294 scaled 4.797706592718498e-05 KCL A 4.76837158203125e-07
noise250 P7 RMS mV 0.02970080021654769 peak mV 0.595496810994689 scaled 3.969978739964593e-05 KCL A 4.76837158203125e-07
step025 candidate RMS mV 0.026734232734184165 peak mV 0.8690173195020634 scaled 0.00046242751527714177 KCL A 8.493661880493164e-07
step025 P7 RMS mV 0.05909800810798091 peak mV 2.260941786943249 scaled 0.0012093635613830145 KCL A 6.407499313354492e-07
step1 candidate RMS mV 0.12179861625346305 peak mV 4.757397904079141 scaled 0.0013825827524366712 KCL A 9.5367431640625e-07
step1 P7 RMS mV 0.12403347434019815 peak mV 4.766934647243204 scaled 0.0013825827524366712 KCL A 9.5367431640625e-07
multitone candidate RMS mV 0.011386882638516652 peak mV 0.2783474297132216 scaled 0.00012258547955331286 KCL A 4.76837158203125e-07
multitone P7 RMS mV 0.027844521971064778 peak mV 0.9846638660846452 scaled 0.0004363676161851515 KCL A 4.76837158203125e-07
output0 candidate RMS mV 0.004841095518376758 peak mV 0.023040237276408804 scaled 1.5360158184272536e-06 KCL A 2.384185791015625e-07
output0 P7 RMS mV 0.008584503963513578 peak mV 0.042122465318872315 scaled 2.8081643545914875e-06 KCL A 2.384185791015625e-07
output1 candidate RMS mV 0.26288999789095885 peak mV 8.83773891727202 scaled 0.0005891825944848013 KCL A 1.0106014087796211e-06
output1 P7 RMS mV 0.09310259789444278 peak mV 3.4478498334280516 scaled 0.0005401802137612322 KCL A 8.139759302139282e-07
output2 candidate RMS mV 0.018025980516772074 peak mV 0.3708452544275431 scaled 4.546814747286021e-05 KCL A 7.152557373046875e-07
output2 P7 RMS mV 0.018198536345705705 peak mV 0.25193696819236777 scaled 6.294389192203671e-05 KCL A 7.152557373046875e-07
