Open On-Chip Debugger 0.12.0
Licensed under GNU GPL v2
For bug reports, read
	http://openocd.org/doc/doxygen/bugs.html
run_packed_probe
Info : STLINK V2J43M28 (API v2) VID:PID 0483:3752
Info : Target voltage: 3.266932
Info : Unable to match requested speed 1000 kHz, using 950 kHz
Info : Unable to match requested speed 1000 kHz, using 950 kHz
Info : clock speed 950 kHz
Info : stlink_dap_op_connect(connect)
Info : SWD DPIDR 0x6ba02477
Info : [stm32h7r3.cpu0] Cortex-M7 r1p2 processor detected
Info : [stm32h7r3.cpu0] target has 8 breakpoints, 4 watchpoints
Info : starting gdb server for stm32h7r3.cpu0 on 3333
Info : Listening on port 3333 for gdb connections
[stm32h7r3.cpu0] halted due to debug-request, current mode: Thread 
xPSR: 0x81000000 pc: 0x900004c0 msp: 0x200005d0
[stm32h7r3.cpu0] halted due to debug-request, current mode: Thread 
xPSR: 0x21000000 pc: 0x000007ec msp: 0x2000ec98
PACK_DONE 0x444f4e45
PACK_PROFILE_0 0xf68 0x7 0x2edb280b 0x0 0x2eefa 0xa1c7e3 0x0 0x180 0x0 0x0 0x0 0x9f9b 0x21cb58 0x0 0x0 0x0 0x0 0x0 0x4d375ca 0x1059a98 0x19dad 0x566e 0x0 0x0 0x0 0x0 0x0 0x3e0 0x0 0x0 0x0 0x0 0x0 0x0 0x0 0xa 0x0 0x0 0x0 0x2
PACK_STACK_GUARD_OK
shutdown command invoked
