Open On-Chip Debugger 0.12.0
Licensed under GNU GPL v2
For bug reports, read
	http://openocd.org/doc/doxygen/bugs.html
run_packed_probe
Info : STLINK V2J43M28 (API v2) VID:PID 0483:3752
Info : Target voltage: 3.265339
Info : Unable to match requested speed 1000 kHz, using 950 kHz
Info : Unable to match requested speed 1000 kHz, using 950 kHz
Info : clock speed 950 kHz
Info : stlink_dap_op_connect(connect)
Info : SWD DPIDR 0x6ba02477
Info : [stm32h7r3.cpu0] Cortex-M7 r1p2 processor detected
Info : [stm32h7r3.cpu0] target has 8 breakpoints, 4 watchpoints
Info : starting gdb server for stm32h7r3.cpu0 on 3333
Info : Listening on port 3333 for gdb connections
[stm32h7r3.cpu0] halted due to debug-request, current mode: Thread 
xPSR: 0x81000000 pc: 0x900004bc msp: 0x200005d0
[stm32h7r3.cpu0] halted due to debug-request, current mode: Thread 
xPSR: 0x61000000 pc: 0x00000890 msp: 0x2000ece0
PACK_DONE 0x444f4e45
PACK_PROFILE_0 0x787 0x3 0x35222222 0x0 0x603b 0x1310c2 0x0 0x120 0x0 0x0 0x0 0x57f6 0x10fee2 0x0 0x0 0x0 0x0 0x0 0x934199 0x8351d6 0x38a7 0x34aa 0x0 0x0 0x0 0x0 0x0 0x3e0 0x0 0x0 0x400 0x400 0x400 0x0 0x400 0x8 0x0 0x0 0x400 0x0
PACK_PROFILE_1 0xa31 0xc 0x3723bbbc 0x0 0xc22a 0x176a5a 0x0 0x120 0x0 0x0 0x0 0xa8f6 0x1507eb 0x0 0x0 0x0 0x0 0x0 0xadc4f9 0x9cedda 0x69b9 0x5e0c 0x0 0x0 0x0 0x0 0x0 0x3e0 0x0 0x0 0x400 0x310 0x400 0x4ca 0x400 0x8 0x0 0x0 0x26 0x0
PACK_PROFILE_2 0x21c1 0x13 0x37300000 0x0 0xed6e 0x29f814 0x0 0x120 0x0 0x0 0x0 0xd00f 0x25082f 0x0 0x0 0x0 0x0 0x0 0x140205b 0x119e23f 0x8ec8 0x7c2f 0x0 0x0 0x0 0x0 0x0 0x3e0 0x0 0x0 0x400 0x3ff 0x400 0x275 0x400 0x8 0x0 0x0 0x18c 0x0
PACK_STACK_GUARD_OK
shutdown command invoked
