triangle100 candidate RMS mV 5.183233245262845 peak mV 55.3369241779853 scaled 0.0036891282785323537 KCL A 3.5857112834492e-07
triangle100 P7 RMS mV 0.008263620836393332 peak mV 0.0408546074450733 scaled 2.72364049633822e-06 KCL A 2.384185791015625e-07
triangle1000 candidate RMS mV 27767.94232022917 peak mV 41998.36831936082 scaled 384.17023689474564 KCL A 1.3851497793600654e+26
triangle1000 P7 RMS mV 0.11164911234738843 peak mV 3.01040630190208 scaled 0.000670666583800994 KCL A 7.450580596923828e-07
noise250 candidate RMS mV 26027.219559616442 peak mV 41998.450203303444 scaled 21.72224833922355 KCL A 1.3851497793600654e+26
noise250 P7 RMS mV 0.02970080021654769 peak mV 0.595496810994689 scaled 3.969978739964593e-05 KCL A 4.76837158203125e-07
step025 candidate RMS mV 24933.44734808909 peak mV 42040.05233768015 scaled 89.4694776686019 KCL A 1.3851497793600654e+26
step025 P7 RMS mV 0.05909800810798091 peak mV 2.260941786943249 scaled 0.0012093635613830145 KCL A 6.407499313354492e-07
step1 candidate RMS mV 31987.32132680493 peak mV 42040.05335074398 scaled 899.847474006233 KCL A 1.3851497793600654e+26
step1 P7 RMS mV 0.12403347434019815 peak mV 4.766934647243204 scaled 0.0013825827524366712 KCL A 9.5367431640625e-07
multitone candidate RMS mV 22844.692880660736 peak mV 41997.88582251558 scaled 66.12210706170423 KCL A 1.3851497793600654e+26
multitone P7 RMS mV 0.027844521971064778 peak mV 0.9846638660846452 scaled 0.0004363676161851515 KCL A 4.76837158203125e-07
output0 candidate RMS mV 4.700424085856001 peak mV 55.33727408420752 scaled 0.0036891516056138346 KCL A 3.5857203783962177e-07
output0 P7 RMS mV 0.008584503963513578 peak mV 0.042122465318872315 scaled 2.8081643545914875e-06 KCL A 2.384185791015625e-07
output1 candidate RMS mV 28397.418362536086 peak mV 41998.36832268145 scaled 384.17024599464276 KCL A 1.3851497793600654e+26
output1 P7 RMS mV 0.09310259789444278 peak mV 3.4478498334280516 scaled 0.0005401802137612322 KCL A 8.139759302139282e-07
output2 candidate RMS mV 27252.13274263808 peak mV 42040.069807872525 scaled 26.834410310583664 KCL A 1.3851497793600654e+26
output2 P7 RMS mV 0.018198536345705705 peak mV 0.25193696819236777 scaled 6.294389192203671e-05 KCL A 7.152557373046875e-07
triangle100 candidate RMS mV 0.029321160329798958 peak mV 0.5325990742255371 scaled 3.550660494836914e-05 KCL A 2.384185791015625e-07
triangle100 P7 RMS mV 0.008263620836393332 peak mV 0.0408546074450733 scaled 2.72364049633822e-06 KCL A 2.384185791015625e-07
triangle1000 candidate RMS mV 27443.662626490648 peak mV 42390.542126692024 scaled 386.8192834394211 KCL A 1.3851497793600654e+26
triangle1000 P7 RMS mV 0.11164911234738843 peak mV 3.01040630190208 scaled 0.000670666583800994 KCL A 7.450580596923828e-07
noise250 candidate RMS mV 24894.819375708954 peak mV 42772.29749932553 scaled 20.25780545693605 KCL A 1.3851497793600654e+26
noise250 P7 RMS mV 0.02970080021654769 peak mV 0.595496810994689 scaled 3.969978739964593e-05 KCL A 4.76837158203125e-07
step025 candidate RMS mV 23563.039401225044 peak mV 42532.261644415565 scaled 92.7362017629283 KCL A 1.3851497793600654e+26
step025 P7 RMS mV 0.05909800810798091 peak mV 2.260941786943249 scaled 0.0012093635613830145 KCL A 6.407499313354492e-07
step1 candidate RMS mV 28632.79799421852 peak mV 42791.03953769818 scaled 899.2523251802471 KCL A 1.3851497793600654e+26
step1 P7 RMS mV 0.12403347434019815 peak mV 4.766934647243204 scaled 0.0013825827524366712 KCL A 9.5367431640625e-07
multitone candidate RMS mV 21035.17280992038 peak mV 42383.367260053856 scaled 68.60414024839095 KCL A 1.3851497793600654e+26
multitone P7 RMS mV 0.027844521971064778 peak mV 0.9846638660846452 scaled 0.0004363676161851515 KCL A 4.76837158203125e-07
output0 candidate RMS mV 0.02124832260230972 peak mV 0.5334258176059592 scaled 3.556172117373061e-05 KCL A 2.384185791015625e-07
output0 P7 RMS mV 0.008584503963513578 peak mV 0.042122465318872315 scaled 2.8081643545914875e-06 KCL A 2.384185791015625e-07
output1 candidate RMS mV 27285.440805412443 peak mV 42390.542126692024 scaled 386.8192911088067 KCL A 1.3851497793600654e+26
output1 P7 RMS mV 0.09310259789444278 peak mV 3.4478498334280516 scaled 0.0005401802137612322 KCL A 8.139759302139282e-07
output2 candidate RMS mV 25666.257454463426 peak mV 42432.04567931958 scaled 25.414690716530895 KCL A 1.3851497793600654e+26
output2 P7 RMS mV 0.018198536345705705 peak mV 0.25193696819236777 scaled 6.294389192203671e-05 KCL A 7.152557373046875e-07
triangle100 candidate RMS mV 0.0023030259632162912 peak mV 0.008578559092420335 scaled 5.938556005909608e-07 KCL A 2.384185791015625e-07
triangle100 P7 RMS mV 0.008263620836393332 peak mV 0.0408546074450733 scaled 2.72364049633822e-06 KCL A 2.384185791015625e-07
triangle1000 candidate RMS mV 28094.19177727369 peak mV 41997.759875146956 scaled 384.1133317840686 KCL A 1.3851497793600654e+26
triangle1000 P7 RMS mV 0.11164911234738843 peak mV 3.01040630190208 scaled 0.000670666583800994 KCL A 7.450580596923828e-07
noise250 candidate RMS mV 25977.607569157484 peak mV 41998.17745244895 scaled 21.711196366516436 KCL A 1.3851497793600654e+26
noise250 P7 RMS mV 0.02970080021654769 peak mV 0.595496810994689 scaled 3.969978739964593e-05 KCL A 4.76837158203125e-07
step025 candidate RMS mV 24929.94844191446 peak mV 41997.79203992338 scaled 89.48052972078187 KCL A 1.3851497793600654e+26
step025 P7 RMS mV 0.05909800810798091 peak mV 2.260941786943249 scaled 0.0012093635613830145 KCL A 6.407499313354492e-07
step1 candidate RMS mV 31978.496170317194 peak mV 41998.18273593191 scaled 899.836422033526 KCL A 1.3851497793600654e+26
step1 P7 RMS mV 0.12403347434019815 peak mV 4.766934647243204 scaled 0.0013825827524366712 KCL A 9.5367431640625e-07
multitone candidate RMS mV 22805.514657412736 peak mV 41997.613071661086 scaled 66.1331603059771 KCL A 1.3851497793600654e+26
multitone P7 RMS mV 0.027844521971064778 peak mV 0.9846638660846452 scaled 0.0004363676161851515 KCL A 4.76837158203125e-07
output0 candidate RMS mV 0.002104756341864858 peak mV 0.007920981103914926 scaled 6.145390446447389e-07 KCL A 2.384185791015625e-07
output0 P7 RMS mV 0.008584503963513578 peak mV 0.042122465318872315 scaled 2.8081643545914875e-06 KCL A 2.384185791015625e-07
output1 candidate RMS mV 28713.490486181156 peak mV 41997.75987846758 scaled 384.1133394534542 KCL A 1.3851497793600654e+26
output1 P7 RMS mV 0.09310259789444278 peak mV 3.4478498334280516 scaled 0.0005401802137612322 KCL A 8.139759302139282e-07
output2 candidate RMS mV 27230.316150107446 peak mV 41998.18673956959 scaled 26.823358337876552 KCL A 1.3851497793600654e+26
output2 P7 RMS mV 0.018198536345705705 peak mV 0.25193696819236777 scaled 6.294389192203671e-05 KCL A 7.152557373046875e-07
triangle100 candidate RMS mV 5.183233245262845 peak mV 55.3369241779853 scaled 0.0036891282785323537 KCL A 3.5857112834492e-07
triangle100 P7 RMS mV 0.008263620836393332 peak mV 0.0408546074450733 scaled 2.72364049633822e-06 KCL A 2.384185791015625e-07
triangle1000 candidate RMS mV 29195.005681767496 peak mV 41998.78418459245 scaled 385.15626608699904 KCL A 0.0809435248374939
triangle1000 P7 RMS mV 0.11164911234738843 peak mV 3.01040630190208 scaled 0.000670666583800994 KCL A 7.450580596923828e-07
noise250 candidate RMS mV 23345.207853941778 peak mV 41999.51419653515 scaled 23.910867596509593 KCL A 0.0809798538684845
noise250 P7 RMS mV 0.02970080021654769 peak mV 0.595496810994689 scaled 3.969978739964593e-05 KCL A 4.76837158203125e-07
step025 candidate RMS mV 25008.32677791442 peak mV 41998.539506512105 scaled 89.46947703281903 KCL A 0.08317910134792328
step025 P7 RMS mV 0.05909800810798091 peak mV 2.260941786943249 scaled 0.0012093635613830145 KCL A 6.407499313354492e-07
step1 candidate RMS mV 29059.414294482118 peak mV 41999.24008614753 scaled 899.847474642016 KCL A 0.08259192854166031
step1 P7 RMS mV 0.12403347434019815 peak mV 4.766934647243204 scaled 0.0013825827524366712 KCL A 9.5367431640625e-07
multitone candidate RMS mV 22885.69253611775 peak mV 41997.88582251558 scaled 66.12210642592136 KCL A 0.08425664156675339
multitone P7 RMS mV 0.027844521971064778 peak mV 0.9846638660846452 scaled 0.0004363676161851515 KCL A 4.76837158203125e-07
output0 candidate RMS mV 4.700424085856001 peak mV 55.33727408420752 scaled 0.0036891516056138346 KCL A 3.5857203783962177e-07
output0 P7 RMS mV 0.008584503963513578 peak mV 0.042122465318872315 scaled 2.8081643545914875e-06 KCL A 2.384185791015625e-07
output1 candidate RMS mV 29483.734560590103 peak mV 41998.78418482916 scaled 385.1562526166039 KCL A 0.08935916423797607
output1 P7 RMS mV 0.09310259789444278 peak mV 3.4478498334280516 scaled 0.0005401802137612322 KCL A 8.139759302139282e-07
output2 candidate RMS mV 26403.805649172064 peak mV 41999.13220913952 scaled 32.47069498576381 KCL A 0.08970411121845245
output2 P7 RMS mV 0.018198536345705705 peak mV 0.25193696819236777 scaled 6.294389192203671e-05 KCL A 7.152557373046875e-07
triangle100 candidate RMS mV 0.029321160329798958 peak mV 0.5325990742255371 scaled 3.550660494836914e-05 KCL A 2.384185791015625e-07
triangle100 P7 RMS mV 0.008263620836393332 peak mV 0.0408546074450733 scaled 2.72364049633822e-06 KCL A 2.384185791015625e-07
triangle1000 candidate RMS mV 28780.618047514727 peak mV 41998.784218751796 scaled 388.7048638996516 KCL A 0.06481427699327469
triangle1000 P7 RMS mV 0.11164911234738843 peak mV 3.01040630190208 scaled 0.000670666583800994 KCL A 7.450580596923828e-07
noise250 candidate RMS mV 25090.88179581753 peak mV 41999.20889187147 scaled 23.202176037994708 KCL A 0.06417200714349747
noise250 P7 RMS mV 0.02970080021654769 peak mV 0.595496810994689 scaled 3.969978739964593e-05 KCL A 4.76837158203125e-07
step025 candidate RMS mV 22533.27010905872 peak mV 41998.83891789141 scaled 92.42542069673402 KCL A 0.06426851451396942
step025 P7 RMS mV 0.05909800810798091 peak mV 2.260941786943249 scaled 0.0012093635613830145 KCL A 6.407499313354492e-07
step1 candidate RMS mV 27001.523960297538 peak mV 41998.83667134188 scaled 902.5635364549903 KCL A 0.0649532899260521
step1 P7 RMS mV 0.12403347434019815 peak mV 4.766934647243204 scaled 0.0013825827524366712 KCL A 9.5367431640625e-07
multitone candidate RMS mV 22734.097954899655 peak mV 41998.95775244722 scaled 68.01493895009578 KCL A 0.0648779422044754
multitone P7 RMS mV 0.027844521971064778 peak mV 0.9846638660846452 scaled 0.0004363676161851515 KCL A 4.76837158203125e-07
output0 candidate RMS mV 0.02124832260230972 peak mV 0.5334258176059592 scaled 3.556172117373061e-05 KCL A 2.384185791015625e-07
output0 P7 RMS mV 0.008584503963513578 peak mV 0.042122465318872315 scaled 2.8081643545914875e-06 KCL A 2.384185791015625e-07
output1 candidate RMS mV 28946.011960639673 peak mV 41998.78421875589 scaled 388.70487156903715 KCL A 0.06481429189443588
output1 P7 RMS mV 0.09310259789444278 peak mV 3.4478498334280516 scaled 0.0005401802137612322 KCL A 8.139759302139282e-07
output2 candidate RMS mV 27216.096455993767 peak mV 41999.53134035304 scaled 26.28248936282199 KCL A 0.06443638354539871
output2 P7 RMS mV 0.018198536345705705 peak mV 0.25193696819236777 scaled 6.294389192203671e-05 KCL A 7.152557373046875e-07
triangle100 candidate RMS mV 0.0023030259632162912 peak mV 0.008578559092420335 scaled 5.938556005909608e-07 KCL A 2.384185791015625e-07
triangle100 P7 RMS mV 0.008263620836393332 peak mV 0.0408546074450733 scaled 2.72364049633822e-06 KCL A 2.384185791015625e-07
triangle1000 candidate RMS mV 25355.836984019283 peak mV 41998.784207417346 scaled 385.2567825652197 KCL A 0.06897976249456406
triangle1000 P7 RMS mV 0.11164911234738843 peak mV 3.01040630190208 scaled 0.000670666583800994 KCL A 7.450580596923828e-07
noise250 candidate RMS mV 26170.94442286076 peak mV 41999.154123115586 scaled 20.69260772930506 KCL A 0.07271477580070496
noise250 P7 RMS mV 0.02970080021654769 peak mV 0.595496810994689 scaled 3.969978739964593e-05 KCL A 4.76837158203125e-07
step025 candidate RMS mV 23484.95116125415 peak mV 41998.79187999955 scaled 89.47489776952735 KCL A 0.06852702796459198
step025 P7 RMS mV 0.05909800810798091 peak mV 2.260941786943249 scaled 0.0012093635613830145 KCL A 6.407499313354492e-07
step1 candidate RMS mV 31433.69625700792 peak mV 41999.24008614753 scaled 899.8553080258317 KCL A 0.06877508759498596
step1 P7 RMS mV 0.12403347434019815 peak mV 4.766934647243204 scaled 0.0013825827524366712 KCL A 9.5367431640625e-07
multitone candidate RMS mV 21781.735202308515 peak mV 41994.77875159273 scaled 63.70397451814039 KCL A 0.07211838662624359
multitone P7 RMS mV 0.027844521971064778 peak mV 0.9846638660846452 scaled 0.0004363676161851515 KCL A 4.76837158203125e-07
output0 candidate RMS mV 0.002104756341864858 peak mV 0.007920981103914926 scaled 6.145390446447389e-07 KCL A 2.384185791015625e-07
output0 P7 RMS mV 0.008584503963513578 peak mV 0.042122465318872315 scaled 2.8081643545914875e-06 KCL A 2.384185791015625e-07
output1 candidate RMS mV 28743.762870242103 peak mV 41998.78418828938 scaled 385.2567902346052 KCL A 0.07700423151254654
output1 P7 RMS mV 0.09310259789444278 peak mV 3.4478498334280516 scaled 0.0005401802137612322 KCL A 8.139759302139282e-07
output2 candidate RMS mV 27534.271102564257 peak mV 41999.531345232586 scaled 30.302082022823246 KCL A 0.07645536959171295
output2 P7 RMS mV 0.018198536345705705 peak mV 0.25193696819236777 scaled 6.294389192203671e-05 KCL A 7.152557373046875e-07
triangle100 candidate RMS mV 5.183257190409866 peak mV 55.3369241779853 scaled 0.0036891282785323537 KCL A 3.5858568026014837e-07
triangle100 P7 RMS mV 0.008263620836393332 peak mV 0.0408546074450733 scaled 2.72364049633822e-06 KCL A 2.384185791015625e-07
triangle1000 candidate RMS mV 30192.71853975261 peak mV 41999.531410365176 scaled 391.1817397169859 KCL A 0.07928676158189774
triangle1000 P7 RMS mV 0.11164911234738843 peak mV 3.01040630190208 scaled 0.000670666583800994 KCL A 7.450580596923828e-07
noise250 candidate RMS mV 26237.673872990774 peak mV 41998.316381593744 scaled 33.63217126351564 KCL A 0.08059567213058472
noise250 P7 RMS mV 0.02970080021654769 peak mV 0.595496810994689 scaled 3.969978739964593e-05 KCL A 4.76837158203125e-07
step025 candidate RMS mV 26691.758824865094 peak mV 41999.13672070951 scaled 94.25755060058555 KCL A 0.07193507254123688
step025 P7 RMS mV 0.05909800810798091 peak mV 2.260941786943249 scaled 0.0012093635613830145 KCL A 6.407499313354492e-07
step1 candidate RMS mV 22346.846687653204 peak mV 41998.31243563894 scaled 735.3304527888387 KCL A 0.07766156643629074
step1 P7 RMS mV 0.12403347434019815 peak mV 4.766934647243204 scaled 0.0013825827524366712 KCL A 9.5367431640625e-07
multitone candidate RMS mV 23231.76953101396 peak mV 41997.74277136812 scaled 53.551989654257106 KCL A 0.0841636210680008
multitone P7 RMS mV 0.027844521971064778 peak mV 0.9846638660846452 scaled 0.0004363676161851515 KCL A 4.76837158203125e-07
output0 candidate RMS mV 4.700307134013201 peak mV 55.33679724704932 scaled 0.0036891198164699544 KCL A 3.5873119941243203e-07
output0 P7 RMS mV 0.008584503963513578 peak mV 0.042122465318872315 scaled 2.8081643545914875e-06 KCL A 2.384185791015625e-07
output1 candidate RMS mV 33884.26677139056 peak mV 41998.931838270095 scaled 951.0381725859473 KCL A 0.08292112499475479
output1 P7 RMS mV 0.09310259789444278 peak mV 3.4478498334280516 scaled 0.0005401802137612322 KCL A 8.139759302139282e-07
output2 candidate RMS mV 28172.14903615919 peak mV 41999.531345232586 scaled 497.54602517653126 KCL A 0.0855686366558075
output2 P7 RMS mV 0.018198536345705705 peak mV 0.25193696819236777 scaled 6.294389192203671e-05 KCL A 7.152557373046875e-07
triangle100 candidate RMS mV 0.029280315692168293 peak mV 0.5325990742255371 scaled 3.550660494836914e-05 KCL A 2.384185791015625e-07
triangle100 P7 RMS mV 0.008263620836393332 peak mV 0.0408546074450733 scaled 2.72364049633822e-06 KCL A 2.384185791015625e-07
triangle1000 candidate RMS mV 25972.675643373244 peak mV 41998.78418944288 scaled 380.4910792403013 KCL A 0.06557446718215942
triangle1000 P7 RMS mV 0.11164911234738843 peak mV 3.01040630190208 scaled 0.000670666583800994 KCL A 7.450580596923828e-07
noise250 candidate RMS mV 24869.551159853825 peak mV 41998.308762359215 scaled 27.10108764514099 KCL A 0.0017810399876907468
noise250 P7 RMS mV 0.02970080021654769 peak mV 0.595496810994689 scaled 3.969978739964593e-05 KCL A 4.76837158203125e-07
step025 candidate RMS mV 23851.417280786773 peak mV 41997.739612228586 scaled 103.67856527884665 KCL A 0.0017810399876907468
step025 P7 RMS mV 0.05909800810798091 peak mV 2.260941786943249 scaled 0.0012093635613830145 KCL A 6.407499313354492e-07
step1 candidate RMS mV 28276.93519350133 peak mV 41998.31683017762 scaled 1152.0104456638103 KCL A 0.06569832563400269
step1 P7 RMS mV 0.12403347434019815 peak mV 4.766934647243204 scaled 0.0013825827524366712 KCL A 9.5367431640625e-07
multitone candidate RMS mV 15514.769768176968 peak mV 41989.78261177534 scaled 67.61267598425766 KCL A 0.06436923146247864
multitone P7 RMS mV 0.027844521971064778 peak mV 0.9846638660846452 scaled 0.0004363676161851515 KCL A 4.76837158203125e-07
output0 candidate RMS mV 0.021187721613849006 peak mV 0.532472143289553 scaled 3.54981428859702e-05 KCL A 2.384185791015625e-07
output0 P7 RMS mV 0.008584503963513578 peak mV 0.042122465318872315 scaled 2.8081643545914875e-06 KCL A 2.384185791015625e-07
output1 candidate RMS mV 28424.16569822446 peak mV 41998.784189442886 scaled 380.49100870839294 KCL A 0.06765565276145935
output1 P7 RMS mV 0.09310259789444278 peak mV 3.4478498334280516 scaled 0.0005401802137612322 KCL A 8.139759302139282e-07
output2 candidate RMS mV 25068.611515034918 peak mV 41998.31644112376 scaled 39.262354950308115 KCL A 0.0020581886637955904
output2 P7 RMS mV 0.018198536345705705 peak mV 0.25193696819236777 scaled 6.294389192203671e-05 KCL A 7.152557373046875e-07
triangle100 candidate RMS mV 0.0020852111421334335 peak mV 0.00644970202934303 scaled 6.315326894027843e-07 KCL A 2.384185791015625e-07
triangle100 P7 RMS mV 0.008263620836393332 peak mV 0.0408546074450733 scaled 2.72364049633822e-06 KCL A 2.384185791015625e-07
triangle1000 candidate RMS mV 26370.702275111555 peak mV 41998.31307030857 scaled 384.97792898983107 KCL A 0.06971483677625656
triangle1000 P7 RMS mV 0.11164911234738843 peak mV 3.01040630190208 scaled 0.000670666583800994 KCL A 7.450580596923828e-07
noise250 candidate RMS mV 26389.55044200213 peak mV 41998.316381593744 scaled 25.01004499551424 KCL A 0.06467757374048233
noise250 P7 RMS mV 0.02970080021654769 peak mV 0.595496810994689 scaled 3.969978739964593e-05 KCL A 4.76837158203125e-07
step025 candidate RMS mV 24582.652147669458 peak mV 41997.92173963041 scaled 83.85765959342184 KCL A 0.08538868278265
step025 P7 RMS mV 0.05909800810798091 peak mV 2.260941786943249 scaled 0.0012093635613830145 KCL A 6.407499313354492e-07
step1 candidate RMS mV 24367.415364743327 peak mV 41998.31693816149 scaled 889.2463819855625 KCL A 0.06838096678256989
step1 P7 RMS mV 0.12403347434019815 peak mV 4.766934647243204 scaled 0.0013825827524366712 KCL A 9.5367431640625e-07
multitone candidate RMS mV 23377.22263667218 peak mV 41997.75230671111 scaled 48.3956438619149 KCL A 0.07888947427272797
multitone P7 RMS mV 0.027844521971064778 peak mV 0.9846638660846452 scaled 0.0004363676161851515 KCL A 4.76837158203125e-07
output0 candidate RMS mV 0.0023373630306200146 peak mV 0.007644012551377699 scaled 6.108969300052299e-07 KCL A 2.384185791015625e-07
output0 P7 RMS mV 0.008584503963513578 peak mV 0.042122465318872315 scaled 2.8081643545914875e-06 KCL A 2.384185791015625e-07
output1 candidate RMS mV 25691.27265026638 peak mV 41998.31305952952 scaled 566.4392710843844 KCL A 0.0855826660990715
output1 P7 RMS mV 0.09310259789444278 peak mV 3.4478498334280516 scaled 0.0005401802137612322 KCL A 8.139759302139282e-07
output2 candidate RMS mV 26995.958984933004 peak mV 41998.31643983861 scaled 45.06111534563081 KCL A 0.06874632835388184
output2 P7 RMS mV 0.018198536345705705 peak mV 0.25193696819236777 scaled 6.294389192203671e-05 KCL A 7.152557373046875e-07
