triangle100 candidate RMS mV 5.183257190409866 peak mV 55.3369241779853 scaled 0.0036891282785323537 KCL A 3.5858568026014837e-07
triangle100 P7 RMS mV 0.008263620836393332 peak mV 0.0408546074450733 scaled 2.72364049633822e-06 KCL A 2.384185791015625e-07
triangle1000 candidate RMS mV 17477.463718279883 peak mV 41998.784206527685 scaled 371.8467204561375 KCL A 0.017932601273059845
triangle1000 P7 RMS mV 0.11164911234738843 peak mV 3.01040630190208 scaled 0.000670666583800994 KCL A 7.450580596923828e-07
noise250 candidate RMS mV 25299.366781556786 peak mV 41998.79123493811 scaled 1098.5679635827644 KCL A 0.05542474612593651
noise250 P7 RMS mV 0.02970080021654769 peak mV 0.595496810994689 scaled 3.969978739964593e-05 KCL A 4.76837158203125e-07
step025 candidate RMS mV 20563.19061766254 peak mV 41997.92173963041 scaled 748.7211879984926 KCL A 0.01648479327559471
step025 P7 RMS mV 0.05909800810798091 peak mV 2.260941786943249 scaled 0.0012093635613830145 KCL A 6.407499313354492e-07
step1 candidate RMS mV 18384.784534309696 peak mV 42038.46272805002 scaled 1406.39246378214 KCL A 0.07965448498725891
step1 P7 RMS mV 0.12403347434019815 peak mV 4.766934647243204 scaled 0.0013825827524366712 KCL A 9.5367431640625e-07
multitone candidate RMS mV 21678.30489575702 peak mV 42040.08210669008 scaled 555.8855509092558 KCL A 0.09718474745750427
multitone P7 RMS mV 0.027844521971064778 peak mV 0.9846638660846452 scaled 0.0004363676161851515 KCL A 4.76837158203125e-07
output0 candidate RMS mV 4.700307134013201 peak mV 55.33679724704932 scaled 0.0036891198164699544 KCL A 3.5873119941243203e-07
output0 P7 RMS mV 0.008584503963513578 peak mV 0.042122465318872315 scaled 2.8081643545914875e-06 KCL A 2.384185791015625e-07
output1 candidate RMS mV 19817.03301170589 peak mV 42039.20280438306 scaled 415.93834087552654 KCL A 0.01736537739634514
output1 P7 RMS mV 0.09310259789444278 peak mV 3.4478498334280516 scaled 0.0005401802137612322 KCL A 8.139759302139282e-07
output2 candidate RMS mV 26440.88583738169 peak mV 42039.355853223795 scaled 137.16873742205811 KCL A 0.08723907917737961
output2 P7 RMS mV 0.018198536345705705 peak mV 0.25193696819236777 scaled 6.294389192203671e-05 KCL A 7.152557373046875e-07
triangle100 candidate RMS mV 0.029390660779314515 peak mV 0.5325990742255371 scaled 3.550660494836914e-05 KCL A 2.384185791015625e-07
triangle100 P7 RMS mV 0.008263620836393332 peak mV 0.0408546074450733 scaled 2.72364049633822e-06 KCL A 2.384185791015625e-07
triangle1000 candidate RMS mV 10940.533803762308 peak mV 41998.316429286075 scaled 147.21666665935356 KCL A 0.010983530431985855
triangle1000 P7 RMS mV 0.11164911234738843 peak mV 3.01040630190208 scaled 0.000670666583800994 KCL A 7.450580596923828e-07
noise250 candidate RMS mV 19966.997740981573 peak mV 41998.316381593744 scaled 31.546152920716125 KCL A 0.015012446790933609
noise250 P7 RMS mV 0.02970080021654769 peak mV 0.595496810994689 scaled 3.969978739964593e-05 KCL A 4.76837158203125e-07
step025 candidate RMS mV 12843.914321935663 peak mV 41997.92173963041 scaled 630.6706874503611 KCL A 0.005206559784710407
step025 P7 RMS mV 0.05909800810798091 peak mV 2.260941786943249 scaled 0.0012093635613830145 KCL A 6.407499313354492e-07
step1 candidate RMS mV 6386.26326904512 peak mV 41998.31686971169 scaled 878.0887783763505 KCL A 0.014073938131332397
step1 P7 RMS mV 0.12403347434019815 peak mV 4.766934647243204 scaled 0.0013825827524366712 KCL A 9.5367431640625e-07
multitone candidate RMS mV 11307.469274669931 peak mV 38554.32277287981 scaled 462.72706520125575 KCL A 0.01448594406247139
multitone P7 RMS mV 0.027844521971064778 peak mV 0.9846638660846452 scaled 0.0004363676161851515 KCL A 4.76837158203125e-07
output0 candidate RMS mV 0.0213900832180503 peak mV 0.532472143289553 scaled 3.54981428859702e-05 KCL A 2.384185791015625e-07
output0 P7 RMS mV 0.008584503963513578 peak mV 0.042122465318872315 scaled 2.8081643545914875e-06 KCL A 2.384185791015625e-07
output1 candidate RMS mV 12419.066896003567 peak mV 41998.31642928696 scaled 172.1228987428045 KCL A 0.010983530431985855
output1 P7 RMS mV 0.09310259789444278 peak mV 3.4478498334280516 scaled 0.0005401802137612322 KCL A 8.139759302139282e-07
output2 candidate RMS mV 22258.298879168575 peak mV 41998.63982560271 scaled 48.86853456389767 KCL A 0.01616782136261463
output2 P7 RMS mV 0.018198536345705705 peak mV 0.25193696819236777 scaled 6.294389192203671e-05 KCL A 7.152557373046875e-07
triangle100 candidate RMS mV 0.0018427659430455148 peak mV 0.011077173759588277 scaled 7.384782506392185e-07 KCL A 2.384185791015625e-07
triangle100 P7 RMS mV 0.008263620836393332 peak mV 0.0408546074450733 scaled 2.72364049633822e-06 KCL A 2.384185791015625e-07
triangle1000 candidate RMS mV 331.5109701931837 peak mV 9572.960510061668 scaled 5.217285725259336 KCL A 0.009679878130555153
triangle1000 P7 RMS mV 0.11164911234738843 peak mV 3.01040630190208 scaled 0.000670666583800994 KCL A 7.450580596923828e-07
noise250 candidate RMS mV 9305.511045681998 peak mV 41997.95899127247 scaled 11.644140499532655 KCL A 0.008909536525607109
noise250 P7 RMS mV 0.02970080021654769 peak mV 0.595496810994689 scaled 3.969978739964593e-05 KCL A 4.76837158203125e-07
step025 candidate RMS mV 605.2366508029646 peak mV 10447.996331175937 scaled 23.68400057096113 KCL A 0.003718723775818944
step025 P7 RMS mV 0.05909800810798091 peak mV 2.260941786943249 scaled 0.0012093635613830145 KCL A 6.407499313354492e-07
step1 candidate RMS mV 344.5612833279768 peak mV 12099.735763223283 scaled 6.991450331551865 KCL A 0.006292938254773617
step1 P7 RMS mV 0.12403347434019815 peak mV 4.766934647243204 scaled 0.0013825827524366712 KCL A 9.5367431640625e-07
multitone candidate RMS mV 3908.681617864396 peak mV 25211.301513134156 scaled 49.781372377742194 KCL A 0.009031289257109165
multitone P7 RMS mV 0.027844521971064778 peak mV 0.9846638660846452 scaled 0.0004363676161851515 KCL A 4.76837158203125e-07
output0 candidate RMS mV 0.0031663814623731587 peak mV 0.052205447870434796 scaled 3.4803631913623198e-06 KCL A 2.384185791015625e-07
output0 P7 RMS mV 0.008584503963513578 peak mV 0.042122465318872315 scaled 2.8081643545914875e-06 KCL A 2.384185791015625e-07
output1 candidate RMS mV 815.5980006514271 peak mV 31514.99048939997 scaled 5.31951281057876 KCL A 0.009679880924522877
output1 P7 RMS mV 0.09310259789444278 peak mV 3.4478498334280516 scaled 0.0005401802137612322 KCL A 8.139759302139282e-07
output2 candidate RMS mV 11865.247801968937 peak mV 41998.31680221937 scaled 27.54526712358042 KCL A 0.009516486898064613
output2 P7 RMS mV 0.018198536345705705 peak mV 0.25193696819236777 scaled 6.294389192203671e-05 KCL A 7.152557373046875e-07
