warning: function `observations` is never used
   --> src/exponential.rs:204:4
    |
204 | fn observations<const Q: bool>(o: &[f64; 19], n: &[f64; 13]) -> [f64; 19] {
    |    ^^^^^^^^^^^^
    |
    = note: `#[warn(dead_code)]` (part of `#[warn(unused)]`) on by default

warning: constant `FS` is never used
 --> src/generated_exponential.rs:2:11
  |
2 | pub const FS: f64 = 48000.0;
  |           ^^

warning: `orange-dsp` (lib) generated 2 warnings
   Compiling orange-dsp v0.1.0 (/Users/stpntrsvv/OrangeDCrush20/simulation/experiments/rate48/host_control)
warning: variable `old` is assigned to, but never used
  --> examples/control48_di.rs:11:120
   |
11 |   let key=format!("{:.0}mv",level*1000.);let mut a=BoundedState::<3,7>::default();let mut b=PackedState::default();let mut old=0.;
   |                                                                                                                        ^^^^^^^
   |
   = note: consider using `_old` instead
   = note: `#[warn(unused_variables)]` (part of `#[warn(unused)]`) on by default

warning: value assigned to `old` is never read
  --> examples/control48_di.rs:29:4
   |
29 |    old=u;
   |    ^^^^^
   |
   = help: maybe it is overwritten before being read?
   = note: `#[warn(unused_assignments)]` (part of `#[warn(unused)]`) on by default

warning: `orange-dsp` (example "control48_di") generated 2 warnings
    Finished `release` profile [optimized] target(s) in 1.59s
     Running `simulation/experiments/rate48/host_control/target/aarch64-apple-darwin/release/examples/control48_di`
100mv: {"samples":10643479,"rate":48000,"failures":[0, 0],"stops":[0, 0],"max_local_norm":0.000005364418,"max_attempts_per_block":[0, 1, 3, 1, 1],"peak_raw_endpoint_difference_v":0.0005288124,"peak_sample":312389,"memory_peak_v":[0.0, 0.0, 0.0, 0.0, 0.0, 0.0, 4.196167e-5, 2.7045608e-6, 2.9560179e-6, 8.3053485e-5, 1.2830715e-5, 7.152092e-5, 7.1597286e-5, 7.127877e-5, 2.0205098e-6, 1.8782914e-5, 2.54123e-6, 3.644824e-5, 6.5938366e-11, 4.3585896e-6, 1.7443672e-6, 1.4852267e-6, 0.0005288124, 0.0, 0.00094611617, 3.914535e-5, 3.6373734e-5, 0.00053215027],"previous_memory_different_time_offsets_peak_v":[0.0, 0.0, 0.0, 0.0, 0.0, 0.0, 4.196167e-5, 2.7045608e-6, 2.9560179e-6, 8.3053485e-5, 1.2830715e-5, 7.152092e-5, 7.1597286e-5, 7.127877e-5, 2.0205098e-6, 1.8782914e-5, 2.54123e-6, 3.644824e-5, 6.5938366e-11, 4.3585896e-6, 1.7443672e-6, 1.4852267e-6, 0.0005288124, 0.0, 0.00094611617, 3.914535e-5, 3.6373734e-5, 0.00053215027],"work_counts":[[0, 0, 0], [10643479, 10643479, 0], [24255125, 23446952, 13611646], [10643479, 10643479, 0], [10643479, 10643479, 0]],"events":[]}

250mv: {"samples":10643479,"rate":48000,"failures":[0, 0],"stops":[0, 0],"max_local_norm":0.000015974045,"max_attempts_per_block":[0, 1, 3, 1, 2],"peak_raw_endpoint_difference_v":0.00060629845,"peak_sample":313545,"memory_peak_v":[0.0, 0.0, 0.0, 0.0, 0.0, 0.0, 4.3332577e-5, 4.6556816e-6, 3.6535785e-6, 0.00020574033, 2.28571e-5, 0.0001828298, 0.00018247962, 0.00018263143, 2.6816724e-6, 1.9043684e-5, 3.9630104e-6, 3.761053e-5, 6.9235284e-11, 7.139519e-6, 2.7283095e-6, 1.953449e-6, 0.00060629845, 0.0, 0.00091431546, 4.377961e-5, 3.7252903e-5, 0.00060486794],"previous_memory_different_time_offsets_peak_v":[0.0, 0.0, 0.0, 0.0, 0.0, 0.0, 4.3332577e-5, 4.6556816e-6, 3.6535785e-6, 0.00020573847, 2.28571e-5, 0.0001828298, 0.00018247962, 0.00018263143, 2.6816724e-6, 1.9043684e-5, 3.9630104e-6, 3.761053e-5, 6.9235284e-11, 7.139519e-6, 2.7283095e-6, 1.953449e-6, 0.00060629845, 0.0, 0.00091431546, 4.377961e-5, 3.7252903e-5, 0.00060486794],"work_counts":[[0, 0, 0], [10643479, 10643479, 0], [27898700, 25805493, 17255221], [10643479, 10643479, 0], [10645248, 10645248, 1769]],"events":[]}

1000mv: {"samples":10643479,"rate":48000,"failures":[0, 0],"stops":[0, 0],"max_local_norm":0.000017674764,"max_attempts_per_block":[0, 3, 3, 1, 3],"peak_raw_endpoint_difference_v":0.02131939,"peak_sample":5951664,"memory_peak_v":[0.0, 0.0, 1.1324883e-6, 5.029142e-8, 6.556511e-7, 2.2351742e-7, 0.00017032027, 7.108785e-6, 4.1797757e-6, 9.2841685e-5, 3.1462638e-5, 6.785616e-5, 5.9209764e-5, 6.0386956e-5, 2.613735e-6, 0.000103235245, 4.796777e-6, 0.00012180209, 2.1094593e-10, 8.815667e-6, 3.969297e-6, 2.617715e-6, 0.021166801, 0.0035705566, 0.0015382767, 0.00020742416, 0.00012254715, 0.043914795],"previous_memory_different_time_offsets_peak_v":[0.0, 0.0, 1.1324883e-6, 5.029142e-8, 6.556511e-7, 2.2351742e-7, 0.00017032027, 7.108785e-6, 4.1797757e-6, 9.2841685e-5, 3.1462172e-5, 6.785616e-5, 5.9209764e-5, 6.0386956e-5, 2.613735e-6, 0.000103235245, 4.796777e-6, 0.00012180209, 2.1094593e-10, 8.815667e-6, 3.969297e-6, 2.617715e-6, 0.021166801, 0.0035705566, 0.0015382767, 0.00020742416, 0.00012254715, 0.043914795],"work_counts":[[0, 0, 0], [10718148, 10715976, 74669], [32804731, 28214505, 22161252], [10643479, 10643479, 0], [11219868, 11152327, 509729]],"events":[]}

