Open On-Chip Debugger 0.12.0
Licensed under GNU GPL v2
For bug reports, read
	http://openocd.org/doc/doxygen/bugs.html
run_ram_probe
Info : STLINK V2J43M28 (API v2) VID:PID 0483:3752
Info : Target voltage: 3.259987
Info : Unable to match requested speed 1000 kHz, using 950 kHz
Info : Unable to match requested speed 1000 kHz, using 950 kHz
Info : clock speed 950 kHz
Info : stlink_dap_op_connect(connect)
Info : SWD DPIDR 0x6ba02477
Info : [stm32h7r3.cpu0] Cortex-M7 r1p2 processor detected
Info : [stm32h7r3.cpu0] target has 8 breakpoints, 4 watchpoints
Info : starting gdb server for stm32h7r3.cpu0 on 3333
Info : Listening on port 3333 for gdb connections
[stm32h7r3.cpu0] halted due to debug-request, current mode: Thread 
xPSR: 0x81000000 pc: 0x900004bc msp: 0x200005d0
[stm32h7r3.cpu0] halted due to debug-request, current mode: Thread 
xPSR: 0x61000000 pc: 0x00004b80 msp: 0x2000e458
RAM_PROBE 0x0 0x0 0x0 0x0 0x0 0x0 0x53544550 0x0 0x0 0x444f4e45
STEP_PROFILE_0 0x0 0x0 0x0 0x0 0x0 0x0 0x0 0x0 0x0 0x0 0x0 0x0 0x0 0x0 0x0 0x0 0x0 0x0 0x109f4cb 0xd46aad 0x47fc 0x3889 0x0 0x60 0x380 0x0 0x3ff 0x3e0 0x0 0x3b018800
STEP_PROFILE_1 0x0 0x0 0x0 0x0 0x0 0x0 0x0 0x0 0x0 0x2bc 0x0 0x0 0x0 0x0 0x0 0x0 0x0 0x0 0x39bc7a1 0x1d47df5 0x138ac 0x9ace 0x2b7 0x2ac 0x104 0x30 0x3fa 0x3e0 0x2b7 0x3f0ff750
STEP_PROFILE_2 0x0 0x0 0x0 0x0 0x0 0x0 0x0 0x0 0x0 0x3e0 0x0 0x0 0x0 0x0 0x0 0x0 0x0 0x0 0x5b67851 0x24bcaf3 0x17b41 0x98fa 0x3e0 0x3e0 0x0 0x0 0x0 0x3e0 0x3e0 0x0
shutdown command invoked

REPEAT (output after initial connection)
[stm32h7r3.cpu0] halted due to debug-request, current mode: Thread 
xPSR: 0x61000000 pc: 0x00004b80 msp: 0x2000e458
RAM_PROBE 0x0 0x0 0x0 0x0 0x0 0x0 0x53544550 0x0 0x0 0x444f4e45
STEP_PROFILE_0 0x0 0x0 0x0 0x0 0x0 0x0 0x0 0x0 0x0 0x0 0x0 0x0 0x0 0x0 0x0 0x0 0x0 0x0 0x109fa2b 0xd465ef 0x48a6 0x38a7 0x0 0x60 0x380 0x0 0x3ff 0x3e0 0x0 0x3b018800
STEP_PROFILE_1 0x0 0x0 0x0 0x0 0x0 0x0 0x0 0x0 0x0 0x2bc 0x0 0x0 0x0 0x0 0x0 0x0 0x0 0x0 0x39bc115 0x1d48478 0x13764 0x9ace 0x2b7 0x2ac 0x104 0x30 0x3fa 0x3e0 0x2b7 0x3f0ff750
STEP_PROFILE_2 0x0 0x0 0x0 0x0 0x0 0x0 0x0 0x0 0x0 0x3e0 0x0 0x0 0x0 0x0 0x0 0x0 0x0 0x0 0x5b67dd8 0x24bc7ac 0x17b3d 0x992c 0x3e0 0x3e0 0x0 0x0 0x0 0x3e0 0x3e0 0x0
shutdown command invoked
