Open On-Chip Debugger 0.12.0
Licensed under GNU GPL v2
For bug reports, read
	http://openocd.org/doc/doxygen/bugs.html
run_packed_probe
Info : STLINK V2J43M28 (API v2) VID:PID 0483:3752
Info : Target voltage: 3.268526
Info : Unable to match requested speed 1000 kHz, using 950 kHz
Info : Unable to match requested speed 1000 kHz, using 950 kHz
Info : clock speed 950 kHz
Info : stlink_dap_op_connect(connect)
Info : SWD DPIDR 0x6ba02477
Info : [stm32h7r3.cpu0] Cortex-M7 r1p2 processor detected
Info : [stm32h7r3.cpu0] target has 8 breakpoints, 4 watchpoints
Info : starting gdb server for stm32h7r3.cpu0 on 3333
Info : Listening on port 3333 for gdb connections
[stm32h7r3.cpu0] halted due to debug-request, current mode: Thread 
xPSR: 0x81000000 pc: 0x900004bc msp: 0x200005d0
[stm32h7r3.cpu0] halted due to debug-request, current mode: Thread 
xPSR: 0x61000000 pc: 0x00000914 msp: 0x2000ec90
PACK_DONE 0x444f4e45
PACK_PROFILE_0 0x13c1 0x6 0x35266666 0x0 0x9888 0x252a6a 0x0 0x15c 0x0 0x0 0x0 0x9f4c 0x21b73c 0x3453 0x2f5e 0x1453 0x0 0x0 0x11e6c42 0x105063b 0x4cf2 0x565a 0x0 0x0 0x0 0x0 0x0 0x3e0 0x0 0x0 0x800 0x0 0x0 0x0 0x0 0x11 0x0 0x0 0x0 0x2
PACK_PROFILE_1 0x1ef8 0xe 0x36f11111 0x0 0xcf15 0x2f3094 0x0 0x15c 0x0 0x0 0x0 0x111bc 0x296418 0x4678 0x3d3a 0x1fe4 0x0 0x0 0x164ab15 0x135dea7 0x6864 0xa5e9 0x0 0x0 0x0 0x0 0x0 0x3e0 0x0 0x0 0x800 0x0 0x0 0x0 0x0 0x11 0x0 0x0 0x0 0x2
PACK_PROFILE_2 0x1c92 0xa 0x37095555 0x0 0xcb03 0x2c45ba 0x0 0x15c 0x0 0x0 0x0 0x16de0 0x47dc21 0x40e1 0x37ba 0x1d8b 0x0 0x0 0x152b58d 0x2261391 0x68cd 0xdbc6 0x0 0x0 0x0 0x0 0x0 0x3e0 0x0 0x0 0x800 0x0 0x0 0x0 0x0 0x11 0x0 0x0 0x0 0x2
PACK_STACK_GUARD_OK
[stm32h7r3.cpu0] halted due to debug-request, current mode: Thread 
xPSR: 0x81000000 pc: 0x900004c0 msp: 0x200005d0
POST_RESET_PC pc (/32): 0x900004c0

POST_RESET_XPSR xPSR (/32): 0x81000000

POST_RESET_FAULTS 0x0 0x0
[stm32h7r3.cpu0] halted due to debug-request, current mode: Thread 
xPSR: 0x81000000 pc: 0x900004c0 msp: 0x200005d0
POST_RESUME_PC pc (/32): 0x900004c0

PACK_RESET_VERIFIED
shutdown command invoked
