   Compiling orange-dsp v0.1.0 (/Users/stpntrsvv/OrangeDCrush20/firmware/orange-dsp)
    Finished `release` profile [optimized + debuginfo] target(s) in 14.87s
     Running unittests src/lib.rs (firmware/target/aarch64-apple-darwin/release/deps/orange_dsp-b468f9428fa6732f)

running 7 tests
test packed::tests::saturated_law_is_finite_and_matches_f64 ... ok
packed F=true M=orange_dsp::packed::ExtraMath<orange_dsp::FpuRootMath, 1> 100mV rms=0.0000018493641456964113 peak=0.00004226465745715835 scaled=0.0000028176438304772233 fullres=0.000023841858 failures=0 maxiter=4
direct=[1024, 1024, 1024, 0, 1024, 1024] retries=0
packed F=true M=orange_dsp::packed::FastMath<orange_dsp::FpuRootMath> 100mV rms=0.00000184971747691496 peak=0.00004214544816760757 scaled=0.0000028096965445071713 fullres=0.000023841858 failures=0 maxiter=5
direct=[1024, 1024, 1024, 0, 1024, 0] retries=0
packed F=false M=orange_dsp::FpuRootMath 100mV rms=0.0000016774219414532229 peak=0.000042673228109135763 scaled=0.000002844881873942384 fullres=0.000023841858 failures=0 maxiter=4
direct=[1024, 1024, 1024, 0, 1024, 0] retries=0
packed F=true M=orange_dsp::packed::ExtraMath<orange_dsp::FpuRootMath, 2> 100mV rms=0.0000019787378576275483 peak=0.000044768052537724756 scaled=0.000002984536835848317 fullres=0.000023841858 failures=0 maxiter=4
direct=[1024, 1024, 1024, 0, 1024, 1024] retries=0
packed F=true M=orange_dsp::packed::RootMath<orange_dsp::FpuRootMath> 100mV rms=0.0000018523070238015024 peak=0.00004214544816760757 scaled=0.0000028096965445071713 fullres=0.000023841858 failures=0 maxiter=5
direct=[1024, 1024, 1024, 0, 1024, 0] retries=0
packed F=false M=orange_dsp::packed::FastMath<orange_dsp::FpuRootMath> 100mV rms=0.0000016774219414532229 peak=0.000042673228109135763 scaled=0.000002844881873942384 fullres=0.000023841858 failures=0 maxiter=4
direct=[1024, 1024, 1024, 0, 1024, 0] retries=0
packed F=true M=orange_dsp::packed::RootMath<orange_dsp::FpuRootMath> 1000mV rms=0.000012226065121971198 peak=0.006268844796730733 scaled=0.0029345392256345804 fullres=0.0000808388 failures=0 maxiter=12
direct=[1024, 784, 1024, 240, 1024, 0] retries=0
packed F=true M=orange_dsp::packed::ExtraMath<orange_dsp::FpuRootMath, 1> 1000mV rms=0.000012227726434301559 peak=0.00626693744809792 scaled=0.0029345392256345804 fullres=0.0000808388 failures=0 maxiter=12
direct=[1024, 784, 1024, 1226, 1024, 38] retries=0
packed F=true M=orange_dsp::packed::ExtraMath<orange_dsp::FpuRootMath, 2> 1000mV rms=0.000008712979964716319 peak=0.005304768405951066 scaled=0.002886567471326392 fullres=0.00007248018 failures=0 maxiter=12
direct=[1024, 784, 1024, 1226, 1024, 38] retries=0
packed F=false M=orange_dsp::packed::FastMath<orange_dsp::FpuRootMath> 1000mV rms=0.000003983350293162762 peak=0.0019404622750314182 scaled=0.0008726554657035498 fullres=0.00007026829 failures=0 maxiter=12
direct=[1024, 783, 1024, 241, 1024, 0] retries=0
packed F=false M=orange_dsp::FpuRootMath 1000mV rms=0.000003983350293162762 peak=0.0019404622750314182 scaled=0.0008726554657035498 fullres=0.00007026829 failures=0 maxiter=12
direct=[1024, 783, 1024, 241, 1024, 0] retries=0
packed F=true M=orange_dsp::packed::FastMath<orange_dsp::FpuRootMath> 1000mV rms=0.000012227728975252241 peak=0.00626693744809792 scaled=0.0029345392256345804 fullres=0.0000808388 failures=0 maxiter=12
direct=[1024, 784, 1024, 240, 1024, 0] retries=0
packed F=true M=orange_dsp::packed::ExtraMath<orange_dsp::FpuRootMath, 2> 250mV rms=0.0000027420673728179054 peak=0.0008138882294517202 scaled=0.00005425921529678135 fullres=0.000047683716 failures=0 maxiter=25
direct=[1024, 1023, 1024, 629, 1024, 396] retries=1
test packed::tests::package_six_reference ... ok
packed F=true M=orange_dsp::packed::ExtraMath<orange_dsp::FpuRootMath, 1> 250mV rms=0.0000023476362978841284 peak=0.0007042156830650015 scaled=0.000046947712204333435 fullres=0.000047683716 failures=0 maxiter=25
direct=[1024, 1023, 1024, 629, 1024, 396] retries=3
test packed::tests::package_five_reference ... ok
packed F=true M=orange_dsp::packed::FastMath<orange_dsp::FpuRootMath> 250mV rms=0.0000023573201075257555 peak=0.0007185207978110952 scaled=0.000047901386520739685 fullres=0.000071525574 failures=0 maxiter=28
direct=[1024, 1023, 1024, 1, 1024, 0] retries=3
test packed::tests::package_three_reference ... ok
packed F=false M=orange_dsp::FpuRootMath 250mV rms=0.0000021415434184590947 peak=0.0006002651825767202 scaled=0.00004001767883844802 fullres=0.000047683716 failures=0 maxiter=25
direct=[1024, 1023, 1024, 1, 1024, 0] retries=1
test packed::tests::package_one_reference ... ok
packed F=false M=orange_dsp::packed::FastMath<orange_dsp::FpuRootMath> 250mV rms=0.0000021415434184590947 peak=0.0006002651825767202 scaled=0.00004001767883844802 fullres=0.000047683716 failures=0 maxiter=25
direct=[1024, 1023, 1024, 1, 1024, 0] retries=1
test packed::tests::package_two_reference ... ok
packed F=true M=orange_dsp::packed::RootMath<orange_dsp::FpuRootMath> 250mV rms=0.0000023442219655846936 peak=0.0007204281464439077 scaled=0.00004802854309626052 fullres=0.000047683716 failures=0 maxiter=25
direct=[1024, 1023, 1024, 1, 1024, 0] retries=1
test packed::tests::package_four_reference ... ok

test result: ok. 7 passed; 0 failed; 0 ignored; 0 measured; 23 filtered out; finished in 0.04s

