Open On-Chip Debugger 0.12.0
Licensed under GNU GPL v2
For bug reports, read
	http://openocd.org/doc/doxygen/bugs.html
run_packed_probe
Info : STLINK V2J43M28 (API v2) VID:PID 0483:3752
Info : Target voltage: 3.266932
Info : Unable to match requested speed 1000 kHz, using 950 kHz
Info : Unable to match requested speed 1000 kHz, using 950 kHz
Info : clock speed 950 kHz
Info : stlink_dap_op_connect(connect)
Info : SWD DPIDR 0x6ba02477
Info : [stm32h7r3.cpu0] Cortex-M7 r1p2 processor detected
Info : [stm32h7r3.cpu0] target has 8 breakpoints, 4 watchpoints
Info : starting gdb server for stm32h7r3.cpu0 on 3333
Info : Listening on port 3333 for gdb connections
[stm32h7r3.cpu0] halted due to debug-request, current mode: Thread 
xPSR: 0x21000000 pc: 0x900004c2 msp: 0x200005d0
[stm32h7r3.cpu0] halted due to debug-request, current mode: Thread 
xPSR: 0x61000000 pc: 0x000008bc msp: 0x2000ece0
PACK_DONE 0x444f4e45
PACK_PROFILE_0 0x7c0 0x2 0x3708a45f 0x0 0x7f88 0x1f59d3 0x0 0x120 0x0 0x0 0x0 0x9f56 0x21bb6d 0x0 0x0 0x0 0x0 0x0 0xf2d438 0x1051c76 0x4056 0x5662 0x0 0x0 0x0 0x0 0x0 0x3e0 0x0 0x0 0x800 0x800 0x0 0x800 0x800 0xe 0x0 0x0 0x0 0x2
PACK_PROFILE_1 0x119c 0x8 0x3fedd510 0x0 0xde23 0x2b83c8 0x0 0x120 0x0 0x0 0x0 0x111bd 0x2965fa 0x0 0x0 0x0 0x0 0x0 0x1466c83 0x135eaaa 0x7503 0xa5e8 0x377 0x0 0x0 0x0 0x0 0x3e0 0x0 0x0 0x800 0x63d 0x0 0x787 0xd 0xe 0x396 0x0 0x0 0x2
PACK_PROFILE_2 0x1213 0x7 0x410b9517 0x0 0xefaa 0x2e38fe 0x0 0x120 0x0 0x0 0x0 0x16de6 0x47d947 0x0 0x0 0x0 0x0 0x0 0x1607662 0x2262cd2 0x7d3a 0xdbca 0x3e0 0x0 0x0 0x0 0x0 0x3e0 0x0 0x0 0x800 0x7f0 0x0 0x53a 0x3a 0xe 0x400 0x0 0x0 0x2
PACK_STACK_GUARD_OK
[stm32h7r3.cpu0] halted due to debug-request, current mode: Thread 
xPSR: 0x81000000 pc: 0x900004bc msp: 0x200005d0
POST_RESET_PC pc (/32): 0x900004bc

POST_RESET_XPSR xPSR (/32): 0x81000000

POST_RESET_FAULTS 0x0 0x0
[stm32h7r3.cpu0] halted due to debug-request, current mode: Thread 
xPSR: 0x81000000 pc: 0x900004c0 msp: 0x200005d0
POST_RESUME_PC pc (/32): 0x900004c0

PACK_RESET_VERIFIED
shutdown command invoked
