Open On-Chip Debugger 0.12.0
Licensed under GNU GPL v2
For bug reports, read
	http://openocd.org/doc/doxygen/bugs.html
run_packed_probe
Info : STLINK V2J43M28 (API v2) VID:PID 0483:3752
Info : Target voltage: 3.268526
Info : Unable to match requested speed 1000 kHz, using 950 kHz
Info : Unable to match requested speed 1000 kHz, using 950 kHz
Info : clock speed 950 kHz
Info : stlink_dap_op_connect(connect)
Info : SWD DPIDR 0x6ba02477
Info : [stm32h7r3.cpu0] Cortex-M7 r1p2 processor detected
Info : [stm32h7r3.cpu0] target has 8 breakpoints, 4 watchpoints
Info : starting gdb server for stm32h7r3.cpu0 on 3333
Info : Listening on port 3333 for gdb connections
[stm32h7r3.cpu0] halted due to debug-request, current mode: Thread 
xPSR: 0x81000000 pc: 0x900004bc msp: 0x200005d0
[stm32h7r3.cpu0] halted due to debug-request, current mode: Thread 
xPSR: 0x61000000 pc: 0x000008b8 msp: 0x2000ece0
PACK_DONE 0x444f4e45
PACK_PROFILE_0 0xf80 0x4 0x35244444 0x0 0x9b8f 0x23c9de 0x0 0x120 0x0 0x0 0x0 0x9f96 0x21c9e2 0x0 0x0 0x0 0x0 0x0 0x114c36f 0x1059518 0x5410 0x5682 0x0 0x0 0x0 0x0 0x0 0x3e0 0x0 0x0 0x800 0x800 0x0 0x800 0x800 0xf 0x0 0x0 0x0 0x2
PACK_PROFILE_1 0x2240 0xc 0x3f8c96d5 0x0 0xfa5d 0x31db10 0x0 0x120 0x0 0x0 0x0 0x111fd 0x2974e5 0x0 0x0 0x0 0x0 0x0 0x17ed9be 0x13673b4 0x806b 0xa608 0xdc 0x0 0x0 0x0 0x0 0x3e0 0x0 0x0 0x800 0x63d 0x0 0x800 0x11 0xf 0xe6 0x0 0x0 0x2
PACK_PROFILE_2 0x1f48 0xe 0x3fcef272 0x0 0x132cd 0x3bdb47 0x0 0x120 0x0 0x0 0x0 0x16e26 0x47ee61 0x0 0x0 0x0 0x0 0x0 0x1be9446 0x226a703 0xab66 0xdbea 0x3d9 0x0 0x0 0x0 0x0 0x3e0 0x0 0x0 0x800 0x7ef 0x0 0x6e2 0x10c 0xf 0x3f9 0x0 0x0 0x2
PACK_STACK_GUARD_OK
[stm32h7r3.cpu0] halted due to debug-request, current mode: Thread 
xPSR: 0x81000000 pc: 0x900006a8 msp: 0x200005d0
POST_RESET_PC pc (/32): 0x900006a8

POST_RESET_XPSR xPSR (/32): 0x81000000

POST_RESET_FAULTS 0x0 0x0
[stm32h7r3.cpu0] halted due to debug-request, current mode: Thread 
xPSR: 0x81000000 pc: 0x900004c0 msp: 0x200005d0
POST_RESUME_PC pc (/32): 0x900004c0

PACK_RESET_VERIFIED
shutdown command invoked
