Open On-Chip Debugger 0.12.0
Licensed under GNU GPL v2
For bug reports, read
	http://openocd.org/doc/doxygen/bugs.html
run_packed_probe
Info : STLINK V2J43M28 (API v2) VID:PID 0483:3752
Info : Target voltage: 3.270120
Info : Unable to match requested speed 1000 kHz, using 950 kHz
Info : Unable to match requested speed 1000 kHz, using 950 kHz
Info : clock speed 950 kHz
Info : stlink_dap_op_connect(connect)
Info : SWD DPIDR 0x6ba02477
Info : [stm32h7r3.cpu0] Cortex-M7 r1p2 processor detected
Info : [stm32h7r3.cpu0] target has 8 breakpoints, 4 watchpoints
Info : starting gdb server for stm32h7r3.cpu0 on 3333
Info : Listening on port 3333 for gdb connections
[stm32h7r3.cpu0] halted due to debug-request, current mode: Thread 
xPSR: 0x81000000 pc: 0x900004bc msp: 0x200005d0
[stm32h7r3.cpu0] halted due to debug-request, current mode: Thread 
xPSR: 0x61000000 pc: 0x000008bc msp: 0x2000ece0
PACK_DONE 0x444f4e45
PACK_PROFILE_0 0x1740 0x6 0x35244444 0x0 0xab71 0x28289d 0x0 0x120 0x0 0x0 0x0 0x9fa2 0x21ce04 0x0 0x0 0x0 0x0 0x0 0x1365b8d 0x105b380 0x59b9 0x5688 0x0 0x0 0x0 0x0 0x0 0x3e0 0x0 0x0 0x800 0x800 0x0 0x800 0x800 0x10 0x0 0x0 0x0 0x2
PACK_PROFILE_1 0x331e 0x12 0x3f77ce0d 0x0 0x13204 0x3a6509 0x0 0x120 0x0 0x0 0x0 0x11209 0x2977f5 0x0 0x0 0x0 0x0 0x0 0x1bb022e 0x1368725 0x9a3c 0xa60e 0x30 0x0 0x0 0x0 0x0 0x3e0 0x0 0x0 0x800 0x63d 0x0 0x800 0x27 0x10 0x31 0x0 0x0 0x2
PACK_PROFILE_2 0x287a 0x12 0x3f83a6a7 0x0 0x14f7e 0x422c74 0x0 0x120 0x0 0x0 0x0 0x16f73 0x47ef06 0x0 0x0 0x0 0x0 0x0 0x1f99ff6 0x226bf1f 0xc14a 0xdd43 0x3c1 0x0 0x0 0x0 0x0 0x3e0 0x0 0x0 0x800 0x7ef 0x0 0x7f3 0x233 0x10 0x3e1 0x0 0x0 0x2
PACK_STACK_GUARD_OK
[stm32h7r3.cpu0] halted due to debug-request, current mode: Thread 
xPSR: 0x81000000 pc: 0x900004c0 msp: 0x200005d0
POST_RESET_PC pc (/32): 0x900004c0

POST_RESET_XPSR xPSR (/32): 0x81000000

POST_RESET_FAULTS 0x0 0x0
[stm32h7r3.cpu0] halted due to debug-request, current mode: Thread 
xPSR: 0x81000000 pc: 0x900004c0 msp: 0x200005d0
POST_RESUME_PC pc (/32): 0x900004c0

PACK_RESET_VERIFIED
shutdown command invoked
