Open On-Chip Debugger 0.12.0
Licensed under GNU GPL v2
For bug reports, read
	http://openocd.org/doc/doxygen/bugs.html
run_packed_probe
Info : STLINK V2J43M28 (API v2) VID:PID 0483:3752
Info : Target voltage: 3.268526
Info : Unable to match requested speed 1000 kHz, using 950 kHz
Info : Unable to match requested speed 1000 kHz, using 950 kHz
Info : clock speed 950 kHz
Info : stlink_dap_op_connect(connect)
Info : SWD DPIDR 0x6ba02477
Info : [stm32h7r3.cpu0] Cortex-M7 r1p2 processor detected
Info : [stm32h7r3.cpu0] target has 8 breakpoints, 4 watchpoints
Info : starting gdb server for stm32h7r3.cpu0 on 3333
Info : Listening on port 3333 for gdb connections
[stm32h7r3.cpu0] halted due to debug-request, current mode: Thread 
xPSR: 0x81000000 pc: 0x900004bc msp: 0x200005d0
[stm32h7r3.cpu0] halted due to debug-request, current mode: Thread 
xPSR: 0x61000000 pc: 0x0000085c msp: 0x2000ecd8
PACK_DONE 0x444f4e45
PACK_PROFILE_0 0x6ad 0x12 0x37cd999a 0x0 0xdae4 0x1476f6 0x0 0x12c 0x0 0x0 0x0 0xd894 0x149f83 0xb 0x71 0x0 0x0 0x0 0x8b2854 0x8b5b1f 0x6f1e 0x6dff 0x0 0x0 0x0 0x0 0x0 0x3e0 0x0 0x0 0x400 0x3f3 0x400 0x21f 0x400 0x9 0x0 0x0 0x1ee 0x1
PACK_PROFILE_1 0x418 0xf 0x38b07777 0x0 0x9e13 0x139c7e 0x0 0x12c 0x0 0x0 0x0 0x9c6b 0x13823d 0x2 0x1c 0x0 0x0 0x0 0x89a331 0x8949c4 0x60d4 0x5fc6 0x0 0x0 0x0 0x0 0x0 0x3e0 0x0 0x0 0x400 0x3fe 0x400 0x3a2 0x400 0x9 0x0 0x0 0x60 0x1
PACK_PROFILE_2 0x189f 0x12 0x3864bbbc 0x0 0x9a5a 0x1bfd41 0x0 0x12c 0x0 0x0 0x0 0xc811 0x1ec111 0x252 0x1487 0x0 0x0 0x0 0xbf15a8 0xd2f656 0x5f39 0x79d4 0x0 0x0 0x0 0x0 0x0 0x3e0 0x0 0x0 0x400 0x400 0x400 0x14d 0x400 0x9 0x0 0x0 0x2b3 0x1
PACK_STACK_GUARD_OK
shutdown command invoked
