Open On-Chip Debugger 0.12.0
Licensed under GNU GPL v2
For bug reports, read
	http://openocd.org/doc/doxygen/bugs.html
run_packed_probe
Info : STLINK V2J43M28 (API v2) VID:PID 0483:3752
Info : Target voltage: 3.268526
Info : Unable to match requested speed 1000 kHz, using 950 kHz
Info : Unable to match requested speed 1000 kHz, using 950 kHz
Info : clock speed 950 kHz
Info : stlink_dap_op_connect(connect)
Info : SWD DPIDR 0x6ba02477
Info : [stm32h7r3.cpu0] Cortex-M7 r1p2 processor detected
Info : [stm32h7r3.cpu0] target has 8 breakpoints, 4 watchpoints
Info : starting gdb server for stm32h7r3.cpu0 on 3333
Info : Listening on port 3333 for gdb connections
[stm32h7r3.cpu0] halted due to debug-request, current mode: Thread 
xPSR: 0x81000000 pc: 0x900004bc msp: 0x200005d0
[stm32h7r3.cpu0] halted due to debug-request, current mode: Thread 
xPSR: 0x61000000 pc: 0x000008e0 msp: 0x2000ec98
PACK_DONE 0x444f4e45
PACK_PROFILE_0 0xce8 0x6 0x370d5555 0x0 0x650b 0x170934 0x0 0x15c 0x0 0x0 0x0 0xd9cc 0x149cc4 0x1d0d 0x198a 0xce8 0x0 0x0 0x9dc524 0x8b4174 0x3297 0x6dfd 0x0 0x0 0x0 0x0 0x0 0x3e0 0x0 0x0 0x400 0x0 0x0 0x0 0x0 0x11 0x0 0x0 0x0 0x1
PACK_PROFILE_1 0xcd6 0x5 0x3619999a 0x0 0x6699 0x188fd5 0x0 0x15c 0x0 0x0 0x0 0x9c77 0x137c6d 0x201a 0x1c61 0xcd6 0x0 0x0 0xabf468 0x893488 0x3406 0x5fdd 0x0 0x0 0x0 0x0 0x0 0x3e0 0x0 0x0 0x400 0x0 0x0 0x0 0x0 0x11 0x0 0x0 0x0 0x1
PACK_PROFILE_2 0xb55 0x5 0x37075555 0x0 0x657e 0x1684e2 0x0 0x15c 0x0 0x0 0x0 0xc7f1 0x1ebc7b 0x1bff 0x193c 0xbb3 0x0 0x0 0x99048e 0xd2d64c 0x3443 0x79d3 0x0 0x0 0x0 0x0 0x0 0x3e0 0x0 0x0 0x400 0x0 0x0 0x0 0x0 0x11 0x0 0x0 0x0 0x1
PACK_STACK_GUARD_OK
[stm32h7r3.cpu0] halted due to debug-request, current mode: Thread 
xPSR: 0x81000000 pc: 0x900004bc msp: 0x200005d0
POST_RESET_PC pc (/32): 0x900004bc

POST_RESET_XPSR xPSR (/32): 0x81000000

POST_RESET_FAULTS 0x0 0x0
[stm32h7r3.cpu0] halted due to debug-request, current mode: Thread 
xPSR: 0x81000000 pc: 0x900006a8 msp: 0x200005d0
POST_RESUME_PC pc (/32): 0x900006a8

PACK_RESET_VERIFIED
shutdown command invoked
