Open On-Chip Debugger 0.12.0
Licensed under GNU GPL v2
For bug reports, read
	http://openocd.org/doc/doxygen/bugs.html
run_packed_probe
Info : STLINK V2J43M28 (API v2) VID:PID 0483:3752
Info : Target voltage: 3.262028
Info : Unable to match requested speed 1000 kHz, using 950 kHz
Info : Unable to match requested speed 1000 kHz, using 950 kHz
Info : clock speed 950 kHz
Info : stlink_dap_op_connect(connect)
Info : SWD DPIDR 0x6ba02477
Info : [stm32h7r3.cpu0] Cortex-M7 r1p2 processor detected
Info : [stm32h7r3.cpu0] target has 8 breakpoints, 4 watchpoints
Info : starting gdb server for stm32h7r3.cpu0 on 3333
Info : Listening on port 3333 for gdb connections
[stm32h7r3.cpu0] halted due to debug-request, current mode: Thread 
xPSR: 0x21000000 pc: 0x900004c2 msp: 0x200005d0
[stm32h7r3.cpu0] halted due to debug-request, current mode: Thread 
xPSR: 0x61000000 pc: 0x00000890 msp: 0x2000ecf8
PACK_DONE 0x444f4e45
PACK_PROFILE_0 0x7a8 0x4 0x358bbbbc 0x0 0x4ca7 0xdf182 0x0 0x120 0x0 0x0 0x0 0x8e4d 0x1aa43b 0x0 0x0 0x0 0x0 0x0 0x6a9c56 0xcd992e 0x2f9b 0x5946 0x0 0x0 0x0 0x0 0x0 0x3e0 0x0 0x0 0x400 0x400 0x400 0x0 0x400 0x6 0x0 0x0 0x400 0x0
PACK_PROFILE_1 0xa34 0xc 0x37311111 0x0 0x97c5 0x11960e 0x0 0x120 0x0 0x0 0x0 0x1a89d 0x1dc478 0x0 0x0 0x0 0x0 0x0 0x829dd5 0xdda782 0x54ba 0xdc73 0x0 0x0 0x0 0x0 0x0 0x3e0 0x0 0x0 0x400 0x310 0x400 0x4ca 0x400 0x6 0x0 0x0 0x26 0x0
PACK_PROFILE_2 0x21f6 0x19 0x371eaaab 0x1 0xd669 0x2145f4 0x0 0x120 0x957b 0x1 0x957b 0x27624 0x50169e 0x0 0x0 0x0 0x0 0x0 0xfc06f9 0x2621ad9 0x957b 0x1c63e 0x0 0x0 0x0 0x0 0x0 0x3e0 0x0 0x7 0x400 0x3ff 0x400 0x275 0x400 0x6 0x0 0x0 0x18c 0x0
shutdown command invoked
