Open On-Chip Debugger 0.12.0
Licensed under GNU GPL v2
For bug reports, read
	http://openocd.org/doc/doxygen/bugs.html
run_packed_probe
Info : STLINK V2J43M28 (API v2) VID:PID 0483:3752
Info : Target voltage: 3.263618
Info : Unable to match requested speed 1000 kHz, using 950 kHz
Info : Unable to match requested speed 1000 kHz, using 950 kHz
Info : clock speed 950 kHz
Info : stlink_dap_op_connect(connect)
Info : SWD DPIDR 0x6ba02477
Info : [stm32h7r3.cpu0] Cortex-M7 r1p2 processor detected
Info : [stm32h7r3.cpu0] target has 8 breakpoints, 4 watchpoints
Info : starting gdb server for stm32h7r3.cpu0 on 3333
Info : Listening on port 3333 for gdb connections
[stm32h7r3.cpu0] halted due to debug-request, current mode: Thread 
xPSR: 0x81000000 pc: 0x900004bc msp: 0x200005d0
[stm32h7r3.cpu0] halted due to debug-request, current mode: Thread 
xPSR: 0x61000000 pc: 0x00000894 msp: 0x2000ecf8
PACK_DONE 0x444f4e45
PACK_PROFILE_0 0xb78 0x5 0x35a11111 0x0 0x6305 0xf7bf9 0x0 0x120 0x0 0x0 0x0 0x8e91 0x1ab4fb 0x0 0x0 0x0 0x0 0x0 0x76d144 0xce1497 0x41f8 0x596b 0x0 0x0 0x0 0x0 0x0 0x3e0 0x0 0x0 0x400 0x400 0x400 0x0 0x400 0x3 0x0 0x0 0x0 0x0
PACK_PROFILE_1 0xa69 0xc 0x37455555 0x0 0x9fee 0x11d583 0x0 0x120 0x0 0x0 0x0 0x1a8d3 0x1dd530 0x0 0x0 0x0 0x0 0x0 0x7e725f 0xde20f3 0x5aeb 0xdc94 0x0 0x0 0x0 0x0 0x0 0x3e0 0x0 0x0 0x400 0x310 0x400 0xf0 0x400 0x3 0x0 0x0 0x0 0x0
PACK_PROFILE_2 0x2652 0x1c 0x37033333 0x3 0xe57f 0x257180 0x0 0x120 0x1d7f0 0x3 0xa5a4 0x27672 0x503eb4 0x0 0x0 0x0 0x0 0x0 0x11c1680 0x263004b 0xa5a4 0x1c536 0x0 0x0 0x0 0x0 0x0 0x3e0 0x0 0x7 0x400 0x3ff 0x400 0x1 0x400 0x3 0x0 0x0 0x0 0x0
shutdown command invoked
