Open On-Chip Debugger 0.12.0
Licensed under GNU GPL v2
For bug reports, read
	http://openocd.org/doc/doxygen/bugs.html
run_packed_probe
Info : STLINK V2J43M28 (API v2) VID:PID 0483:3752
Info : Target voltage: 3.262028
Info : Unable to match requested speed 1000 kHz, using 950 kHz
Info : Unable to match requested speed 1000 kHz, using 950 kHz
Info : clock speed 950 kHz
Info : stlink_dap_op_connect(connect)
Info : SWD DPIDR 0x6ba02477
Info : [stm32h7r3.cpu0] Cortex-M7 r1p2 processor detected
Info : [stm32h7r3.cpu0] target has 8 breakpoints, 4 watchpoints
Info : starting gdb server for stm32h7r3.cpu0 on 3333
Info : Listening on port 3333 for gdb connections
[stm32h7r3.cpu0] halted due to debug-request, current mode: Thread 
xPSR: 0x81000000 pc: 0x900004bc msp: 0x200005d0
[stm32h7r3.cpu0] halted due to debug-request, current mode: Thread 
xPSR: 0x61000000 pc: 0x00000894 msp: 0x2000ecf8
PACK_DONE 0x444f4e45
PACK_PROFILE_0 0x798 0x4 0x35a11111 0x0 0x5cb1 0xe6a91 0x0 0x120 0x0 0x0 0x0 0x8e07 0x1a93ce 0x0 0x0 0x0 0x0 0x0 0x6e844d 0xcd0ebb 0x3e15 0x5932 0x0 0x0 0x0 0x0 0x0 0x3e0 0x0 0x0 0x400 0x400 0x400 0x0 0x400 0x5 0x0 0x0 0x400 0x0
PACK_PROFILE_1 0xa39 0xc 0x37455555 0x0 0xa27c 0x126b5f 0x0 0x120 0x0 0x0 0x0 0x1a87c 0x1db969 0x0 0x0 0x0 0x0 0x0 0x8868dd 0xdd7c99 0x5b86 0xdc66 0x0 0x0 0x0 0x0 0x0 0x3e0 0x0 0x0 0x400 0x310 0x400 0x4ca 0x400 0x5 0x0 0x0 0x26 0x0
PACK_PROFILE_2 0x21f2 0x19 0x370a0000 0x3 0xdc24 0x23d11b 0x0 0x120 0x1b745 0x3 0x97f1 0x275d9 0x500e2c 0x0 0x0 0x0 0x0 0x0 0x10d73cf 0x261b1b2 0x97f1 0x1c4bf 0x0 0x0 0x0 0x0 0x0 0x3e0 0x0 0x7 0x400 0x3ff 0x400 0x275 0x400 0x5 0x0 0x0 0x18c 0x0
shutdown command invoked
