Open On-Chip Debugger 0.12.0
Licensed under GNU GPL v2
For bug reports, read
	http://openocd.org/doc/doxygen/bugs.html
run_ram_probe
Info : STLINK V2J43M28 (API v2) VID:PID 0483:3752
Info : Target voltage: 3.266357
Info : Unable to match requested speed 1000 kHz, using 950 kHz
Info : Unable to match requested speed 1000 kHz, using 950 kHz
Info : clock speed 950 kHz
Info : stlink_dap_op_connect(connect)
Info : SWD DPIDR 0x6ba02477
Info : [stm32h7r3.cpu0] Cortex-M7 r1p2 processor detected
Info : [stm32h7r3.cpu0] target has 8 breakpoints, 4 watchpoints
Info : starting gdb server for stm32h7r3.cpu0 on 3333
Info : Listening on port 3333 for gdb connections
[stm32h7r3.cpu0] halted due to debug-request, current mode: Thread 
xPSR: 0x81000000 pc: 0x900004bc msp: 0x200005d0
[stm32h7r3.cpu0] halted due to debug-request, current mode: Thread 
xPSR: 0x61000000 pc: 0x00006d5a msp: 0x2000e268
RAM_PROBE 0x0 0x0 0x0 0x0 0x0 0x0 0x53544550 0x0 0x0 0x444f4e45
STEP_PROFILE_0 0x16c2 0x8 0x35134400 0x0 0x78b5 0x1a11d5 0x0 0x108 0x0 0x0 0x0 0x0 0x0 0x0 0x0 0x0 0x0 0x0 0xc861be 0xc893c1 0x3e61 0x357e 0x0 0x0 0x0 0x0 0x0 0x3e0 0x0 0x0
STEP_PROFILE_1 0xfb3 0x12 0x37c15555 0x0 0x1221e 0x1b0d09 0x0 0x108 0x0 0x0 0x0 0x0 0x0 0x0 0x0 0x0 0x0 0x0 0xbf5f6a 0x1b2e736 0x950b 0x913f 0x0 0x0 0x0 0x0 0x0 0x3e0 0x2b7 0x0
STEP_PROFILE_2 0x253b 0x12 0x365e6666 0x0 0x10b60 0x274c70 0x0 0x108 0x0 0x0 0x0 0x0 0x0 0x0 0x0 0x0 0x0 0x0 0x1219239 0x220578c 0x9fe6 0x8db7 0x0 0x0 0x0 0x0 0x0 0x3e0 0x3e0 0x0
shutdown command invoked
