Open On-Chip Debugger 0.12.0
Licensed under GNU GPL v2
For bug reports, read
	http://openocd.org/doc/doxygen/bugs.html
run_condensed_probe
Info : STLINK V2J43M28 (API v2) VID:PID 0483:3752
Info : Target voltage: 3.261579
Info : Unable to match requested speed 1000 kHz, using 950 kHz
Info : Unable to match requested speed 1000 kHz, using 950 kHz
Info : clock speed 950 kHz
Info : stlink_dap_op_connect(connect)
Info : SWD DPIDR 0x6ba02477
Info : [stm32h7r3.cpu0] Cortex-M7 r1p2 processor detected
Info : [stm32h7r3.cpu0] target has 8 breakpoints, 4 watchpoints
Info : starting gdb server for stm32h7r3.cpu0 on 3333
Info : Listening on port 3333 for gdb connections
[stm32h7r3.cpu0] halted due to debug-request, current mode: Thread 
xPSR: 0x81000000 pc: 0x900004bc msp: 0x200005d0
[stm32h7r3.cpu0] halted due to debug-request, current mode: Thread 
xPSR: 0x61000000 pc: 0x00007348 msp: 0x2000e220
RAM_PROBE 0x0 0x0 0x0 0x0 0x0 0x0 0x53544550 0x0 0x0 0x444f4e45
STEP_PROFILE_0 0x1711 0x8 0x35222222 0x0 0x0 0x0 0x0 0x0 0x0 0x0 0x0 0x0 0x0 0x0 0x0 0x0 0x0 0x0 0xc8edc6 0xc8b0c4 0x5819 0x3583 0x0 0x0 0x0 0x0 0x0 0x3e0 0x0 0x0
STEP_PROFILE_1 0x1616 0x17 0x3744cccd 0x0 0x0 0x0 0x0 0x0 0x0 0x0 0x0 0x0 0x0 0x0 0x0 0x0 0x0 0x0 0xd94acc 0x1b30f41 0xdb53 0x9159 0x0 0x0 0x0 0x0 0x0 0x3e0 0x2b7 0x0
STEP_PROFILE_2 0x41bb 0x26 0x377a0000 0x7 0x0 0x0 0x0 0x0 0x0 0x0 0x0 0x0 0x0 0x0 0x0 0x0 0x0 0x0 0x25ced06 0x2207ece 0x1c36c 0x8df6 0x0 0x0 0x0 0x0 0x0 0x3e0 0x3e0 0x0
shutdown command invoked
