Open On-Chip Debugger 0.12.0
Licensed under GNU GPL v2
For bug reports, read
	http://openocd.org/doc/doxygen/bugs.html
run_ram_probe
Info : STLINK V2J43M28 (API v2) VID:PID 0483:3752
Info : Target voltage: 3.259987
Info : Unable to match requested speed 1000 kHz, using 950 kHz
Info : Unable to match requested speed 1000 kHz, using 950 kHz
Info : clock speed 950 kHz
Info : stlink_dap_op_connect(connect)
Info : SWD DPIDR 0x6ba02477
Info : [stm32h7r3.cpu0] Cortex-M7 r1p2 processor detected
Info : [stm32h7r3.cpu0] target has 8 breakpoints, 4 watchpoints
Info : starting gdb server for stm32h7r3.cpu0 on 3333
Info : Listening on port 3333 for gdb connections
[stm32h7r3.cpu0] halted due to debug-request, current mode: Thread 
xPSR: 0x81000000 pc: 0x900004c0 msp: 0x200005d0
[stm32h7r3.cpu0] halted due to debug-request, current mode: Thread 
xPSR: 0x61000000 pc: 0x000077ac msp: 0x2000e1f8
RAM_PROBE 0x0 0x0 0x0 0x0 0x0 0x0 0x53544550 0x0 0x0 0x444f4e45
STEP_PROFILE_0 0x18c1 0xb 0x3519999a 0x0 0x0 0x0 0x0 0x0 0x0 0x0 0x0 0x0 0x0 0x0 0x0 0x0 0x0 0x0 0x199ba7e 0xc9b3bf 0xf394 0x3550 0x0 0x0 0x0 0x0 0x0 0x3e0 0x0 0x0
STEP_PROFILE_1 0x18ee 0x18 0x37355555 0x0 0x0 0x0 0x0 0x0 0x0 0x0 0x0 0x0 0x0 0x0 0x0 0x0 0x0 0x0 0x1da4004 0x1b3c316 0x24d57 0x91bd 0x0 0x0 0x0 0x0 0x0 0x3e0 0x2b7 0x0
STEP_PROFILE_2 0x451b 0x22 0x3f785f47 0x0 0x0 0x0 0x0 0x0 0x0 0x0 0x0 0x0 0x0 0x0 0x0 0x0 0x0 0x0 0x5797f56 0x2213e63 0x3a0e6 0x8e16 0xc 0x0 0x0 0x0 0x0 0x3e0 0x3e0 0x0
shutdown command invoked
