Open On-Chip Debugger 0.12.0
Licensed under GNU GPL v2
For bug reports, read
	http://openocd.org/doc/doxygen/bugs.html
run_condensed_probe
Info : STLINK V2J43M28 (API v2) VID:PID 0483:3752
Info : Target voltage: 3.264764
Info : Unable to match requested speed 1000 kHz, using 950 kHz
Info : Unable to match requested speed 1000 kHz, using 950 kHz
Info : clock speed 950 kHz
Info : stlink_dap_op_connect(connect)
Info : SWD DPIDR 0x6ba02477
Info : [stm32h7r3.cpu0] Cortex-M7 r1p2 processor detected
Info : [stm32h7r3.cpu0] target has 8 breakpoints, 4 watchpoints
Info : starting gdb server for stm32h7r3.cpu0 on 3333
Info : Listening on port 3333 for gdb connections
[stm32h7r3.cpu0] halted due to debug-request, current mode: Thread 
xPSR: 0x81000000 pc: 0x900004bc msp: 0x200005d0
[stm32h7r3.cpu0] halted due to debug-request, current mode: Thread 
xPSR: 0x61000000 pc: 0x0000769c msp: 0x2000e1f0
RAM_PROBE 0x0 0x0 0x0 0x0 0x0 0x0 0x53544550 0x0 0x0 0x444f4e45
STEP_PROFILE_0 0x1711 0x8 0x35222222 0x0 0x8c3a 0x1a1fdb 0x0 0x108 0x0 0x0 0x0 0x0 0x0 0x0 0x0 0x0 0x0 0x0 0xc991ab 0xc92c89 0x5844 0x35a0 0x0 0x0 0x0 0x0 0x0 0x3e0 0x0 0x0
STEP_PROFILE_1 0x1616 0x17 0x3744cccd 0x0 0x1a6a3 0x1d4258 0x0 0x108 0x0 0x0 0x0 0x0 0x0 0x0 0x0 0x0 0x0 0x0 0xd9f4ee 0x1b372f4 0xdb7a 0x9182 0x0 0x0 0x0 0x0 0x0 0x3e0 0x2b7 0x0
STEP_PROFILE_2 0x41bb 0x26 0x377a0000 0x7 0x274f1 0x4f8bdd 0x0 0x108 0x7bce5 0x5 0x1c3a1 0x0 0x0 0x0 0x0 0x0 0x0 0x0 0x25d9ca5 0x220d29b 0x1c3a1 0x8dd0 0x0 0x0 0x0 0x0 0x0 0x3e0 0x3e0 0x0
shutdown command invoked
