Open On-Chip Debugger 0.12.0
Licensed under GNU GPL v2
For bug reports, read
	http://openocd.org/doc/doxygen/bugs.html
run_ram_probe
Info : STLINK V2J43M28 (API v2) VID:PID 0483:3752
Info : Target voltage: 3.259987
Info : Unable to match requested speed 1000 kHz, using 950 kHz
Info : Unable to match requested speed 1000 kHz, using 950 kHz
Info : clock speed 950 kHz
Info : stlink_dap_op_connect(connect)
Info : SWD DPIDR 0x6ba02477
Info : [stm32h7r3.cpu0] Cortex-M7 r1p2 processor detected
Info : [stm32h7r3.cpu0] target has 8 breakpoints, 4 watchpoints
Info : starting gdb server for stm32h7r3.cpu0 on 3333
Info : Listening on port 3333 for gdb connections
[stm32h7r3.cpu0] halted due to debug-request, current mode: Thread 
xPSR: 0x81000000 pc: 0x900004c0 msp: 0x200005d0
[stm32h7r3.cpu0] halted due to debug-request, current mode: Thread 
xPSR: 0x61000000 pc: 0x00002e5c msp: 0x2000e2d8
RAM_PROBE 0x0 0x0 0x0 0x0 0x0 0x0 0x53544550 0x0 0x0 0x444f4e45
STEP_PROFILE_0 0x1f8f3b 0x4022f8 0x28f2a6 0x24f416 0x50b80 0x3d4f30 0x1adbe7 0x88a38 0x0 0x3e0 0xb40 0x760 0x380 0x380 0x3e0 0x3e0 0x3e0 0x0 0x11a7578 0x11760e6 0x4d2d 0x4c51 0x0 0x60 0x380 0x0 0x0 0x3e0 0x0 0x0
STEP_PROFILE_1 0x1f7d9d 0xb830c8 0x94eae4 0x2a1613 0x1ffc82 0x3d405d 0x1acbce 0x5585c 0x1a09faf 0x3e0 0x1ec1 0x1ab2 0x40f 0x16d2 0x3e0 0x3e0 0x3e0 0x2bc 0x3bae931 0x3b62ac0 0x140bd 0x13f47 0x2b7 0x2ac 0x104 0x30 0x0 0x3e0 0x2b7 0x0
STEP_PROFILE_2 0x1f9f08 0x16c4d45 0x11510cc 0x50038b 0x414127 0x3d79ad 0x1b3660 0x402e0 0x24e9e52 0x3e0 0x3a20 0x3260 0x7c0 0x2e80 0x3e0 0x3e0 0x3e0 0x3e0 0x5f01f7f 0x5e72ca6 0x18a01 0x187d3 0x3e0 0x3e0 0x0 0x0 0x0 0x3e0 0x3e0 0x0
shutdown command invoked
