Open On-Chip Debugger 0.12.0
Licensed under GNU GPL v2
For bug reports, read
	http://openocd.org/doc/doxygen/bugs.html
run_packed_probe
Info : STLINK V2J43M28 (API v2) VID:PID 0483:3752
Info : Target voltage: 3.266932
Info : Unable to match requested speed 1000 kHz, using 950 kHz
Info : Unable to match requested speed 1000 kHz, using 950 kHz
Info : clock speed 950 kHz
Info : stlink_dap_op_connect(connect)
Info : SWD DPIDR 0x6ba02477
Info : [stm32h7r3.cpu0] Cortex-M7 r1p2 processor detected
Info : [stm32h7r3.cpu0] target has 8 breakpoints, 4 watchpoints
Info : starting gdb server for stm32h7r3.cpu0 on 3333
Info : Listening on port 3333 for gdb connections
[stm32h7r3.cpu0] halted due to debug-request, current mode: Thread 
xPSR: 0x81000000 pc: 0x900004bc msp: 0x200005d0
[stm32h7r3.cpu0] halted due to debug-request, current mode: Thread 
xPSR: 0x61000000 pc: 0x0000085c msp: 0x2000ecd8
PACK_DONE 0x444f4e45
PACK_PROFILE_0 0x6b2 0x12 0x3808bbbc 0x0 0xe138 0x14810c 0x0 0x12c 0x0 0x0 0x0 0xd892 0x149bed 0xb 0x72 0x0 0x0 0x0 0x8b721e 0x8af682 0x725f 0x6dfa 0x0 0x0 0x0 0x0 0x0 0x3e0 0x0 0x0 0x400 0x3f3 0x400 0x21f 0x400 0xb 0x0 0x0 0x1ee 0x1
PACK_PROFILE_1 0x41b 0x10 0x37bb3333 0x0 0xa196 0x13b0ff 0x0 0x12c 0x0 0x0 0x0 0x9c5e 0x137c9e 0x2 0x1d 0x0 0x0 0x0 0x89d401 0x88fb88 0x6382 0x5fd6 0x0 0x0 0x0 0x0 0x0 0x3e0 0x0 0x0 0x400 0x3fe 0x400 0x3a2 0x400 0xb 0x0 0x0 0x60 0x1
PACK_PROFILE_2 0x18ae 0x13 0x3827bbbc 0x0 0x9f74 0x1c144c 0x0 0x12c 0x0 0x0 0x0 0xc7bd 0x1eada1 0x252 0x1492 0x0 0x0 0x0 0xbfa43e 0xd28bd1 0x61e3 0x79b1 0x0 0x0 0x0 0x0 0x0 0x3e0 0x0 0x0 0x400 0x400 0x400 0x14d 0x400 0xb 0x0 0x0 0x2b3 0x1
PACK_STACK_GUARD_OK
[stm32h7r3.cpu0] halted due to debug-request, current mode: Thread 
xPSR: 0x81000000 pc: 0x900006a8 msp: 0x200005d0
POST_RESET_PC pc (/32): 0x900006a8

POST_RESET_XPSR xPSR (/32): 0x81000000

POST_RESET_FAULTS 0x0 0x0
[stm32h7r3.cpu0] halted due to debug-request, current mode: Thread 
xPSR: 0x81000000 pc: 0x900006a8 msp: 0x200005d0
POST_RESUME_PC pc (/32): 0x900006a8

PACK_RESET_VERIFIED
shutdown command invoked
