Open On-Chip Debugger 0.12.0
Licensed under GNU GPL v2
For bug reports, read
	http://openocd.org/doc/doxygen/bugs.html
run_packed_probe
Info : STLINK V2J43M28 (API v2) VID:PID 0483:3752
Info : Target voltage: 3.268526
Info : Unable to match requested speed 1000 kHz, using 950 kHz
Info : Unable to match requested speed 1000 kHz, using 950 kHz
Info : clock speed 950 kHz
Info : stlink_dap_op_connect(connect)
Info : SWD DPIDR 0x6ba02477
Info : [stm32h7r3.cpu0] Cortex-M7 r1p2 processor detected
Info : [stm32h7r3.cpu0] target has 8 breakpoints, 4 watchpoints
Info : starting gdb server for stm32h7r3.cpu0 on 3333
Info : Listening on port 3333 for gdb connections
[stm32h7r3.cpu0] halted due to debug-request, current mode: Thread 
xPSR: 0x81000000 pc: 0x900004c0 msp: 0x200005d0
[stm32h7r3.cpu0] halted due to debug-request, current mode: Thread 
xPSR: 0x61000000 pc: 0x0000085c msp: 0x2000ecd8
PACK_DONE 0x444f4e45
PACK_PROFILE_0 0x559 0x12 0x38422222 0x0 0xa150 0x1137f0 0x0 0x12c 0x0 0x0 0x0 0xd865 0x149417 0xc 0x7c 0x0 0x0 0x0 0x795d8f 0x8ad75e 0x5cbe 0x6de2 0x0 0x0 0x0 0x0 0x0 0x3e0 0x0 0x0 0x400 0x3fc 0x400 0x2b 0x400 0xc 0x0 0x0 0x3d9 0x1
PACK_PROFILE_1 0x40f 0x10 0x37ba6666 0x0 0x89a1 0x10e702 0x0 0x12c 0x0 0x0 0x0 0x9c42 0x1374f7 0x2 0x1d 0x0 0x0 0x0 0x76405e 0x88cd2a 0x5931 0x5fbe 0x0 0x0 0x0 0x0 0x0 0x3e0 0x0 0x0 0x400 0x3ff 0x400 0xa 0x400 0xc 0x0 0x0 0x3f7 0x1
PACK_PROFILE_2 0x1765 0x12 0x380e6666 0x0 0x8791 0x1824cc 0x0 0x12c 0x0 0x0 0x0 0xc8f0 0x1eb07b 0x25b 0x14fe 0x0 0x0 0x0 0xa9a416 0xd267fa 0x488e 0x79a6 0x0 0x0 0x0 0x0 0x0 0x3e0 0x0 0x0 0x400 0x400 0x400 0x18 0x400 0xc 0x0 0x0 0x3e8 0x1
PACK_STACK_GUARD_OK
[stm32h7r3.cpu0] halted due to debug-request, current mode: Thread 
xPSR: 0x81000000 pc: 0x900006a8 msp: 0x200005d0
POST_RESET_PC pc (/32): 0x900006a8

POST_RESET_XPSR xPSR (/32): 0x81000000

POST_RESET_FAULTS 0x0 0x0
[stm32h7r3.cpu0] halted due to debug-request, current mode: Thread 
xPSR: 0x81000000 pc: 0x900004c0 msp: 0x200005d0
POST_RESUME_PC pc (/32): 0x900004c0

PACK_RESET_VERIFIED
shutdown command invoked
