Open On-Chip Debugger 0.12.0
Licensed under GNU GPL v2
For bug reports, read
	http://openocd.org/doc/doxygen/bugs.html
run_packed_probe
Info : STLINK V2J43M28 (API v2) VID:PID 0483:3752
Info : Target voltage: 3.268526
Info : Unable to match requested speed 1000 kHz, using 950 kHz
Info : Unable to match requested speed 1000 kHz, using 950 kHz
Info : clock speed 950 kHz
Info : stlink_dap_op_connect(connect)
Info : SWD DPIDR 0x6ba02477
Info : [stm32h7r3.cpu0] Cortex-M7 r1p2 processor detected
Info : [stm32h7r3.cpu0] target has 8 breakpoints, 4 watchpoints
Info : starting gdb server for stm32h7r3.cpu0 on 3333
Info : Listening on port 3333 for gdb connections
[stm32h7r3.cpu0] halted due to debug-request, current mode: Thread 
xPSR: 0x81000000 pc: 0x900006a8 msp: 0x200005d0
[stm32h7r3.cpu0] halted due to debug-request, current mode: Thread 
xPSR: 0x61000000 pc: 0x00000858 msp: 0x2000ecd8
PACK_DONE 0x444f4e45
PACK_PROFILE_0 0x6b2 0x12 0x382eeeef 0x0 0xdce0 0x13d1b3 0x0 0x12c 0x0 0x0 0x0 0xd86a 0x149f77 0xb 0x72 0x0 0x0 0x0 0x8855eb 0x8b0e6d 0x7055 0x6de3 0x0 0x0 0x0 0x0 0x0 0x3e0 0x0 0x0 0x400 0x3f3 0x400 0x220 0x400 0xd 0x0 0x0 0x1ed 0x1
PACK_PROFILE_1 0x41b 0x10 0x37bb3333 0x0 0x9e60 0x13413a 0x0 0x12c 0x0 0x0 0x0 0x9c62 0x137c3b 0x2 0x1d 0x0 0x0 0x0 0x866da7 0x890b75 0x63b2 0x5fe7 0x0 0x0 0x0 0x0 0x0 0x3e0 0x0 0x0 0x400 0x3fe 0x400 0x3a2 0x400 0xd 0x0 0x0 0x60 0x1
PACK_PROFILE_2 0x18b4 0x13 0x38220000 0x0 0x9928 0x1b78ad 0x0 0x12c 0x0 0x0 0x0 0xc7c5 0x1eb2ab 0x252 0x148f 0x0 0x0 0x0 0xbd6614 0xd2a145 0x60c8 0x79c3 0x0 0x0 0x0 0x0 0x0 0x3e0 0x0 0x0 0x400 0x400 0x400 0x14d 0x400 0xd 0x0 0x0 0x2b3 0x1
PACK_STACK_GUARD_OK
[stm32h7r3.cpu0] halted due to debug-request, current mode: Thread 
xPSR: 0x81000000 pc: 0x900004bc msp: 0x200005d0
POST_RESET_PC pc (/32): 0x900004bc

POST_RESET_XPSR xPSR (/32): 0x81000000

POST_RESET_FAULTS 0x0 0x0
[stm32h7r3.cpu0] halted due to debug-request, current mode: Thread 
xPSR: 0x81000000 pc: 0x900006a8 msp: 0x200005d0
POST_RESUME_PC pc (/32): 0x900006a8

PACK_RESET_VERIFIED
shutdown command invoked
