Open On-Chip Debugger 0.12.0
Licensed under GNU GPL v2
For bug reports, read
	http://openocd.org/doc/doxygen/bugs.html
run_packed_probe
Info : STLINK V2J43M28 (API v2) VID:PID 0483:3752
Info : Target voltage: 3.268526
Info : Unable to match requested speed 1000 kHz, using 950 kHz
Info : Unable to match requested speed 1000 kHz, using 950 kHz
Info : clock speed 950 kHz
Info : stlink_dap_op_connect(connect)
Info : SWD DPIDR 0x6ba02477
Info : [stm32h7r3.cpu0] Cortex-M7 r1p2 processor detected
Info : [stm32h7r3.cpu0] target has 8 breakpoints, 4 watchpoints
Info : starting gdb server for stm32h7r3.cpu0 on 3333
Info : Listening on port 3333 for gdb connections
[stm32h7r3.cpu0] halted due to debug-request, current mode: Thread 
xPSR: 0x81000000 pc: 0x900004bc msp: 0x200005d0
[stm32h7r3.cpu0] halted due to debug-request, current mode: Thread 
xPSR: 0x61000000 pc: 0x00000880 msp: 0x2000ece0
PACK_DONE 0x444f4e45
PACK_PROFILE_0 0x787 0x3 0x35222222 0x0 0x55af 0x10e035 0x0 0x120 0x0 0x0 0x0 0x577d 0x10e2d6 0x0 0x0 0x0 0x0 0x0 0x8270ca 0x8272d3 0x331a 0x3483 0x0 0x0 0x0 0x0 0x0 0x3e0 0x0 0x0 0x400 0x400 0x400 0x0 0x400 0x9 0x0 0x0 0x400 0x1
PACK_PROFILE_1 0xa23 0xc 0x372b3333 0x0 0xa063 0x14c30f 0x0 0x120 0x0 0x0 0x0 0xa890 0x14ee17 0x0 0x0 0x0 0x0 0x0 0x9a7356 0x9c4dde 0x575d 0x5dc4 0x0 0x0 0x0 0x0 0x0 0x3e0 0x0 0x0 0x400 0x310 0x400 0x4ca 0x400 0x9 0x0 0x0 0x26 0x1
PACK_PROFILE_2 0x2399 0x1b 0x37015555 0x2 0xd7b3 0x20828b 0x0 0x120 0x10722 0x2 0x849a 0xd03a 0x24ee5c 0x0 0x0 0x0 0x0 0x0 0xf7fd7f 0x11917ff 0x849a 0x7be7 0x0 0x0 0x0 0x0 0x0 0x3e0 0x0 0x0 0x400 0x3ff 0x400 0x275 0x400 0x9 0x0 0x0 0x18c 0x1
PACK_STACK_GUARD_OK
shutdown command invoked
